Component: ARM Compiler 5.06 update 6 (build 750) Tool: armlink [4d35ed]

==============================================================================

Section Cross References

    startup_stm32f407xx.o(RESET) refers to startup_stm32f407xx.o(STACK) for __initial_sp
    startup_stm32f407xx.o(RESET) refers to startup_stm32f407xx.o(.text) for Reset_Handler
    startup_stm32f407xx.o(RESET) refers to stm32f4xx_it.o(i.SysTick_Handler) for SysTick_Handler
    startup_stm32f407xx.o(RESET) refers to stm32f4xx_it.o(i.EXTI0_IRQHandler) for EXTI0_IRQHandler
    startup_stm32f407xx.o(RESET) refers to stm32f4xx_it.o(i.DMA1_Stream5_IRQHandler) for DMA1_Stream5_IRQHandler
    startup_stm32f407xx.o(RESET) refers to stm32f4xx_it.o(i.USART2_IRQHandler) for USART2_IRQHandler
    startup_stm32f407xx.o(RESET) refers to stm32f4xx_it.o(i.OTG_FS_IRQHandler) for OTG_FS_IRQHandler
    startup_stm32f407xx.o(.text) refers to system_stm32f4xx.o(i.SystemInit) for SystemInit
    startup_stm32f407xx.o(.text) refers to entry.o(.ARM.Collect$$$$00000000) for __main
    main.o(i.HAL_UART_RxCpltCallback) refers to printf8.o(i.__0sprintf$8) for __2sprintf
    main.o(i.HAL_UART_RxCpltCallback) refers to strlen.o(.text) for strlen
    main.o(i.HAL_UART_RxCpltCallback) refers to main.o(i.LOGD) for LOGD
    main.o(i.HAL_UART_RxCpltCallback) refers to main.o(.data) for .data
    main.o(i.LOGD) refers to stm32f4xx_hal_uart.o(i.HAL_UART_Transmit) for HAL_UART_Transmit
    main.o(i.LOGD) refers to main.o(.bss) for .bss
    main.o(i.MX_GPIO_Init) refers to stm32f4xx_hal_gpio.o(i.HAL_GPIO_WritePin) for HAL_GPIO_WritePin
    main.o(i.MX_GPIO_Init) refers to stm32f4xx_hal_gpio.o(i.HAL_GPIO_Init) for HAL_GPIO_Init
    main.o(i.MX_GPIO_Init) refers to stm32f4xx_hal_cortex.o(i.HAL_NVIC_SetPriority) for HAL_NVIC_SetPriority
    main.o(i.MX_GPIO_Init) refers to stm32f4xx_hal_cortex.o(i.HAL_NVIC_EnableIRQ) for HAL_NVIC_EnableIRQ
    main.o(i.MX_I2C1_Init) refers to stm32f4xx_hal_i2c.o(i.HAL_I2C_Init) for HAL_I2C_Init
    main.o(i.MX_I2C1_Init) refers to main.o(.bss) for .bss
    main.o(i.MX_I2S3_Init) refers to stm32f4xx_hal_i2s.o(i.HAL_I2S_Init) for HAL_I2S_Init
    main.o(i.MX_I2S3_Init) refers to main.o(.bss) for .bss
    main.o(i.MX_SPI1_Init) refers to stm32f4xx_hal_spi.o(i.HAL_SPI_Init) for HAL_SPI_Init
    main.o(i.MX_SPI1_Init) refers to main.o(.bss) for .bss
    main.o(i.MX_USART2_UART_Init) refers to stm32f4xx_hal_uart.o(i.HAL_UART_Init) for HAL_UART_Init
    main.o(i.MX_USART2_UART_Init) refers to main.o(.bss) for .bss
    main.o(i.SystemClock_Config) refers to stm32f4xx_hal_rcc.o(i.HAL_RCC_OscConfig) for HAL_RCC_OscConfig
    main.o(i.SystemClock_Config) refers to stm32f4xx_hal_rcc.o(i.HAL_RCC_ClockConfig) for HAL_RCC_ClockConfig
    main.o(i.SystemClock_Config) refers to stm32f4xx_hal_rcc_ex.o(i.HAL_RCCEx_PeriphCLKConfig) for HAL_RCCEx_PeriphCLKConfig
    main.o(i.SystemClock_Config) refers to stm32f4xx_hal_rcc.o(i.HAL_RCC_GetHCLKFreq) for HAL_RCC_GetHCLKFreq
    main.o(i.SystemClock_Config) refers to stm32f4xx_hal_cortex.o(i.HAL_SYSTICK_Config) for HAL_SYSTICK_Config
    main.o(i.SystemClock_Config) refers to stm32f4xx_hal_cortex.o(i.HAL_SYSTICK_CLKSourceConfig) for HAL_SYSTICK_CLKSourceConfig
    main.o(i.SystemClock_Config) refers to stm32f4xx_hal_cortex.o(i.HAL_NVIC_SetPriority) for HAL_NVIC_SetPriority
    main.o(i.init_ACC) refers to stm32f4xx_hal_gpio.o(i.HAL_GPIO_WritePin) for HAL_GPIO_WritePin
    main.o(i.init_ACC) refers to stm32f4xx_hal_spi.o(i.HAL_SPI_Transmit) for HAL_SPI_Transmit
    main.o(i.init_ACC) refers to stm32f4xx_hal_spi.o(i.HAL_SPI_Receive) for HAL_SPI_Receive
    main.o(i.init_ACC) refers to printf8.o(i.__0sprintf$8) for __2sprintf
    main.o(i.init_ACC) refers to strlen.o(.text) for strlen
    main.o(i.init_ACC) refers to main.o(i.LOGD) for LOGD
    main.o(i.init_ACC) refers to main.o(.bss) for .bss
    main.o(i.main) refers to stm32f4xx_hal.o(i.HAL_Init) for HAL_Init
    main.o(i.main) refers to main.o(i.SystemClock_Config) for SystemClock_Config
    main.o(i.main) refers to main.o(i.MX_GPIO_Init) for MX_GPIO_Init
    main.o(i.main) refers to stm32f4xx_hal_cortex.o(i.HAL_NVIC_SetPriority) for HAL_NVIC_SetPriority
    main.o(i.main) refers to stm32f4xx_hal_cortex.o(i.HAL_NVIC_EnableIRQ) for HAL_NVIC_EnableIRQ
    main.o(i.main) refers to main.o(i.MX_I2C1_Init) for MX_I2C1_Init
    main.o(i.main) refers to main.o(i.MX_I2S3_Init) for MX_I2S3_Init
    main.o(i.main) refers to main.o(i.MX_SPI1_Init) for MX_SPI1_Init
    main.o(i.main) refers to usb_device.o(i.MX_USB_DEVICE_Init) for MX_USB_DEVICE_Init
    main.o(i.main) refers to main.o(i.MX_USART2_UART_Init) for MX_USART2_UART_Init
    main.o(i.main) refers to memseta.o(.text) for __aeabi_memset
    main.o(i.main) refers to stm32f4xx_hal_uart.o(i.HAL_UART_Receive_DMA) for HAL_UART_Receive_DMA
    main.o(i.main) refers to main.o(i.init_ACC) for init_ACC
    main.o(i.main) refers to stm32f4xx_hal_gpio.o(i.HAL_GPIO_WritePin) for HAL_GPIO_WritePin
[...]
    i.USBD_CDC_Setup                         0x08003828   Section        0  usbd_cdc.o(i.USBD_CDC_Setup)
    USBD_CDC_Setup                           0x08003829   Thumb Code   106  usbd_cdc.o(i.USBD_CDC_Setup)
    i.USBD_CDC_TransmitPacket                0x08003898   Section        0  usbd_cdc.o(i.USBD_CDC_TransmitPacket)
    i.USBD_ClrClassConfig                    0x080038c8   Section        0  usbd_core.o(i.USBD_ClrClassConfig)
    i.USBD_CtlContinueRx                     0x080038d6   Section        0  usbd_ioreq.o(i.USBD_CtlContinueRx)
    i.USBD_CtlContinueSendData               0x080038e6   Section        0  usbd_ioreq.o(i.USBD_CtlContinueSendData)
    i.USBD_CtlError                          0x080038f6   Section        0  usbd_ctlreq.o(i.USBD_CtlError)
    i.USBD_CtlPrepareRx                      0x0800390c   Section        0  usbd_ioreq.o(i.USBD_CtlPrepareRx)
    i.USBD_CtlReceiveStatus                  0x0800392a   Section        0  usbd_ioreq.o(i.USBD_CtlReceiveStatus)
    i.USBD_CtlSendData                       0x08003940   Section        0  usbd_ioreq.o(i.USBD_CtlSendData)
    i.USBD_CtlSendStatus                     0x0800395a   Section        0  usbd_ioreq.o(i.USBD_CtlSendStatus)
    i.USBD_FS_ConfigStrDescriptor            0x08003970   Section        0  usbd_desc.o(i.USBD_FS_ConfigStrDescriptor)
    i.USBD_FS_DeviceDescriptor               0x08003994   Section        0  usbd_desc.o(i.USBD_FS_DeviceDescriptor)
    i.USBD_FS_InterfaceStrDescriptor         0x080039a0   Section        0  usbd_desc.o(i.USBD_FS_InterfaceStrDescriptor)
    i.USBD_FS_LangIDStrDescriptor            0x080039c8   Section        0  usbd_desc.o(i.USBD_FS_LangIDStrDescriptor)
    i.USBD_FS_ManufacturerStrDescriptor      0x080039d4   Section        0  usbd_desc.o(i.USBD_FS_ManufacturerStrDescriptor)
    i.USBD_FS_ProductStrDescriptor           0x080039fc   Section        0  usbd_desc.o(i.USBD_FS_ProductStrDescriptor)
    i.USBD_FS_SerialStrDescriptor            0x08003a1c   Section        0  usbd_desc.o(i.USBD_FS_SerialStrDescriptor)
    i.USBD_GetDescriptor                     0x08003a40   Section        0  usbd_ctlreq.o(i.USBD_GetDescriptor)
    USBD_GetDescriptor                       0x08003a41   Thumb Code   252  usbd_ctlreq.o(i.USBD_GetDescriptor)
    i.USBD_GetString                         0x08003b3c   Section        0  usbd_ctlreq.o(i.USBD_GetString)
    i.USBD_Init                              0x08003b82   Section        0  usbd_core.o(i.USBD_Init)
    i.USBD_LL_ClearStallEP                   0x08003bac   Section        0  usbd_conf.o(i.USBD_LL_ClearStallEP)
    i.USBD_LL_CloseEP                        0x08003bcc   Section        0  usbd_conf.o(i.USBD_LL_CloseEP)
    i.USBD_LL_DataInStage                    0x08003bec   Section        0  usbd_core.o(i.USBD_LL_DataInStage)
    i.USBD_LL_DataOutStage                   0x08003c96   Section        0  usbd_core.o(i.USBD_LL_DataOutStage)
    i.USBD_LL_DevConnected                   0x08003d00   Section        0  usbd_core.o(i.USBD_LL_DevConnected)
    i.USBD_LL_DevDisconnected                0x08003d04   Section        0  usbd_core.o(i.USBD_LL_DevDisconnected)
    i.USBD_LL_GetRxDataSize                  0x08003d1a   Section        0  usbd_conf.o(i.USBD_LL_GetRxDataSize)
    i.USBD_LL_Init                           0x08003d24   Section        0  usbd_conf.o(i.USBD_LL_Init)
    i.USBD_LL_IsStallEP                      0x08003da8   Section        0  usbd_conf.o(i.USBD_LL_IsStallEP)
    i.USBD_LL_IsoINIncomplete                0x08003dc8   Section        0  usbd_core.o(i.USBD_LL_IsoINIncomplete)
    i.USBD_LL_IsoOUTIncomplete               0x08003dcc   Section        0  usbd_core.o(i.USBD_LL_IsoOUTIncomplete)
    i.USBD_LL_OpenEP                         0x08003dd0   Section        0  usbd_conf.o(i.USBD_LL_OpenEP)
    i.USBD_LL_PrepareReceive                 0x08003df6   Section        0  usbd_conf.o(i.USBD_LL_PrepareReceive)
    i.USBD_LL_Reset                          0x08003e16   Section        0  usbd_core.o(i.USBD_LL_Reset)
    i.USBD_LL_Resume                         0x08003e54   Section        0  usbd_core.o(i.USBD_LL_Resume)
    i.USBD_LL_SOF                            0x08003e60   Section        0  usbd_core.o(i.USBD_LL_SOF)
    i.USBD_LL_SetSpeed                       0x08003e78   Section        0  usbd_core.o(i.USBD_LL_SetSpeed)
    i.USBD_LL_SetUSBAddress                  0x08003e7e   Section        0  usbd_conf.o(i.USBD_LL_SetUSBAddress)
    i.USBD_LL_SetupStage                     0x08003e9e   Section        0  usbd_core.o(i.USBD_LL_SetupStage)
    i.USBD_LL_StallEP                        0x08003ef8   Section        0  usbd_conf.o(i.USBD_LL_StallEP)
    i.USBD_LL_Start                          0x08003f18   Section        0  usbd_conf.o(i.USBD_LL_Start)
    i.USBD_LL_Suspend                        0x08003f38   Section        0  usbd_core.o(i.USBD_LL_Suspend)
    i.USBD_LL_Transmit                       0x08003f4a   Section        0  usbd_conf.o(i.USBD_LL_Transmit)
    i.USBD_ParseSetupRequest                 0x08003f6a   Section        0  usbd_ctlreq.o(i.USBD_ParseSetupRequest)
    i.USBD_RegisterClass                     0x08003f92   Section        0  usbd_core.o(i.USBD_RegisterClass)
    i.USBD_SetClassConfig                    0x08003fa2   Section        0  usbd_core.o(i.USBD_SetClassConfig)
    i.USBD_SetConfig                         0x08003fb8   Section        0  usbd_ctlreq.o(i.USBD_SetConfig)
    USBD_SetConfig                           0x08003fb9   Thumb Code   110  usbd_ctlreq.o(i.USBD_SetConfig)
    i.USBD_Start                             0x0800402c   Section        0  usbd_core.o(i.USBD_Start)
    i.USBD_StdDevReq                         0x08004036   Section        0  usbd_ctlreq.o(i.USBD_StdDevReq)
    i.USBD_StdEPReq                          0x08004144   Section        0  usbd_ctlreq.o(i.USBD_StdEPReq)
    i.USBD_StdItfReq                         0x08004220   Section        0  usbd_ctlreq.o(i.USBD_StdItfReq)
    i.USBD_WinUSBGetDescriptor               0x08004264   Section        0  usbd_ctlreq.o(i.USBD_WinUSBGetDescriptor)
    USBD_WinUSBGetDescriptor                 0x08004265   Thumb Code    76  usbd_ctlreq.o(i.USBD_WinUSBGetDescriptor)
    i.USBD_WinUSBOSFeatureDescriptor         0x080042b0   Section        0  usbd_desc.o(i.USBD_WinUSBOSFeatureDescriptor)
    i.USBD_WinUSBOSPropertyDescriptor        0x080042f4   Section        0  usbd_desc.o(i.USBD_WinUSBOSPropertyDescriptor)
    i.USBD_WinUSBOSStrDescriptor             0x08004338   Section        0  usbd_desc.o(i.USBD_WinUSBOSStrDescriptor)
    i.USB_ActivateEndpoint                   0x08004384   Section        0  stm32f4xx_ll_usb.o(i.USB_ActivateEndpoint)
    i.USB_ActivateSetup                      0x08004404   Section        0  stm32f4xx_ll_usb.o(i.USB_ActivateSetup)
    i.USB_CoreInit                           0x08004438   Section        0  stm32f4xx_ll_usb.o(i.USB_CoreInit)
    i.USB_CoreReset                          0x080044a4   Section        0  stm32f4xx_ll_usb.o(i.USB_CoreReset)
    USB_CoreReset                            0x080044a5   Thumb Code    50  stm32f4xx_ll_usb.o(i.USB_CoreReset)
    i.USB_DeactivateEndpoint                 0x080044dc   Section        0  stm32f4xx_ll_usb.o(i.USB_DeactivateEndpoint)
    i.USB_DevConnect                         0x080045a4   Section        0  stm32f4xx_ll_usb.o(i.USB_DevConnect)
    i.USB_DevDisconnect                      0x080045bc   Section        0  stm32f4xx_ll_usb.o(i.USB_DevDisconnect)
    i.USB_DevInit                            0x080045d4   Section        0  stm32f4xx_ll_usb.o(i.USB_DevInit)
    i.USB_DisableGlobalInt                   0x08004714   Section        0  stm32f4xx_ll_usb.o(i.USB_DisableGlobalInt)
    i.USB_EP0StartXfer                       0x08004720   Section        0  stm32f4xx_ll_usb.o(i.USB_EP0StartXfer)
    i.USB_EP0_OutStart                       0x08004860   Section        0  stm32f4xx_ll_usb.o(i.USB_EP0_OutStart)
    i.USB_EPClearStall                       0x0800489e   Section        0  stm32f4xx_ll_usb.o(i.USB_EPClearStall)
    i.USB_EPSetStall                         0x08004902   Section        0  stm32f4xx_ll_usb.o(i.USB_EPSetStall)
    i.USB_EPStartXfer                        0x08004960   Section        0  stm32f4xx_ll_usb.o(i.USB_EPStartXfer)
    i.USB_EnableGlobalInt                    0x08004b7c   Section        0  stm32f4xx_ll_usb.o(i.USB_EnableGlobalInt)
    i.USB_FlushRxFifo                        0x08004b88   Section        0  stm32f4xx_ll_usb.o(i.USB_FlushRxFifo)
    i.USB_FlushTxFifo                        0x08004ba8   Section        0  stm32f4xx_ll_usb.o(i.USB_FlushTxFifo)
    i.USB_GetDevSpeed                        0x08004bcc   Section        0  stm32f4xx_ll_usb.o(i.USB_GetDevSpeed)
    i.USB_GetMode                            0x08004c08   Section        0  stm32f4xx_ll_usb.o(i.USB_GetMode)
    i.USB_ReadDevAllInEpInterrupt            0x08004c10   Section        0  stm32f4xx_ll_usb.o(i.USB_ReadDevAllInEpInterrupt)
    i.USB_ReadDevAllOutEpInterrupt           0x08004c1e   Section        0  stm32f4xx_ll_usb.o(i.USB_ReadDevAllOutEpInterrupt)
    i.USB_ReadDevInEPInterrupt               0x08004c2c   Section        0  stm32f4xx_ll_usb.o(i.USB_ReadDevInEPInterrupt)
    i.USB_ReadDevOutEPInterrupt              0x08004c4a   Section        0  stm32f4xx_ll_usb.o(i.USB_ReadDevOutEPInterrupt)
    i.USB_ReadInterrupts                     0x08004c5a   Section        0  stm32f4xx_ll_usb.o(i.USB_ReadInterrupts)
    i.USB_ReadPacket                         0x08004c62   Section        0  stm32f4xx_ll_usb.o(i.USB_ReadPacket)
    i.USB_SetCurrentMode                     0x08004c82   Section        0  stm32f4xx_ll_usb.o(i.USB_SetCurrentMode)
    i.USB_SetDevAddress                      0x08004cae   Section        0  stm32f4xx_ll_usb.o(i.USB_SetDevAddress)
    i.USB_WritePacket                        0x08004cd0   Section        0  stm32f4xx_ll_usb.o(i.USB_WritePacket)
    i._Error_Handler                         0x08004cf8   Section        0  main.o(i._Error_Handler)
    i.__0sprintf$8                           0x08004cfc   Section        0  printf8.o(i.__0sprintf$8)
    i.__scatterload_copy                     0x08004d24   Section       14  handlers.o(i.__scatterload_copy)
    i.__scatterload_null                     0x08004d32   Section        2  handlers.o(i.__scatterload_null)
    i.__scatterload_zeroinit                 0x08004d34   Section       14  handlers.o(i.__scatterload_zeroinit)
    i._printf_core                           0x08004d44   Section        0  printf8.o(i._printf_core)
    _printf_core                             0x08004d45   Thumb Code   996  printf8.o(i._printf_core)
    i._printf_post_padding                   0x08005154   Section        0  printf8.o(i._printf_post_padding)
    _printf_post_padding                     0x08005155   Thumb Code    36  printf8.o(i._printf_post_padding)
    i._printf_pre_padding                    0x08005178   Section        0  printf8.o(i._printf_pre_padding)
    _printf_pre_padding                      0x08005179   Thumb Code    46  printf8.o(i._printf_pre_padding)
    i._sputc                                 0x080051a6   Section        0  printf8.o(i._sputc)
    _sputc                                   0x080051a7   Thumb Code    10  printf8.o(i._sputc)
    i.free                                   0x080051b0   Section        0  malloc.o(i.free)
    i.init_ACC                               0x08005200   Section        0  main.o(i.init_ACC)
    i.main                                   0x080052a0   Section        0  main.o(i.main)
    i.malloc                                 0x0800544c   Section        0  malloc.o(i.malloc)
    i.on_CDC_Receive_FS                      0x080054b8   Section        0  main.o(i.on_CDC_Receive_FS)
    .constdata                               0x080055c0   Section       18  main.o(.constdata)
    __func__                                 0x080055c0   Data          18  main.o(.constdata)
    .constdata                               0x080055d2   Section       98  usbd_desc.o(.constdata)
    __func__                                 0x080055da   Data          27  usbd_desc.o(.constdata)
    __func__                                 0x080055f5   Data          31  usbd_desc.o(.constdata)
    __func__                                 0x08005614   Data          32  usbd_desc.o(.constdata)
    .constdata                               0x08005634   Section        8  stm32f4xx_hal_dma.o(.constdata)
    flagBitshiftOffset                       0x08005634   Data           8  stm32f4xx_hal_dma.o(.constdata)
    .constdata                               0x0800563c   Section       16  system_stm32f4xx.o(.constdata)
    .constdata                               0x0800564c   Section        8  system_stm32f4xx.o(.constdata)
    .data                                    0x20000000   Section       32  main.o(.data)
    .data                                    0x20000020   Section       36  usbd_desc.o(.data)
    .data                                    0x20000044   Section      206  usbd_desc.o(.data)
    .data                                    0x20000114   Section       16  usbd_cdc_if.o(.data)
    .data                                    0x20000124   Section       12  stm32f4xx_hal.o(.data)
    .data                                    0x20000130   Section        4  system_stm32f4xx.o(.data)
    .data                                    0x20000134   Section        1  usbd_ctlreq.o(.data)
    cfgidx                                   0x20000134   Data           1  usbd_ctlreq.o(.data)
    .data                                    0x20000138   Section       80  usbd_cdc.o(.data)
    ifalt                                    0x20000138   Data           1  usbd_cdc.o(.data)
    USBD_CDC_DeviceQualifierDesc             0x2000013c   Data          10  usbd_cdc.o(.data)
    .data                                    0x20000188   Section       60  usbd_cdc.o(.data)
    .data                                    0x200001c4   Section        4  mvars.o(.data)
    .data                                    0x200001c8   Section        4  mvars.o(.data)
    .bss                                     0x200001cc   Section     2356  main.o(.bss)
    .bss                                     0x20000b00   Section       96  main.o(.bss)
    .bss                                     0x20000b60   Section      548  usb_device.o(.bss)
    .bss                                     0x20000d84   Section     1008  usbd_conf.o(.bss)
    .bss                                     0x20001174   Section      512  usbd_desc.o(.bss)
    .bss                                     0x20001374   Section     4096  usbd_cdc_if.o(.bss)
    HEAP                                     0x20002378   Section     8192  startup_stm32f407xx.o(HEAP)
    STACK                                    0x20004378   Section    16384  startup_stm32f407xx.o(STACK)

    Global Symbols

    Symbol Name                              Value     Ov Type        Size  Object(Section)

    BuildAttributes$$THM_ISAv4$E$P$D$K$B$S$7EM$VFPi3$EXTD16$VFPS$VFMA$PE$A:L22UL41UL21$X:L11$S22US41US21$IEEE1$IW$USESV6$~STKCKD$USESV7$~SHL$OSPACE$ROPI$EBA8$MICROLIB$REQ8$PRES8$EABIv2 0x00000000   Number         0  anon$$obj.o ABSOLUTE
    __ARM_use_no_argv                        0x00000000   Number         0  main.o ABSOLUTE
    _printf_a                                0x00000000   Number         0  stubs.o ABSOLUTE
    _printf_c                                0x00000000   Number         0  stubs.o ABSOLUTE
    _printf_charcount                        0x00000000   Number         0  stubs.o ABSOLUTE
    _printf_d                                0x00000000   Number         0  stubs.o ABSOLUTE
    _printf_e                                0x00000000   Number         0  stubs.o ABSOLUTE
    _printf_f                                0x00000000   Number         0  stubs.o ABSOLUTE
    _printf_flags                            0x00000000   Number         0  stubs.o ABSOLUTE
    _printf_fp_dec                           0x00000000   Number         0  stubs.o ABSOLUTE
    _printf_fp_hex                           0x00000000   Number         0  stubs.o ABSOLUTE
    _printf_g                                0x00000000   Number         0  stubs.o ABSOLUTE
    _printf_i                                0x00000000   Number         0  stubs.o ABSOLUTE
    _printf_int_dec                          0x00000000   Number         0  stubs.o ABSOLUTE
    _printf_l                                0x00000000   Number         0  stubs.o ABSOLUTE
    _printf_lc                               0x00000000   Number         0  stubs.o ABSOLUTE
    _printf_ll                               0x00000000   Number         0  stubs.o ABSOLUTE
    _printf_lld                              0x00000000   Number         0  stubs.o ABSOLUTE
    _printf_lli                              0x00000000   Number         0  stubs.o ABSOLUTE
    _printf_llo                              0x00000000   Number         0  stubs.o ABSOLUTE
    _printf_llu                              0x00000000   Number         0  stubs.o ABSOLUTE
    _printf_llx                              0x00000000   Number         0  stubs.o ABSOLUTE
    _printf_longlong_dec                     0x00000000   Number         0  stubs.o ABSOLUTE
    _printf_longlong_hex                     0x00000000   Number         0  stubs.o ABSOLUTE
    _printf_longlong_oct                     0x00000000   Number         0  stubs.o ABSOLUTE
    _printf_ls                               0x00000000   Number         0  stubs.o ABSOLUTE
    _printf_mbtowc                           0x00000000   Number         0  stubs.o ABSOLUTE
    _printf_n                                0x00000000   Number         0  stubs.o ABSOLUTE
    _printf_o                                0x00000000   Number         0  stubs.o ABSOLUTE
    _printf_p                                0x00000000   Number         0  stubs.o ABSOLUTE
    _printf_percent                          0x00000000   Number         0  stubs.o ABSOLUTE
    _printf_pre_padding                      0x00000000   Number         0  stubs.o ABSOLUTE
    _printf_return_value                     0x00000000   Number         0  stubs.o ABSOLUTE
    _printf_s                                0x00000000   Number         0  stubs.o ABSOLUTE
    _printf_sizespec                         0x00000000   Number         0  stubs.o ABSOLUTE
    _printf_str                              0x00000000   Number         0  stubs.o ABSOLUTE
    _printf_truncate_signed                  0x00000000   Number         0  stubs.o ABSOLUTE
    _printf_truncate_unsigned                0x00000000   Number         0  stubs.o ABSOLUTE
    _printf_u                                0x00000000   Number         0  stubs.o ABSOLUTE
    _printf_wc                               0x00000000   Number         0  stubs.o ABSOLUTE
    _printf_wctomb                           0x00000000   Number         0  stubs.o ABSOLUTE
    _printf_widthprec                        0x00000000   Number         0  stubs.o ABSOLUTE
    _printf_x                                0x00000000   Number         0  stubs.o ABSOLUTE
    __cpp_initialize__aeabi_                  - Undefined Weak Reference
    __cxa_finalize                            - Undefined Weak Reference
    _clock_init                               - Undefined Weak Reference
    _microlib_exit                            - Undefined Weak Reference
    __Vectors_Size                           0x00000188   Number         0  startup_stm32f407xx.o ABSOLUTE
    __Vectors                                0x08000000   Data           4  startup_stm32f407xx.o(RESET)
    __Vectors_End                            0x08000188   Data           0  startup_stm32f407xx.o(RESET)
    __main                                   0x08000189   Thumb Code     0  entry.o(.ARM.Collect$$$$00000000)
    _main_stk                                0x08000189   Thumb Code     0  entry2.o(.ARM.Collect$$$$00000001)
    _main_scatterload                        0x0800018d   Thumb Code     0  entry5.o(.ARM.Collect$$$$00000004)
    __main_after_scatterload                 0x08000191   Thumb Code     0  entry5.o(.ARM.Collect$$$$00000004)
    _main_clock                              0x08000191   Thumb Code     0  entry7b.o(.ARM.Collect$$$$00000008)
    _main_cpp_init                           0x08000191   Thumb Code     0  entry8b.o(.ARM.Collect$$$$0000000A)
    _main_init                               0x08000191   Thumb Code     0  entry9a.o(.ARM.Collect$$$$0000000B)
    __rt_final_cpp                           0x08000199   Thumb Code     0  entry10a.o(.ARM.Collect$$$$0000000D)
    __rt_final_exit                          0x08000199   Thumb Code     0  entry11a.o(.ARM.Collect$$$$0000000F)
    Reset_Handler                            0x0800019d   Thumb Code     8  startup_stm32f407xx.o(.text)
    NMI_Handler                              0x080001a5   Thumb Code     2  startup_stm32f407xx.o(.text)
    HardFault_Handler                        0x080001a7   Thumb Code     2  startup_stm32f407xx.o(.text)
    MemManage_Handler                        0x080001a9   Thumb Code     2  startup_stm32f407xx.o(.text)
    BusFault_Handler                         0x080001ab   Thumb Code     2  startup_stm32f407xx.o(.text)
    UsageFault_Handler                       0x080001ad   Thumb Code     2  startup_stm32f407xx.o(.text)
    SVC_Handler                              0x080001af   Thumb Code     2  startup_stm32f407xx.o(.text)
    DebugMon_Handler                         0x080001b1   Thumb Code     2  startup_stm32f407xx.o(.text)
    PendSV_Handler                           0x080001b3   Thumb Code     2  startup_stm32f407xx.o(.text)
    ADC_IRQHandler                           0x080001b7   Thumb Code     0  startup_stm32f407xx.o(.text)
    CAN1_RX0_IRQHandler                      0x080001b7   Thumb Code     0  startup_stm32f407xx.o(.text)
    CAN1_RX1_IRQHandler                      0x080001b7   Thumb Code     0  startup_stm32f407xx.o(.text)
    CAN1_SCE_IRQHandler                      0x080001b7   Thumb Code     0  startup_stm32f407xx.o(.text)
    CAN1_TX_IRQHandler                       0x080001b7   Thumb Code     0  startup_stm32f407xx.o(.text)
    CAN2_RX0_IRQHandler                      0x080001b7   Thumb Code     0  startup_stm32f407xx.o(.text)
    CAN2_RX1_IRQHandler                      0x080001b7   Thumb Code     0  startup_stm32f407xx.o(.text)
    CAN2_SCE_IRQHandler                      0x080001b7   Thumb Code     0  startup_stm32f407xx.o(.text)
    CAN2_TX_IRQHandler                       0x080001b7   Thumb Code     0  startup_stm32f407xx.o(.text)
    DCMI_IRQHandler                          0x080001b7   Thumb Code     0  startup_stm32f407xx.o(.text)
    DMA1_Stream0_IRQHandler                  0x080001b7   Thumb Code     0  startup_stm32f407xx.o(.text)
    DMA1_Stream1_IRQHandler                  0x080001b7   Thumb Code     0  startup_stm32f407xx.o(.text)
    DMA1_Stream2_IRQHandler                  0x080001b7   Thumb Code     0  startup_stm32f407xx.o(.text)
    DMA1_Stream3_IRQHandler                  0x080001b7   Thumb Code     0  startup_stm32f407xx.o(.text)
    DMA1_Stream4_IRQHandler                  0x080001b7   Thumb Code     0  startup_stm32f407xx.o(.text)
    DMA1_Stream6_IRQHandler                  0x080001b7   Thumb Code     0  startup_stm32f407xx.o(.text)
    DMA1_Stream7_IRQHandler                  0x080001b7   Thumb Code     0  startup_stm32f407xx.o(.text)
    DMA2_Stream0_IRQHandler                  0x080001b7   Thumb Code     0  startup_stm32f407xx.o(.text)
    DMA2_Stream1_IRQHandler                  0x080001b7   Thumb Code     0  startup_stm32f407xx.o(.text)
    DMA2_Stream2_IRQHandler                  0x080001b7   Thumb Code     0  startup_stm32f407xx.o(.text)
    DMA2_Stream3_IRQHandler                  0x080001b7   Thumb Code     0  startup_stm32f407xx.o(.text)
    DMA2_Stream4_IRQHandler                  0x080001b7   Thumb Code     0  startup_stm32f407xx.o(.text)
    DMA2_Stream5_IRQHandler                  0x080001b7   Thumb Code     0  startup_stm32f407xx.o(.text)
    DMA2_Stream6_IRQHandler                  0x080001b7   Thumb Code     0  startup_stm32f407xx.o(.text)
    DMA2_Stream7_IRQHandler                  0x080001b7   Thumb Code     0  startup_stm32f407xx.o(.text)
    ETH_IRQHandler                           0x080001b7   Thumb Code     0  startup_stm32f407xx.o(.text)
    ETH_WKUP_IRQHandler                      0x080001b7   Thumb Code     0  startup_stm32f407xx.o(.text)
    EXTI15_10_IRQHandler                     0x080001b7   Thumb Code     0  startup_stm32f407xx.o(.text)
    EXTI1_IRQHandler                         0x080001b7   Thumb Code     0  startup_stm32f407xx.o(.text)
    EXTI2_IRQHandler                         0x080001b7   Thumb Code     0  startup_stm32f407xx.o(.text)
    EXTI3_IRQHandler                         0x080001b7   Thumb Code     0  startup_stm32f407xx.o(.text)
    EXTI4_IRQHandler                         0x080001b7   Thumb Code     0  startup_stm32f407xx.o(.text)
    EXTI9_5_IRQHandler                       0x080001b7   Thumb Code     0  startup_stm32f407xx.o(.text)
    FLASH_IRQHandler                         0x080001b7   Thumb Code     0  startup_stm32f407xx.o(.text)
    FMC_IRQHandler                           0x080001b7   Thumb Code     0  startup_stm32f407xx.o(.text)
    FPU_IRQHandler                           0x080001b7   Thumb Code     0  startup_stm32f407xx.o(.text)
    HASH_RNG_IRQHandler                      0x080001b7   Thumb Code     0  startup_stm32f407xx.o(.text)
    I2C1_ER_IRQHandler                       0x080001b7   Thumb Code     0  startup_stm32f407xx.o(.text)
    I2C1_EV_IRQHandler                       0x080001b7   Thumb Code     0  startup_stm32f407xx.o(.text)
    I2C2_ER_IRQHandler                       0x080001b7   Thumb Code     0  startup_stm32f407xx.o(.text)
    I2C2_EV_IRQHandler                       0x080001b7   Thumb Code     0  startup_stm32f407xx.o(.text)
    I2C3_ER_IRQHandler                       0x080001b7   Thumb Code     0  startup_stm32f407xx.o(.text)
    I2C3_EV_IRQHandler                       0x080001b7   Thumb Code     0  startup_stm32f407xx.o(.text)
    OTG_FS_WKUP_IRQHandler                   0x080001b7   Thumb Code     0  startup_stm32f407xx.o(.text)
    OTG_HS_EP1_IN_IRQHandler                 0x080001b7   Thumb Code     0  startup_stm32f407xx.o(.text)
    OTG_HS_EP1_OUT_IRQHandler                0x080001b7   Thumb Code     0  startup_stm32f407xx.o(.text)
    OTG_HS_IRQHandler                        0x080001b7   Thumb Code     0  startup_stm32f407xx.o(.text)
    OTG_HS_WKUP_IRQHandler                   0x080001b7   Thumb Code     0  startup_stm32f407xx.o(.text)
    PVD_IRQHandler                           0x080001b7   Thumb Code     0  startup_stm32f407xx.o(.text)
    RCC_IRQHandler                           0x080001b7   Thumb Code     0  startup_stm32f407xx.o(.text)
    RTC_Alarm_IRQHandler                     0x080001b7   Thumb Code     0  startup_stm32f407xx.o(.text)
    RTC_WKUP_IRQHandler                      0x080001b7   Thumb Code     0  startup_stm32f407xx.o(.text)
    SDIO_IRQHandler                          0x080001b7   Thumb Code     0  startup_stm32f407xx.o(.text)
    SPI1_IRQHandler                          0x080001b7   Thumb Code     0  startup_stm32f407xx.o(.text)
    SPI2_IRQHandler                          0x080001b7   Thumb Code     0  startup_stm32f407xx.o(.text)
    SPI3_IRQHandler                          0x080001b7   Thumb Code     0  startup_stm32f407xx.o(.text)
    TAMP_STAMP_IRQHandler                    0x080001b7   Thumb Code     0  startup_stm32f407xx.o(.text)
    TIM1_BRK_TIM9_IRQHandler                 0x080001b7   Thumb Code     0  startup_stm32f407xx.o(.text)
    TIM1_CC_IRQHandler                       0x080001b7   Thumb Code     0  startup_stm32f407xx.o(.text)
    TIM1_TRG_COM_TIM11_IRQHandler            0x080001b7   Thumb Code     0  startup_stm32f407xx.o(.text)
    TIM1_UP_TIM10_IRQHandler                 0x080001b7   Thumb Code     0  startup_stm32f407xx.o(.text)
    TIM2_IRQHandler                          0x080001b7   Thumb Code     0  startup_stm32f407xx.o(.text)
    TIM3_IRQHandler                          0x080001b7   Thumb Code     0  startup_stm32f407xx.o(.text)
    TIM4_IRQHandler                          0x080001b7   Thumb Code     0  startup_stm32f407xx.o(.text)
    TIM5_IRQHandler                          0x080001b7   Thumb Code     0  startup_stm32f407xx.o(.text)
    TIM6_DAC_IRQHandler                      0x080001b7   Thumb Code     0  startup_stm32f407xx.o(.text)
    TIM7_IRQHandler                          0x080001b7   Thumb Code     0  startup_stm32f407xx.o(.text)
    TIM8_BRK_TIM12_IRQHandler                0x080001b7   Thumb Code     0  startup_stm32f407xx.o(.text)
    TIM8_CC_IRQHandler                       0x080001b7   Thumb Code     0  startup_stm32f407xx.o(.text)
    TIM8_TRG_COM_TIM14_IRQHandler            0x080001b7   Thumb Code     0  startup_stm32f407xx.o(.text)
    TIM8_UP_TIM13_IRQHandler                 0x080001b7   Thumb Code     0  startup_stm32f407xx.o(.text)
    UART4_IRQHandler                         0x080001b7   Thumb Code     0  startup_stm32f407xx.o(.text)
    UART5_IRQHandler                         0x080001b7   Thumb Code     0  startup_stm32f407xx.o(.text)
    USART1_IRQHandler                        0x080001b7   Thumb Code     0  startup_stm32f407xx.o(.text)
    USART3_IRQHandler                        0x080001b7   Thumb Code     0  startup_stm32f407xx.o(.text)
    USART6_IRQHandler                        0x080001b7   Thumb Code     0  startup_stm32f407xx.o(.text)
    WWDG_IRQHandler                          0x080001b7   Thumb Code     0  startup_stm32f407xx.o(.text)
    __aeabi_uldivmod                         0x080001c1   Thumb Code    98  uldiv.o(.text)
    ___aeabi_memcpy8$move                    0x08000223   Thumb Code     0  memmovea.o(.text)
    __aeabi_memcpy                           0x08000223   Thumb Code    64  memmovea.o(.text)
    __aeabi_memcpy4                          0x08000223   Thumb Code     0  memmovea.o(.text)
    __aeabi_memmove                          0x08000223   Thumb Code     0  memmovea.o(.text)
    __aeabi_memmove4                         0x08000223   Thumb Code     0  memmovea.o(.text)
    __aeabi_memmove8                         0x08000223   Thumb Code     0  memmovea.o(.text)
    __aeabi_memset                           0x08000263   Thumb Code    14  memseta.o(.text)
    __aeabi_memset4                          0x08000263   Thumb Code     0  memseta.o(.text)
    __aeabi_memset8                          0x08000263   Thumb Code     0  memseta.o(.text)
    __aeabi_memclr                           0x08000271   Thumb Code     4  memseta.o(.text)
    __aeabi_memclr4                          0x08000271   Thumb Code     0  memseta.o(.text)
    __aeabi_memclr8                          0x08000271   Thumb Code     0  memseta.o(.text)
    _memset$wrapper                          0x08000275   Thumb Code    18  memseta.o(.text)
    strcat                                   0x08000287   Thumb Code    24  strcat.o(.text)
    strlen                                   0x0800029f   Thumb Code    14  strlen.o(.text)
    __aeabi_llsl                             0x080002ad   Thumb Code    30  llshl.o(.text)
    _ll_shift_l                              0x080002ad   Thumb Code     0  llshl.o(.text)
    __aeabi_llsr                             0x080002cb   Thumb Code    32  llushr.o(.text)
    _ll_ushift_r                             0x080002cb   Thumb Code     0  llushr.o(.text)
    __scatterload                            0x080002ed   Thumb Code    28  init.o(.text)
    __scatterload_rt2                        0x080002ed   Thumb Code     0  init.o(.text)
    __decompress                             0x08000311   Thumb Code     0  __dczerorl2.o(.text)
    __decompress1                            0x08000311   Thumb Code    86  __dczerorl2.o(.text)
    CDC_Transmit_FS                          0x08000409   Thumb Code    38  usbd_cdc_if.o(i.CDC_Transmit_FS)
    CDC_is_busy                              0x08000435   Thumb Code    18  usbd_cdc_if.o(i.CDC_is_busy)
    DMA1_Stream5_IRQHandler                  0x0800044d   Thumb Code     6  stm32f4xx_it.o(i.DMA1_Stream5_IRQHandler)
    EXTI0_IRQHandler                         0x080004fd   Thumb Code     6  stm32f4xx_it.o(i.EXTI0_IRQHandler)
    HAL_DMA_Abort_IT                         0x08000503   Thumb Code    36  stm32f4xx_hal_dma.o(i.HAL_DMA_Abort_IT)
    HAL_DMA_IRQHandler                       0x08000529   Thumb Code   412  stm32f4xx_hal_dma.o(i.HAL_DMA_IRQHandler)
    HAL_DMA_Init                             0x080006c9   Thumb Code   206  stm32f4xx_hal_dma.o(i.HAL_DMA_Init)
    HAL_DMA_Start_IT                         0x0800079d   Thumb Code   120  stm32f4xx_hal_dma.o(i.HAL_DMA_Start_IT)
    HAL_Delay                                0x08000815   Thumb Code    32  stm32f4xx_hal.o(i.HAL_Delay)
    HAL_GPIO_EXTI_Callback                   0x08000839   Thumb Code     2  stm32f4xx_hal_gpio.o(i.HAL_GPIO_EXTI_Callback)
    HAL_GPIO_EXTI_IRQHandler                 0x0800083d   Thumb Code    18  stm32f4xx_hal_gpio.o(i.HAL_GPIO_EXTI_IRQHandler)
    HAL_GPIO_Init                            0x08000855   Thumb Code   388  stm32f4xx_hal_gpio.o(i.HAL_GPIO_Init)
    HAL_GPIO_TogglePin                       0x08000a05   Thumb Code     8  stm32f4xx_hal_gpio.o(i.HAL_GPIO_TogglePin)
    HAL_GPIO_WritePin                        0x08000a0d   Thumb Code    10  stm32f4xx_hal_gpio.o(i.HAL_GPIO_WritePin)
    HAL_GetTick                              0x08000a19   Thumb Code     6  stm32f4xx_hal.o(i.HAL_GetTick)
    HAL_I2C_Init                             0x08000a25   Thumb Code   254  stm32f4xx_hal_i2c.o(i.HAL_I2C_Init)
    HAL_I2C_MspInit                          0x08000b2d   Thumb Code    64  stm32f4xx_hal_msp.o(i.HAL_I2C_MspInit)
    HAL_I2SEx_FullDuplex_IRQHandler          0x08000b79   Thumb Code   476  stm32f4xx_hal_i2s_ex.o(i.HAL_I2SEx_FullDuplex_IRQHandler)
    HAL_I2SEx_TxRxCpltCallback               0x08000d5d   Thumb Code     2  stm32f4xx_hal_i2s_ex.o(i.HAL_I2SEx_TxRxCpltCallback)
    HAL_I2S_ErrorCallback                    0x08000d5f   Thumb Code     2  stm32f4xx_hal_i2s.o(i.HAL_I2S_ErrorCallback)
    HAL_I2S_Init                             0x08000d61   Thumb Code   366  stm32f4xx_hal_i2s.o(i.HAL_I2S_Init)
    HAL_I2S_MspInit                          0x08000ee1   Thumb Code    82  stm32f4xx_hal_msp.o(i.HAL_I2S_MspInit)
    HAL_I2S_RxCpltCallback                   0x08000f45   Thumb Code     2  stm32f4xx_hal_i2s.o(i.HAL_I2S_RxCpltCallback)
    HAL_I2S_TxCpltCallback                   0x08000f47   Thumb Code     2  stm32f4xx_hal_i2s.o(i.HAL_I2S_TxCpltCallback)
    HAL_IncTick                              0x08000f49   Thumb Code    12  stm32f4xx_hal.o(i.HAL_IncTick)
    HAL_Init                                 0x08000f59   Thumb Code    48  stm32f4xx_hal.o(i.HAL_Init)
    HAL_InitTick                             0x08000f8d   Thumb Code    54  stm32f4xx_hal.o(i.HAL_InitTick)
    HAL_MspInit                              0x08000fcd   Thumb Code   126  stm32f4xx_hal_msp.o(i.HAL_MspInit)
    HAL_NVIC_EnableIRQ                       0x08001051   Thumb Code    22  stm32f4xx_hal_cortex.o(i.HAL_NVIC_EnableIRQ)
    HAL_NVIC_SetPriority                     0x08001069   Thumb Code    60  stm32f4xx_hal_cortex.o(i.HAL_NVIC_SetPriority)
    HAL_NVIC_SetPriorityGrouping             0x080010a9   Thumb Code    26  stm32f4xx_hal_cortex.o(i.HAL_NVIC_SetPriorityGrouping)
    HAL_PCDEx_SetRxFiFo                      0x080010cd   Thumb Code     8  stm32f4xx_hal_pcd_ex.o(i.HAL_PCDEx_SetRxFiFo)
    HAL_PCDEx_SetTxFiFo                      0x080010d5   Thumb Code    68  stm32f4xx_hal_pcd_ex.o(i.HAL_PCDEx_SetTxFiFo)
    HAL_PCD_ConnectCallback                  0x08001119   Thumb Code     8  usbd_conf.o(i.HAL_PCD_ConnectCallback)
    HAL_PCD_DataInStageCallback              0x08001121   Thumb Code    18  usbd_conf.o(i.HAL_PCD_DataInStageCallback)
    HAL_PCD_DataOutStageCallback             0x08001133   Thumb Code    20  usbd_conf.o(i.HAL_PCD_DataOutStageCallback)
    HAL_PCD_DisconnectCallback               0x08001147   Thumb Code     8  usbd_conf.o(i.HAL_PCD_DisconnectCallback)
    HAL_PCD_EP_Close                         0x0800114f   Thumb Code    68  stm32f4xx_hal_pcd.o(i.HAL_PCD_EP_Close)
    HAL_PCD_EP_ClrStall                      0x08001193   Thumb Code    80  stm32f4xx_hal_pcd.o(i.HAL_PCD_EP_ClrStall)
    HAL_PCD_EP_GetRxCount                    0x080011e3   Thumb Code    20  stm32f4xx_hal_pcd.o(i.HAL_PCD_EP_GetRxCount)
    HAL_PCD_EP_Open                          0x080011f7   Thumb Code    84  stm32f4xx_hal_pcd.o(i.HAL_PCD_EP_Open)
    HAL_PCD_EP_Receive                       0x0800124b   Thumb Code    72  stm32f4xx_hal_pcd.o(i.HAL_PCD_EP_Receive)
    HAL_PCD_EP_SetStall                      0x08001293   Thumb Code    96  stm32f4xx_hal_pcd.o(i.HAL_PCD_EP_SetStall)
    HAL_PCD_EP_Transmit                      0x080012f3   Thumb Code    64  stm32f4xx_hal_pcd.o(i.HAL_PCD_EP_Transmit)
    HAL_PCD_IRQHandler                       0x08001335   Thumb Code  1196  stm32f4xx_hal_pcd.o(i.HAL_PCD_IRQHandler)
    HAL_PCD_ISOINIncompleteCallback          0x08001829   Thumb Code     8  usbd_conf.o(i.HAL_PCD_ISOINIncompleteCallback)
    HAL_PCD_ISOOUTIncompleteCallback         0x08001831   Thumb Code     8  usbd_conf.o(i.HAL_PCD_ISOOUTIncompleteCallback)
    HAL_PCD_Init                             0x08001839   Thumb Code   190  stm32f4xx_hal_pcd.o(i.HAL_PCD_Init)
    HAL_PCD_MspInit                          0x080018f9   Thumb Code   110  usbd_conf.o(i.HAL_PCD_MspInit)
    HAL_PCD_ResetCallback                    0x08001971   Thumb Code    32  usbd_conf.o(i.HAL_PCD_ResetCallback)
    HAL_PCD_ResumeCallback                   0x08001991   Thumb Code     8  usbd_conf.o(i.HAL_PCD_ResumeCallback)
    HAL_PCD_SOFCallback                      0x08001999   Thumb Code     8  usbd_conf.o(i.HAL_PCD_SOFCallback)
    HAL_PCD_SetAddress                       0x080019a1   Thumb Code    36  stm32f4xx_hal_pcd.o(i.HAL_PCD_SetAddress)
    HAL_PCD_SetupStageCallback               0x080019c5   Thumb Code    14  usbd_conf.o(i.HAL_PCD_SetupStageCallback)
    HAL_PCD_Start                            0x080019d3   Thumb Code    42  stm32f4xx_hal_pcd.o(i.HAL_PCD_Start)
    HAL_PCD_SuspendCallback                  0x080019fd   Thumb Code    44  usbd_conf.o(i.HAL_PCD_SuspendCallback)
    HAL_RCCEx_GetPeriphCLKFreq               0x08001a2d   Thumb Code    76  stm32f4xx_hal_rcc_ex.o(i.HAL_RCCEx_GetPeriphCLKFreq)
    HAL_RCCEx_PeriphCLKConfig                0x08001a89   Thumb Code   296  stm32f4xx_hal_rcc_ex.o(i.HAL_RCCEx_PeriphCLKConfig)
    HAL_RCC_ClockConfig                      0x08001bc5   Thumb Code   286  stm32f4xx_hal_rcc.o(i.HAL_RCC_ClockConfig)
    HAL_RCC_GetHCLKFreq                      0x08001cf5   Thumb Code     6  stm32f4xx_hal_rcc.o(i.HAL_RCC_GetHCLKFreq)
    HAL_RCC_GetPCLK1Freq                     0x08001d01   Thumb Code    20  stm32f4xx_hal_rcc.o(i.HAL_RCC_GetPCLK1Freq)
    HAL_RCC_GetPCLK2Freq                     0x08001d21   Thumb Code    20  stm32f4xx_hal_rcc.o(i.HAL_RCC_GetPCLK2Freq)
    HAL_RCC_GetSysClockFreq                  0x08001d41   Thumb Code    88  stm32f4xx_hal_rcc.o(i.HAL_RCC_GetSysClockFreq)
    HAL_RCC_OscConfig                        0x08001da1   Thumb Code   770  stm32f4xx_hal_rcc.o(i.HAL_RCC_OscConfig)
    HAL_SPI_Init                             0x080020bd   Thumb Code   128  stm32f4xx_hal_spi.o(i.HAL_SPI_Init)
    HAL_SPI_MspInit                          0x0800213d   Thumb Code    60  stm32f4xx_hal_msp.o(i.HAL_SPI_MspInit)
    HAL_SPI_Receive                          0x08002185   Thumb Code   336  stm32f4xx_hal_spi.o(i.HAL_SPI_Receive)
    HAL_SPI_Transmit                         0x080022d5   Thumb Code   360  stm32f4xx_hal_spi.o(i.HAL_SPI_Transmit)
    HAL_SPI_TransmitReceive                  0x0800243d   Thumb Code   472  stm32f4xx_hal_spi.o(i.HAL_SPI_TransmitReceive)
    HAL_SYSTICK_CLKSourceConfig              0x08002615   Thumb Code    24  stm32f4xx_hal_cortex.o(i.HAL_SYSTICK_CLKSourceConfig)
    HAL_SYSTICK_Callback                     0x0800262d   Thumb Code     2  stm32f4xx_hal_cortex.o(i.HAL_SYSTICK_Callback)
    HAL_SYSTICK_Config                       0x0800262f   Thumb Code    40  stm32f4xx_hal_cortex.o(i.HAL_SYSTICK_Config)
    HAL_SYSTICK_IRQHandler                   0x08002657   Thumb Code     8  stm32f4xx_hal_cortex.o(i.HAL_SYSTICK_IRQHandler)
    HAL_UART_ErrorCallback                   0x0800265f   Thumb Code     2  stm32f4xx_hal_uart.o(i.HAL_UART_ErrorCallback)
    HAL_UART_IRQHandler                      0x08002661   Thumb Code   266  stm32f4xx_hal_uart.o(i.HAL_UART_IRQHandler)
    HAL_UART_Init                            0x08002771   Thumb Code    98  stm32f4xx_hal_uart.o(i.HAL_UART_Init)
    HAL_UART_MspInit                         0x080027d5   Thumb Code   136  stm32f4xx_hal_msp.o(i.HAL_UART_MspInit)
    HAL_UART_Receive_DMA                     0x08002891   Thumb Code   138  stm32f4xx_hal_uart.o(i.HAL_UART_Receive_DMA)
    HAL_UART_RxCpltCallback                  0x08002929   Thumb Code   110  main.o(i.HAL_UART_RxCpltCallback)
    HAL_UART_RxHalfCpltCallback              0x080029c1   Thumb Code     2  stm32f4xx_hal_uart.o(i.HAL_UART_RxHalfCpltCallback)
    HAL_UART_Transmit                        0x080029c3   Thumb Code   186  stm32f4xx_hal_uart.o(i.HAL_UART_Transmit)
    HAL_UART_TxCpltCallback                  0x08002a7d   Thumb Code     2  stm32f4xx_hal_uart.o(i.HAL_UART_TxCpltCallback)
    LOGD                                     0x08002c7d   Thumb Code    16  main.o(i.LOGD)
    MX_USB_DEVICE_Init                       0x08002ee5   Thumb Code    38  usb_device.o(i.MX_USB_DEVICE_Init)
    OTG_FS_IRQHandler                        0x08002f3d   Thumb Code     6  stm32f4xx_it.o(i.OTG_FS_IRQHandler)
    SysTick_Handler                          0x08003087   Thumb Code    14  stm32f4xx_it.o(i.SysTick_Handler)
    SystemClock_Config                       0x08003095   Thumb Code   170  main.o(i.SystemClock_Config)
    SystemInit                               0x08003149   Thumb Code    66  system_stm32f4xx.o(i.SystemInit)
    USART2_IRQHandler                        0x0800366d   Thumb Code     6  stm32f4xx_it.o(i.USART2_IRQHandler)
    USBD_CDC_GetDeviceQualifierDescriptor    0x0800371d   Thumb Code     8  usbd_cdc.o(i.USBD_CDC_GetDeviceQualifierDescriptor)
    USBD_CDC_ReceivePacket                   0x080037d5   Thumb Code    40  usbd_cdc.o(i.USBD_CDC_ReceivePacket)
    USBD_CDC_RegisterInterface               0x080037fd   Thumb Code    16  usbd_cdc.o(i.USBD_CDC_RegisterInterface)
    USBD_CDC_SetRxBuffer                     0x0800380d   Thumb Code    12  usbd_cdc.o(i.USBD_CDC_SetRxBuffer)
    USBD_CDC_SetTxBuffer                     0x08003819   Thumb Code    16  usbd_cdc.o(i.USBD_CDC_SetTxBuffer)
    USBD_CDC_TransmitPacket                  0x08003899   Thumb Code    48  usbd_cdc.o(i.USBD_CDC_TransmitPacket)
    USBD_ClrClassConfig                      0x080038c9   Thumb Code    14  usbd_core.o(i.USBD_ClrClassConfig)
    USBD_CtlContinueRx                       0x080038d7   Thumb Code    16  usbd_ioreq.o(i.USBD_CtlContinueRx)
    USBD_CtlContinueSendData                 0x080038e7   Thumb Code    16  usbd_ioreq.o(i.USBD_CtlContinueSendData)
    USBD_CtlError                            0x080038f7   Thumb Code    22  usbd_ctlreq.o(i.USBD_CtlError)
    USBD_CtlPrepareRx                        0x0800390d   Thumb Code    30  usbd_ioreq.o(i.USBD_CtlPrepareRx)
    USBD_CtlReceiveStatus                    0x0800392b   Thumb Code    22  usbd_ioreq.o(i.USBD_CtlReceiveStatus)
    USBD_CtlSendData                         0x08003941   Thumb Code    26  usbd_ioreq.o(i.USBD_CtlSendData)
    USBD_CtlSendStatus                       0x0800395b   Thumb Code    22  usbd_ioreq.o(i.USBD_CtlSendStatus)
    USBD_FS_ConfigStrDescriptor              0x08003971   Thumb Code    16  usbd_desc.o(i.USBD_FS_ConfigStrDescriptor)
    USBD_FS_DeviceDescriptor                 0x08003995   Thumb Code     8  usbd_desc.o(i.USBD_FS_DeviceDescriptor)
    USBD_FS_InterfaceStrDescriptor           0x080039a1   Thumb Code    16  usbd_desc.o(i.USBD_FS_InterfaceStrDescriptor)
    USBD_FS_LangIDStrDescriptor              0x080039c9   Thumb Code     8  usbd_desc.o(i.USBD_FS_LangIDStrDescriptor)
    USBD_FS_ManufacturerStrDescriptor        0x080039d5   Thumb Code    16  usbd_desc.o(i.USBD_FS_ManufacturerStrDescriptor)
    USBD_FS_ProductStrDescriptor             0x080039fd   Thumb Code    16  usbd_desc.o(i.USBD_FS_ProductStrDescriptor)
    USBD_FS_SerialStrDescriptor              0x08003a1d   Thumb Code    16  usbd_desc.o(i.USBD_FS_SerialStrDescriptor)
    USBD_GetString                           0x08003b3d   Thumb Code    70  usbd_ctlreq.o(i.USBD_GetString)
    USBD_Init                                0x08003b83   Thumb Code    42  usbd_core.o(i.USBD_Init)
    USBD_LL_ClearStallEP                     0x08003bad   Thumb Code    32  usbd_conf.o(i.USBD_LL_ClearStallEP)
    USBD_LL_CloseEP                          0x08003bcd   Thumb Code    32  usbd_conf.o(i.USBD_LL_CloseEP)
    USBD_LL_DataInStage                      0x08003bed   Thumb Code   170  usbd_core.o(i.USBD_LL_DataInStage)
    USBD_LL_DataOutStage                     0x08003c97   Thumb Code   106  usbd_core.o(i.USBD_LL_DataOutStage)
    USBD_LL_DevConnected                     0x08003d01   Thumb Code     4  usbd_core.o(i.USBD_LL_DevConnected)
    USBD_LL_DevDisconnected                  0x08003d05   Thumb Code    22  usbd_core.o(i.USBD_LL_DevDisconnected)
    USBD_LL_GetRxDataSize                    0x08003d1b   Thumb Code     8  usbd_conf.o(i.USBD_LL_GetRxDataSize)
    USBD_LL_Init                             0x08003d25   Thumb Code   100  usbd_conf.o(i.USBD_LL_Init)
    USBD_LL_IsStallEP                        0x08003da9   Thumb Code    32  usbd_conf.o(i.USBD_LL_IsStallEP)
    USBD_LL_IsoINIncomplete                  0x08003dc9   Thumb Code     4  usbd_core.o(i.USBD_LL_IsoINIncomplete)
    USBD_LL_IsoOUTIncomplete                 0x08003dcd   Thumb Code     4  usbd_core.o(i.USBD_LL_IsoOUTIncomplete)
    USBD_LL_OpenEP                           0x08003dd1   Thumb Code    38  usbd_conf.o(i.USBD_LL_OpenEP)
    USBD_LL_PrepareReceive                   0x08003df7   Thumb Code    32  usbd_conf.o(i.USBD_LL_PrepareReceive)
    USBD_LL_Reset                            0x08003e17   Thumb Code    62  usbd_core.o(i.USBD_LL_Reset)
    USBD_LL_Resume                           0x08003e55   Thumb Code    12  usbd_core.o(i.USBD_LL_Resume)
    USBD_LL_SOF                              0x08003e61   Thumb Code    24  usbd_core.o(i.USBD_LL_SOF)
    USBD_LL_SetSpeed                         0x08003e79   Thumb Code     6  usbd_core.o(i.USBD_LL_SetSpeed)
    USBD_LL_SetUSBAddress                    0x08003e7f   Thumb Code    32  usbd_conf.o(i.USBD_LL_SetUSBAddress)
    USBD_LL_SetupStage                       0x08003e9f   Thumb Code    90  usbd_core.o(i.USBD_LL_SetupStage)
    USBD_LL_StallEP                          0x08003ef9   Thumb Code    32  usbd_conf.o(i.USBD_LL_StallEP)
    USBD_LL_Start                            0x08003f19   Thumb Code    32  usbd_conf.o(i.USBD_LL_Start)
    USBD_LL_Suspend                          0x08003f39   Thumb Code    18  usbd_core.o(i.USBD_LL_Suspend)
    USBD_LL_Transmit                         0x08003f4b   Thumb Code    32  usbd_conf.o(i.USBD_LL_Transmit)
    USBD_ParseSetupRequest                   0x08003f6b   Thumb Code    40  usbd_ctlreq.o(i.USBD_ParseSetupRequest)
    USBD_RegisterClass                       0x08003f93   Thumb Code    16  usbd_core.o(i.USBD_RegisterClass)
    USBD_SetClassConfig                      0x08003fa3   Thumb Code    22  usbd_core.o(i.USBD_SetClassConfig)
    USBD_Start                               0x0800402d   Thumb Code    10  usbd_core.o(i.USBD_Start)
    USBD_StdDevReq                           0x08004037   Thumb Code   270  usbd_ctlreq.o(i.USBD_StdDevReq)
    USBD_StdEPReq                            0x08004145   Thumb Code   220  usbd_ctlreq.o(i.USBD_StdEPReq)
    USBD_StdItfReq                           0x08004221   Thumb Code    68  usbd_ctlreq.o(i.USBD_StdItfReq)
    USBD_WinUSBOSFeatureDescriptor           0x080042b1   Thumb Code    42  usbd_desc.o(i.USBD_WinUSBOSFeatureDescriptor)
    USBD_WinUSBOSPropertyDescriptor          0x080042f5   Thumb Code    42  usbd_desc.o(i.USBD_WinUSBOSPropertyDescriptor)
    USBD_WinUSBOSStrDescriptor               0x08004339   Thumb Code    50  usbd_desc.o(i.USBD_WinUSBOSStrDescriptor)
    USB_ActivateEndpoint                     0x08004385   Thumb Code   122  stm32f4xx_ll_usb.o(i.USB_ActivateEndpoint)
    USB_ActivateSetup                        0x08004405   Thumb Code    52  stm32f4xx_ll_usb.o(i.USB_ActivateSetup)
    USB_CoreInit                             0x08004439   Thumb Code   104  stm32f4xx_ll_usb.o(i.USB_CoreInit)
    USB_DeactivateEndpoint                   0x080044dd   Thumb Code   196  stm32f4xx_ll_usb.o(i.USB_DeactivateEndpoint)
    USB_DevConnect                           0x080045a5   Thumb Code    24  stm32f4xx_ll_usb.o(i.USB_DevConnect)
    USB_DevDisconnect                        0x080045bd   Thumb Code    24  stm32f4xx_ll_usb.o(i.USB_DevDisconnect)
    USB_DevInit                              0x080045d5   Thumb Code   302  stm32f4xx_ll_usb.o(i.USB_DevInit)
    USB_DisableGlobalInt                     0x08004715   Thumb Code    12  stm32f4xx_ll_usb.o(i.USB_DisableGlobalInt)
    USB_EP0StartXfer                         0x08004721   Thumb Code   316  stm32f4xx_ll_usb.o(i.USB_EP0StartXfer)
    USB_EP0_OutStart                         0x08004861   Thumb Code    62  stm32f4xx_ll_usb.o(i.USB_EP0_OutStart)
    USB_EPClearStall                         0x0800489f   Thumb Code   100  stm32f4xx_ll_usb.o(i.USB_EPClearStall)
    USB_EPSetStall                           0x08004903   Thumb Code    94  stm32f4xx_ll_usb.o(i.USB_EPSetStall)
    USB_EPStartXfer                          0x08004961   Thumb Code   534  stm32f4xx_ll_usb.o(i.USB_EPStartXfer)
    USB_EnableGlobalInt                      0x08004b7d   Thumb Code    12  stm32f4xx_ll_usb.o(i.USB_EnableGlobalInt)
    USB_FlushRxFifo                          0x08004b89   Thumb Code    28  stm32f4xx_ll_usb.o(i.USB_FlushRxFifo)
    USB_FlushTxFifo                          0x08004ba9   Thumb Code    32  stm32f4xx_ll_usb.o(i.USB_FlushTxFifo)
    USB_GetDevSpeed                          0x08004bcd   Thumb Code    60  stm32f4xx_ll_usb.o(i.USB_GetDevSpeed)
    USB_GetMode                              0x08004c09   Thumb Code     8  stm32f4xx_ll_usb.o(i.USB_GetMode)
    USB_ReadDevAllInEpInterrupt              0x08004c11   Thumb Code    14  stm32f4xx_ll_usb.o(i.USB_ReadDevAllInEpInterrupt)
    USB_ReadDevAllOutEpInterrupt             0x08004c1f   Thumb Code    14  stm32f4xx_ll_usb.o(i.USB_ReadDevAllOutEpInterrupt)
    USB_ReadDevInEPInterrupt                 0x08004c2d   Thumb Code    30  stm32f4xx_ll_usb.o(i.USB_ReadDevInEPInterrupt)
    USB_ReadDevOutEPInterrupt                0x08004c4b   Thumb Code    16  stm32f4xx_ll_usb.o(i.USB_ReadDevOutEPInterrupt)
    USB_ReadInterrupts                       0x08004c5b   Thumb Code     8  stm32f4xx_ll_usb.o(i.USB_ReadInterrupts)
    USB_ReadPacket                           0x08004c63   Thumb Code    32  stm32f4xx_ll_usb.o(i.USB_ReadPacket)
    USB_SetCurrentMode                       0x08004c83   Thumb Code    44  stm32f4xx_ll_usb.o(i.USB_SetCurrentMode)
    USB_SetDevAddress                        0x08004caf   Thumb Code    34  stm32f4xx_ll_usb.o(i.USB_SetDevAddress)
    USB_WritePacket                          0x08004cd1   Thumb Code    40  stm32f4xx_ll_usb.o(i.USB_WritePacket)
    _Error_Handler                           0x08004cf9   Thumb Code     2  main.o(i._Error_Handler)
    __0sprintf$8                             0x08004cfd   Thumb Code    34  printf8.o(i.__0sprintf$8)
    __1sprintf$8                             0x08004cfd   Thumb Code     0  printf8.o(i.__0sprintf$8)
    __2sprintf                               0x08004cfd   Thumb Code     0  printf8.o(i.__0sprintf$8)
    __scatterload_copy                       0x08004d25   Thumb Code    14  handlers.o(i.__scatterload_copy)
    __scatterload_null                       0x08004d33   Thumb Code     2  handlers.o(i.__scatterload_null)
    __scatterload_zeroinit                   0x08004d35   Thumb Code    14  handlers.o(i.__scatterload_zeroinit)
    free                                     0x080051b1   Thumb Code    76  malloc.o(i.free)
    init_ACC                                 0x08005201   Thumb Code   136  main.o(i.init_ACC)
    main                                     0x080052a1   Thumb Code   374  main.o(i.main)
    malloc                                   0x0800544d   Thumb Code    92  malloc.o(i.malloc)
    on_CDC_Receive_FS                        0x080054b9   Thumb Code   204  main.o(i.on_CDC_Receive_FS)
    USBD_OS_STRING                           0x080055d2   Data           8  usbd_desc.o(.constdata)
    AHBPrescTable                            0x0800563c   Data          16  system_stm32f4xx.o(.constdata)
    APBPrescTable                            0x0800564c   Data           8  system_stm32f4xx.o(.constdata)
    Region$$Table$$Base                      0x08005654   Number         0  anon$$obj.o(Region$$Table)
    Region$$Table$$Limit                     0x08005674   Number         0  anon$$obj.o(Region$$Table)
    usb_rxne                                 0x20000000   Data           1  main.o(.data)
    uart_dump                                0x20000001   Data           1  main.o(.data)
    enable_acc                               0x20000002   Data           1  main.o(.data)
    enable_bridge_acc                        0x20000003   Data           1  main.o(.data)
    uart_rxc                                 0x20000004   Data           2  main.o(.data)
    ir                                       0x20000008   Data           4  main.o(.data)
    iurx                                     0x2000000c   Data           4  main.o(.data)
    uart_rx                                  0x20000010   Data           8  main.o(.data)
    uart_tx                                  0x20000018   Data           8  main.o(.data)
    FS_Desc                                  0x20000020   Data          36  usbd_desc.o(.data)
    USBD_LangIDDesc                          0x20000044   Data           4  usbd_desc.o(.data)
    USBD_FS_DeviceDesc                       0x20000048   Data          18  usbd_desc.o(.data)
    USBD_WINUSB_OSFeatureDesc                0x2000005c   Data          40  usbd_desc.o(.data)
    USBD_WINUSB_OSPropertyDesc               0x20000084   Data         142  usbd_desc.o(.data)
    USBD_Interface_fops_FS                   0x20000114   Data          16  usbd_cdc_if.o(.data)
    uwTickFreq                               0x20000124   Data           1  stm32f4xx_hal.o(.data)
    uwTickPrio                               0x20000128   Data           4  stm32f4xx_hal.o(.data)
    uwTick                                   0x2000012c   Data           4  stm32f4xx_hal.o(.data)
    SystemCoreClock                          0x20000130   Data           4  system_stm32f4xx.o(.data)
    USBD_CDC_CfgHSDesc                       0x20000148   Data          32  usbd_cdc.o(.data)
    USBD_CDC_CfgFSDesc                       0x20000168   Data          32  usbd_cdc.o(.data)
    USBD_CDC                                 0x20000188   Data          60  usbd_cdc.o(.data)
    __microlib_freelist                      0x200001c4   Data           4  mvars.o(.data)
    __microlib_freelist_initialised          0x200001c8   Data           4  mvars.o(.data)
    hi2c1                                    0x200001cc   Data          84  main.o(.bss)
    hi2s3                                    0x20000220   Data          72  main.o(.bss)
    hspi1                                    0x20000268   Data          88  main.o(.bss)
    huart2                                   0x200002c0   Data          64  main.o(.bss)
    usb_rx                                   0x20000300   Data         512  main.o(.bss)
    usb_tx                                   0x20000500   Data         512  main.o(.bss)
    spi_rx                                   0x20000700   Data         512  main.o(.bss)
    spi_tx                                   0x20000900   Data         512  main.o(.bss)
    hdma_usart2_rx                           0x20000b00   Data          96  main.o(.bss)
    hUsbDeviceFS                             0x20000b60   Data         548  usb_device.o(.bss)
    hpcd_USB_OTG_FS                          0x20000d84   Data        1008  usbd_conf.o(.bss)
    USBD_StrDesc                             0x20001174   Data         512  usbd_desc.o(.bss)
    UserRxBufferFS                           0x20001374   Data        2048  usbd_cdc_if.o(.bss)
    UserTxBufferFS                           0x20001b74   Data        2048  usbd_cdc_if.o(.bss)
    __heap_base                              0x20002378   Data           0  startup_stm32f407xx.o(HEAP)
    __heap_limit                             0x20004378   Data           0  startup_stm32f407xx.o(HEAP)
    __initial_sp                             0x20008378   Data           0  startup_stm32f407xx.o(STACK)



==============================================================================

Memory Map of the image

  Image Entry point : 0x08000189

  Load Region LR_IROM1 (Base: 0x08000000, Size: 0x00005840, Max: 0x00100000, ABSOLUTE, COMPRESSED[0x00005788])

    Execution Region ER_IROM1 (Exec base: 0x08000000, Load base: 0x08000000, Size: 0x00005674, Max: 0x00100000, ABSOLUTE)

    Exec Addr    Load Addr    Size         Type   Attr      Idx    E Section Name        Object

    0x08000000   0x08000000   0x00000188   Data   RO            3    RESET               startup_stm32f407xx.o
    0x08000188   0x08000188   0x00000000   Code   RO         4083  * .ARM.Collect$$$$00000000  mc_w.l(entry.o)
    0x08000188   0x08000188   0x00000004   Code   RO         4391    .ARM.Collect$$$$00000001  mc_w.l(entry2.o)
    0x0800018c   0x0800018c   0x00000004   Code   RO         4394    .ARM.Collect$$$$00000004  mc_w.l(entry5.o)
    0x08000190   0x08000190   0x00000000   Code   RO         4396    .ARM.Collect$$$$00000008  mc_w.l(entry7b.o)
    0x08000190   0x08000190   0x00000000   Code   RO         4398    .ARM.Collect$$$$0000000A  mc_w.l(entry8b.o)
    0x08000190   0x08000190   0x00000008   Code   RO         4399    .ARM.Collect$$$$0000000B  mc_w.l(entry9a.o)
    0x08000198   0x08000198   0x00000000   Code   RO         4401    .ARM.Collect$$$$0000000D  mc_w.l(entry10a.o)
    0x08000198   0x08000198   0x00000000   Code   RO         4403    .ARM.Collect$$$$0000000F  mc_w.l(entry11a.o)
    0x08000198   0x08000198   0x00000004   Code   RO         4392    .ARM.Collect$$$$00002712  mc_w.l(entry2.o)
    0x0800019c   0x0800019c   0x00000024   Code   RO            4    .text               startup_stm32f407xx.o
    0x080001c0   0x080001c0   0x00000062   Code   RO         4086    .text               mc_w.l(uldiv.o)
    0x08000222   0x08000222   0x00000040   Code   RO         4090    .text               mc_w.l(memmovea.o)
    0x08000262   0x08000262   0x00000024   Code   RO         4092    .text               mc_w.l(memseta.o)
    0x08000286   0x08000286   0x00000018   Code   RO         4094    .text               mc_w.l(strcat.o)
    0x0800029e   0x0800029e   0x0000000e   Code   RO         4096    .text               mc_w.l(strlen.o)
    0x080002ac   0x080002ac   0x0000001e   Code   RO         4410    .text               mc_w.l(llshl.o)
    0x080002ca   0x080002ca   0x00000020   Code   RO         4412    .text               mc_w.l(llushr.o)
    0x080002ea   0x080002ea   0x00000002   PAD
    0x080002ec   0x080002ec   0x00000024   Code   RO         4427    .text               mc_w.l(init.o)
    0x08000310   0x08000310   0x00000056   Code   RO         4443    .text               mc_w.l(__dczerorl2.o)
    0x08000366   0x08000366   0x00000004   Code   RO          685    i.CDC_Control_FS    usbd_cdc_if.o
    0x0800036a   0x0800036a   0x00000004   Code   RO          686    i.CDC_DeInit_FS     usbd_cdc_if.o
    0x0800036e   0x0800036e   0x00000002   PAD
    0x08000370   0x08000370   0x00000024   Code   RO          687    i.CDC_Init_FS       usbd_cdc_if.o
    0x08000394   0x08000394   0x00000074   Code   RO          688    i.CDC_Receive_FS    usbd_cdc_if.o
    0x08000408   0x08000408   0x0000002c   Code   RO          689    i.CDC_Transmit_FS   usbd_cdc_if.o
    0x08000434   0x08000434   0x00000018   Code   RO          690    i.CDC_is_busy       usbd_cdc_if.o
    0x0800044c   0x0800044c   0x0000000c   Code   RO          250    i.DMA1_Stream5_IRQHandler  stm32f4xx_it.o
    0x08000458   0x08000458   0x00000028   Code   RO         1730    i.DMA_CalcBaseAndBitshift  stm32f4xx_hal_dma.o
    0x08000480   0x08000480   0x00000054   Code   RO         1731    i.DMA_CheckFifoParam  stm32f4xx_hal_dma.o
    0x080004d4   0x080004d4   0x00000028   Code   RO         1732    i.DMA_SetConfig     stm32f4xx_hal_dma.o
    0x080004fc   0x080004fc   0x00000006   Code   RO          251    i.EXTI0_IRQHandler  stm32f4xx_it.o
    0x08000502   0x08000502   0x00000024   Code   RO         1734    i.HAL_DMA_Abort_IT  stm32f4xx_hal_dma.o
    0x08000526   0x08000526   0x00000002   PAD
    0x08000528   0x08000528   0x000001a0   Code   RO         1738    i.HAL_DMA_IRQHandler  stm32f4xx_hal_dma.o
    0x080006c8   0x080006c8   0x000000d4   Code   RO         1739    i.HAL_DMA_Init      stm32f4xx_hal_dma.o
    0x0800079c   0x0800079c   0x00000078   Code   RO         1743    i.HAL_DMA_Start_IT  stm32f4xx_hal_dma.o
    0x08000814   0x08000814   0x00000024   Code   RO         2152    i.HAL_Delay         stm32f4xx_hal.o
    0x08000838   0x08000838   0x00000002   Code   RO         1624    i.HAL_GPIO_EXTI_Callback  stm32f4xx_hal_gpio.o
    0x0800083a   0x0800083a   0x00000002   PAD
    0x0800083c   0x0800083c   0x00000018   Code   RO         1625    i.HAL_GPIO_EXTI_IRQHandler  stm32f4xx_hal_gpio.o
    0x08000854   0x08000854   0x000001b0   Code   RO         1626    i.HAL_GPIO_Init     stm32f4xx_hal_gpio.o
    0x08000a04   0x08000a04   0x00000008   Code   RO         1629    i.HAL_GPIO_TogglePin  stm32f4xx_hal_gpio.o
    0x08000a0c   0x08000a0c   0x0000000a   Code   RO         1630    i.HAL_GPIO_WritePin  stm32f4xx_hal_gpio.o
    0x08000a16   0x08000a16   0x00000002   PAD
    0x08000a18   0x08000a18   0x0000000c   Code   RO         2158    i.HAL_GetTick       stm32f4xx_hal.o
    0x08000a24   0x08000a24   0x00000108   Code   RO         2327    i.HAL_I2C_Init      stm32f4xx_hal_i2c.o
    0x08000b2c   0x08000b2c   0x0000004c   Code   RO          303    i.HAL_I2C_MspInit   stm32f4xx_hal_msp.o
    0x08000b78   0x08000b78   0x000001e4   Code   RO         2911    i.HAL_I2SEx_FullDuplex_IRQHandler  stm32f4xx_hal_i2s_ex.o
    0x08000d5c   0x08000d5c   0x00000002   Code   RO         2915    i.HAL_I2SEx_TxRxCpltCallback  stm32f4xx_hal_i2s_ex.o
    0x08000d5e   0x08000d5e   0x00000002   Code   RO         2736    i.HAL_I2S_ErrorCallback  stm32f4xx_hal_i2s.o
    0x08000d60   0x08000d60   0x00000180   Code   RO         2740    i.HAL_I2S_Init      stm32f4xx_hal_i2s.o
    0x08000ee0   0x08000ee0   0x00000064   Code   RO          305    i.HAL_I2S_MspInit   stm32f4xx_hal_msp.o
    0x08000f44   0x08000f44   0x00000002   Code   RO         2746    i.HAL_I2S_RxCpltCallback  stm32f4xx_hal_i2s.o
    0x08000f46   0x08000f46   0x00000002   Code   RO         2751    i.HAL_I2S_TxCpltCallback  stm32f4xx_hal_i2s.o
    0x08000f48   0x08000f48   0x00000010   Code   RO         2162    i.HAL_IncTick       stm32f4xx_hal.o
    0x08000f58   0x08000f58   0x00000034   Code   RO         2163    i.HAL_Init          stm32f4xx_hal.o
    0x08000f8c   0x08000f8c   0x00000040   Code   RO         2164    i.HAL_InitTick      stm32f4xx_hal.o
    0x08000fcc   0x08000fcc   0x00000084   Code   RO          306    i.HAL_MspInit       stm32f4xx_hal_msp.o
    0x08001050   0x08001050   0x00000016   Code   RO         2015    i.HAL_NVIC_EnableIRQ  stm32f4xx_hal_cortex.o
    0x08001066   0x08001066   0x00000002   PAD
    0x08001068   0x08001068   0x00000040   Code   RO         2021    i.HAL_NVIC_SetPriority  stm32f4xx_hal_cortex.o
    0x080010a8   0x080010a8   0x00000024   Code   RO         2022    i.HAL_NVIC_SetPriorityGrouping  stm32f4xx_hal_cortex.o
    0x080010cc   0x080010cc   0x00000008   Code   RO          958    i.HAL_PCDEx_SetRxFiFo  stm32f4xx_hal_pcd_ex.o
    0x080010d4   0x080010d4   0x00000044   Code   RO          959    i.HAL_PCDEx_SetTxFiFo  stm32f4xx_hal_pcd_ex.o
    0x08001118   0x08001118   0x00000008   Code   RO          409    i.HAL_PCD_ConnectCallback  usbd_conf.o
    0x08001120   0x08001120   0x00000012   Code   RO          410    i.HAL_PCD_DataInStageCallback  usbd_conf.o
    0x08001132   0x08001132   0x00000014   Code   RO          411    i.HAL_PCD_DataOutStageCallback  usbd_conf.o
    0x08001146   0x08001146   0x00000008   Code   RO          412    i.HAL_PCD_DisconnectCallback  usbd_conf.o
    0x0800114e   0x0800114e   0x00000044   Code   RO          752    i.HAL_PCD_EP_Close  stm32f4xx_hal_pcd.o
    0x08001192   0x08001192   0x00000050   Code   RO          753    i.HAL_PCD_EP_ClrStall  stm32f4xx_hal_pcd.o
    0x080011e2   0x080011e2   0x00000014   Code   RO          755    i.HAL_PCD_EP_GetRxCount  stm32f4xx_hal_pcd.o
    0x080011f6   0x080011f6   0x00000054   Code   RO          756    i.HAL_PCD_EP_Open   stm32f4xx_hal_pcd.o
    0x0800124a   0x0800124a   0x00000048   Code   RO          757    i.HAL_PCD_EP_Receive  stm32f4xx_hal_pcd.o
    0x08001292   0x08001292   0x00000060   Code   RO          758    i.HAL_PCD_EP_SetStall  stm32f4xx_hal_pcd.o
    0x080012f2   0x080012f2   0x00000040   Code   RO          759    i.HAL_PCD_EP_Transmit  stm32f4xx_hal_pcd.o
    0x08001332   0x08001332   0x00000002   PAD
    0x08001334   0x08001334   0x000004f4   Code   RO          761    i.HAL_PCD_IRQHandler  stm32f4xx_hal_pcd.o
    0x08001828   0x08001828   0x00000008   Code   RO          413    i.HAL_PCD_ISOINIncompleteCallback  usbd_conf.o
    0x08001830   0x08001830   0x00000008   Code   RO          414    i.HAL_PCD_ISOOUTIncompleteCallback  usbd_conf.o
    0x08001838   0x08001838   0x000000be   Code   RO          764    i.HAL_PCD_Init      stm32f4xx_hal_pcd.o
    0x080018f6   0x080018f6   0x00000002   PAD
    0x080018f8   0x080018f8   0x00000078   Code   RO          416    i.HAL_PCD_MspInit   usbd_conf.o
    0x08001970   0x08001970   0x00000020   Code   RO          417    i.HAL_PCD_ResetCallback  usbd_conf.o
    0x08001990   0x08001990   0x00000008   Code   RO          418    i.HAL_PCD_ResumeCallback  usbd_conf.o
    0x08001998   0x08001998   0x00000008   Code   RO          419    i.HAL_PCD_SOFCallback  usbd_conf.o
    0x080019a0   0x080019a0   0x00000024   Code   RO          770    i.HAL_PCD_SetAddress  stm32f4xx_hal_pcd.o
    0x080019c4   0x080019c4   0x0000000e   Code   RO          420    i.HAL_PCD_SetupStageCallback  usbd_conf.o
    0x080019d2   0x080019d2   0x0000002a   Code   RO          772    i.HAL_PCD_Start     stm32f4xx_hal_pcd.o
    0x080019fc   0x080019fc   0x00000030   Code   RO          421    i.HAL_PCD_SuspendCallback  usbd_conf.o
    0x08001a2c   0x08001a2c   0x0000005c   Code   RO         1376    i.HAL_RCCEx_GetPeriphCLKFreq  stm32f4xx_hal_rcc_ex.o
    0x08001a88   0x08001a88   0x0000013c   Code   RO         1377    i.HAL_RCCEx_PeriphCLKConfig  stm32f4xx_hal_rcc_ex.o
    0x08001bc4   0x08001bc4   0x00000130   Code   RO         1272    i.HAL_RCC_ClockConfig  stm32f4xx_hal_rcc.o
    0x08001cf4   0x08001cf4   0x0000000c   Code   RO         1277    i.HAL_RCC_GetHCLKFreq  stm32f4xx_hal_rcc.o
    0x08001d00   0x08001d00   0x00000020   Code   RO         1279    i.HAL_RCC_GetPCLK1Freq  stm32f4xx_hal_rcc.o
    0x08001d20   0x08001d20   0x00000020   Code   RO         1280    i.HAL_RCC_GetPCLK2Freq  stm32f4xx_hal_rcc.o
    0x08001d40   0x08001d40   0x00000060   Code   RO         1281    i.HAL_RCC_GetSysClockFreq  stm32f4xx_hal_rcc.o
    0x08001da0   0x08001da0   0x0000031c   Code   RO         1284    i.HAL_RCC_OscConfig  stm32f4xx_hal_rcc.o
    0x080020bc   0x080020bc   0x00000080   Code   RO         3006    i.HAL_SPI_Init      stm32f4xx_hal_spi.o
    0x0800213c   0x0800213c   0x00000048   Code   RO          308    i.HAL_SPI_MspInit   stm32f4xx_hal_msp.o
    0x08002184   0x08002184   0x00000150   Code   RO         3009    i.HAL_SPI_Receive   stm32f4xx_hal_spi.o
    0x080022d4   0x080022d4   0x00000168   Code   RO         3014    i.HAL_SPI_Transmit  stm32f4xx_hal_spi.o
    0x0800243c   0x0800243c   0x000001d8   Code   RO         3015    i.HAL_SPI_TransmitReceive  stm32f4xx_hal_spi.o
    0x08002614   0x08002614   0x00000018   Code   RO         2024    i.HAL_SYSTICK_CLKSourceConfig  stm32f4xx_hal_cortex.o
    0x0800262c   0x0800262c   0x00000002   Code   RO         2025    i.HAL_SYSTICK_Callback  stm32f4xx_hal_cortex.o
    0x0800262e   0x0800262e   0x00000028   Code   RO         2026    i.HAL_SYSTICK_Config  stm32f4xx_hal_cortex.o
    0x08002656   0x08002656   0x00000008   Code   RO         2027    i.HAL_SYSTICK_IRQHandler  stm32f4xx_hal_cortex.o
    0x0800265e   0x0800265e   0x00000002   Code   RO         3369    i.HAL_UART_ErrorCallback  stm32f4xx_hal_uart.o
    0x08002660   0x08002660   0x00000110   Code   RO         3372    i.HAL_UART_IRQHandler  stm32f4xx_hal_uart.o
    0x08002770   0x08002770   0x00000062   Code   RO         3373    i.HAL_UART_Init     stm32f4xx_hal_uart.o
    0x080027d2   0x080027d2   0x00000002   PAD
    0x080027d4   0x080027d4   0x000000bc   Code   RO          310    i.HAL_UART_MspInit  stm32f4xx_hal_msp.o
    0x08002890   0x08002890   0x00000098   Code   RO         3377    i.HAL_UART_Receive_DMA  stm32f4xx_hal_uart.o
    0x08002928   0x08002928   0x00000098   Code   RO           13    i.HAL_UART_RxCpltCallback  main.o
    0x080029c0   0x080029c0   0x00000002   Code   RO         3380    i.HAL_UART_RxHalfCpltCallback  stm32f4xx_hal_uart.o
    0x080029c2   0x080029c2   0x000000ba   Code   RO         3381    i.HAL_UART_Transmit  stm32f4xx_hal_uart.o
    0x08002a7c   0x08002a7c   0x00000002   Code   RO         3384    i.HAL_UART_TxCpltCallback  stm32f4xx_hal_uart.o
    0x08002a7e   0x08002a7e   0x00000002   PAD
    0x08002a80   0x08002a80   0x00000088   Code   RO         2917    i.I2SEx_FullDuplexRx_IT  stm32f4xx_hal_i2s_ex.o
    0x08002b08   0x08002b08   0x00000084   Code   RO         2918    i.I2SEx_FullDuplexTx_IT  stm32f4xx_hal_i2s_ex.o
    0x08002b8c   0x08002b8c   0x000000f0   Code   RO         2758    i.I2S_IRQHandler    stm32f4xx_hal_i2s.o
    0x08002c7c   0x08002c7c   0x00000014   Code   RO           14    i.LOGD              main.o
    0x08002c90   0x08002c90   0x00000170   Code   RO           15    i.MX_GPIO_Init      main.o
    0x08002e00   0x08002e00   0x00000038   Code   RO           16    i.MX_I2C1_Init      main.o
    0x08002e38   0x08002e38   0x00000038   Code   RO           17    i.MX_I2S3_Init      main.o
    0x08002e70   0x08002e70   0x00000040   Code   RO           18    i.MX_SPI1_Init      main.o
    0x08002eb0   0x08002eb0   0x00000034   Code   RO           19    i.MX_USART2_UART_Init  main.o
    0x08002ee4   0x08002ee4   0x00000038   Code   RO          375    i.MX_USB_DEVICE_Init  usb_device.o
    0x08002f1c   0x08002f1c   0x00000020   Code   RO         2028    i.NVIC_SetPriority  stm32f4xx_hal_cortex.o
    0x08002f3c   0x08002f3c   0x0000000c   Code   RO          252    i.OTG_FS_IRQHandler  stm32f4xx_it.o
    0x08002f48   0x08002f48   0x00000088   Code   RO          775    i.PCD_WriteEmptyTxFifo  stm32f4xx_hal_pcd.o
    0x08002fd0   0x08002fd0   0x00000020   Code   RO         3030    i.SPI_CheckFlag_BSY  stm32f4xx_hal_spi.o
    0x08002ff0   0x08002ff0   0x00000096   Code   RO         3048    i.SPI_WaitFlagStateUntilTimeout  stm32f4xx_hal_spi.o
    0x08003086   0x08003086   0x0000000e   Code   RO          253    i.SysTick_Handler   stm32f4xx_it.o
    0x08003094   0x08003094   0x000000b4   Code   RO           20    i.SystemClock_Config  main.o
    0x08003148   0x08003148   0x00000054   Code   RO         3675    i.SystemInit        system_stm32f4xx.o
    0x0800319c   0x0800319c   0x00000010   Code   RO         3386    i.UART_DMAAbortOnError  stm32f4xx_hal_uart.o
    0x080031ac   0x080031ac   0x0000004a   Code   RO         3387    i.UART_DMAError     stm32f4xx_hal_uart.o
    0x080031f6   0x080031f6   0x0000003c   Code   RO         3388    i.UART_DMAReceiveCplt  stm32f4xx_hal_uart.o
    0x08003232   0x08003232   0x0000000a   Code   RO         3390    i.UART_DMARxHalfCplt  stm32f4xx_hal_uart.o
    0x0800323c   0x0800323c   0x0000001c   Code   RO         3396    i.UART_EndRxTransfer  stm32f4xx_hal_uart.o
    0x08003258   0x08003258   0x00000012   Code   RO         3397    i.UART_EndTxTransfer  stm32f4xx_hal_uart.o
    0x0800326a   0x0800326a   0x0000008c   Code   RO         3398    i.UART_Receive_IT   stm32f4xx_hal_uart.o
    0x080032f6   0x080032f6   0x00000002   PAD
    0x080032f8   0x080032f8   0x000002ac   Code   RO         3399    i.UART_SetConfig    stm32f4xx_hal_uart.o
    0x080035a4   0x080035a4   0x00000062   Code   RO         3400    i.UART_Transmit_IT  stm32f4xx_hal_uart.o
    0x08003606   0x08003606   0x00000064   Code   RO         3401    i.UART_WaitOnFlagUntilTimeout  stm32f4xx_hal_uart.o
    0x0800366a   0x0800366a   0x00000002   PAD
    0x0800366c   0x0800366c   0x0000000c   Code   RO          254    i.USART2_IRQHandler  stm32f4xx_it.o
    0x08003678   0x08003678   0x00000014   Code   RO         3980    i.USBD_CDC_DataIn   usbd_cdc.o
    0x0800368c   0x0800368c   0x0000002e   Code   RO         3981    i.USBD_CDC_DataOut  usbd_cdc.o
    0x080036ba   0x080036ba   0x0000003c   Code   RO         3982    i.USBD_CDC_DeInit   usbd_cdc.o
    0x080036f6   0x080036f6   0x00000024   Code   RO         3983    i.USBD_CDC_EP0_RxReady  usbd_cdc.o
    0x0800371a   0x0800371a   0x00000002   PAD
    0x0800371c   0x0800371c   0x0000000c   Code   RO         3984    i.USBD_CDC_GetDeviceQualifierDescriptor  usbd_cdc.o
    0x08003728   0x08003728   0x0000000c   Code   RO         3985    i.USBD_CDC_GetFSCfgDesc  usbd_cdc.o
    0x08003734   0x08003734   0x0000000c   Code   RO         3986    i.USBD_CDC_GetHSCfgDesc  usbd_cdc.o
    0x08003740   0x08003740   0x0000000c   Code   RO         3987    i.USBD_CDC_GetOtherSpeedCfgDesc  usbd_cdc.o
    0x0800374c   0x0800374c   0x00000088   Code   RO         3988    i.USBD_CDC_Init     usbd_cdc.o
    0x080037d4   0x080037d4   0x00000028   Code   RO         3989    i.USBD_CDC_ReceivePacket  usbd_cdc.o
    0x080037fc   0x080037fc   0x00000010   Code   RO         3990    i.USBD_CDC_RegisterInterface  usbd_cdc.o
    0x0800380c   0x0800380c   0x0000000c   Code   RO         3991    i.USBD_CDC_SetRxBuffer  usbd_cdc.o
    0x08003818   0x08003818   0x00000010   Code   RO         3992    i.USBD_CDC_SetTxBuffer  usbd_cdc.o
    0x08003828   0x08003828   0x00000070   Code   RO         3993    i.USBD_CDC_Setup    usbd_cdc.o
    0x08003898   0x08003898   0x00000030   Code   RO         3994    i.USBD_CDC_TransmitPacket  usbd_cdc.o
    0x080038c8   0x080038c8   0x0000000e   Code   RO         3712    i.USBD_ClrClassConfig  usbd_core.o
    0x080038d6   0x080038d6   0x00000010   Code   RO         3920    i.USBD_CtlContinueRx  usbd_ioreq.o
    0x080038e6   0x080038e6   0x00000010   Code   RO         3921    i.USBD_CtlContinueSendData  usbd_ioreq.o
    0x080038f6   0x080038f6   0x00000016   Code   RO         3850    i.USBD_CtlError     usbd_ctlreq.o
    0x0800390c   0x0800390c   0x0000001e   Code   RO         3922    i.USBD_CtlPrepareRx  usbd_ioreq.o
    0x0800392a   0x0800392a   0x00000016   Code   RO         3923    i.USBD_CtlReceiveStatus  usbd_ioreq.o
    0x08003940   0x08003940   0x0000001a   Code   RO         3924    i.USBD_CtlSendData  usbd_ioreq.o
    0x0800395a   0x0800395a   0x00000016   Code   RO         3925    i.USBD_CtlSendStatus  usbd_ioreq.o
    0x08003970   0x08003970   0x00000024   Code   RO          598    i.USBD_FS_ConfigStrDescriptor  usbd_desc.o
    0x08003994   0x08003994   0x0000000c   Code   RO          599    i.USBD_FS_DeviceDescriptor  usbd_desc.o
    0x080039a0   0x080039a0   0x00000028   Code   RO          600    i.USBD_FS_InterfaceStrDescriptor  usbd_desc.o
    0x080039c8   0x080039c8   0x0000000c   Code   RO          601    i.USBD_FS_LangIDStrDescriptor  usbd_desc.o
    0x080039d4   0x080039d4   0x00000028   Code   RO          602    i.USBD_FS_ManufacturerStrDescriptor  usbd_desc.o
    0x080039fc   0x080039fc   0x00000020   Code   RO          603    i.USBD_FS_ProductStrDescriptor  usbd_desc.o
    0x08003a1c   0x08003a1c   0x00000024   Code   RO          604    i.USBD_FS_SerialStrDescriptor  usbd_desc.o
    0x08003a40   0x08003a40   0x000000fc   Code   RO         3851    i.USBD_GetDescriptor  usbd_ctlreq.o
    0x08003b3c   0x08003b3c   0x00000046   Code   RO         3852    i.USBD_GetString    usbd_ctlreq.o
    0x08003b82   0x08003b82   0x0000002a   Code   RO         3714    i.USBD_Init         usbd_core.o
    0x08003bac   0x08003bac   0x00000020   Code   RO          422    i.USBD_LL_ClearStallEP  usbd_conf.o
    0x08003bcc   0x08003bcc   0x00000020   Code   RO          423    i.USBD_LL_CloseEP   usbd_conf.o
    0x08003bec   0x08003bec   0x000000aa   Code   RO         3715    i.USBD_LL_DataInStage  usbd_core.o
    0x08003c96   0x08003c96   0x0000006a   Code   RO         3716    i.USBD_LL_DataOutStage  usbd_core.o
    0x08003d00   0x08003d00   0x00000004   Code   RO         3717    i.USBD_LL_DevConnected  usbd_core.o
    0x08003d04   0x08003d04   0x00000016   Code   RO         3718    i.USBD_LL_DevDisconnected  usbd_core.o
    0x08003d1a   0x08003d1a   0x00000008   Code   RO          427    i.USBD_LL_GetRxDataSize  usbd_conf.o
    0x08003d22   0x08003d22   0x00000002   PAD
    0x08003d24   0x08003d24   0x00000084   Code   RO          428    i.USBD_LL_Init      usbd_conf.o
    0x08003da8   0x08003da8   0x00000020   Code   RO          429    i.USBD_LL_IsStallEP  usbd_conf.o
    0x08003dc8   0x08003dc8   0x00000004   Code   RO         3719    i.USBD_LL_IsoINIncomplete  usbd_core.o
    0x08003dcc   0x08003dcc   0x00000004   Code   RO         3720    i.USBD_LL_IsoOUTIncomplete  usbd_core.o
    0x08003dd0   0x08003dd0   0x00000026   Code   RO          430    i.USBD_LL_OpenEP    usbd_conf.o
    0x08003df6   0x08003df6   0x00000020   Code   RO          431    i.USBD_LL_PrepareReceive  usbd_conf.o
    0x08003e16   0x08003e16   0x0000003e   Code   RO         3721    i.USBD_LL_Reset     usbd_core.o
    0x08003e54   0x08003e54   0x0000000c   Code   RO         3722    i.USBD_LL_Resume    usbd_core.o
    0x08003e60   0x08003e60   0x00000018   Code   RO         3723    i.USBD_LL_SOF       usbd_core.o
    0x08003e78   0x08003e78   0x00000006   Code   RO         3724    i.USBD_LL_SetSpeed  usbd_core.o
    0x08003e7e   0x08003e7e   0x00000020   Code   RO          432    i.USBD_LL_SetUSBAddress  usbd_conf.o
    0x08003e9e   0x08003e9e   0x0000005a   Code   RO         3725    i.USBD_LL_SetupStage  usbd_core.o
    0x08003ef8   0x08003ef8   0x00000020   Code   RO          433    i.USBD_LL_StallEP   usbd_conf.o
    0x08003f18   0x08003f18   0x00000020   Code   RO          434    i.USBD_LL_Start     usbd_conf.o
    0x08003f38   0x08003f38   0x00000012   Code   RO         3726    i.USBD_LL_Suspend   usbd_core.o
    0x08003f4a   0x08003f4a   0x00000020   Code   RO          436    i.USBD_LL_Transmit  usbd_conf.o
    0x08003f6a   0x08003f6a   0x00000028   Code   RO         3853    i.USBD_ParseSetupRequest  usbd_ctlreq.o
    0x08003f92   0x08003f92   0x00000010   Code   RO         3727    i.USBD_RegisterClass  usbd_core.o
    0x08003fa2   0x08003fa2   0x00000016   Code   RO         3729    i.USBD_SetClassConfig  usbd_core.o
    0x08003fb8   0x08003fb8   0x00000074   Code   RO         3854    i.USBD_SetConfig    usbd_ctlreq.o
    0x0800402c   0x0800402c   0x0000000a   Code   RO         3730    i.USBD_Start        usbd_core.o
    0x08004036   0x08004036   0x0000010e   Code   RO         3855    i.USBD_StdDevReq    usbd_ctlreq.o
    0x08004144   0x08004144   0x000000dc   Code   RO         3856    i.USBD_StdEPReq     usbd_ctlreq.o
    0x08004220   0x08004220   0x00000044   Code   RO         3857    i.USBD_StdItfReq    usbd_ctlreq.o
    0x08004264   0x08004264   0x0000004c   Code   RO         3858    i.USBD_WinUSBGetDescriptor  usbd_ctlreq.o
    0x080042b0   0x080042b0   0x00000044   Code   RO          605    i.USBD_WinUSBOSFeatureDescriptor  usbd_desc.o
    0x080042f4   0x080042f4   0x00000044   Code   RO          606    i.USBD_WinUSBOSPropertyDescriptor  usbd_desc.o
    0x08004338   0x08004338   0x0000004c   Code   RO          607    i.USBD_WinUSBOSStrDescriptor  usbd_desc.o
    0x08004384   0x08004384   0x00000080   Code   RO          989    i.USB_ActivateEndpoint  stm32f4xx_ll_usb.o
    0x08004404   0x08004404   0x00000034   Code   RO          990    i.USB_ActivateSetup  stm32f4xx_ll_usb.o
    0x08004438   0x08004438   0x0000006c   Code   RO          992    i.USB_CoreInit      stm32f4xx_ll_usb.o
    0x080044a4   0x080044a4   0x00000038   Code   RO          993    i.USB_CoreReset     stm32f4xx_ll_usb.o
    0x080044dc   0x080044dc   0x000000c8   Code   RO          995    i.USB_DeactivateEndpoint  stm32f4xx_ll_usb.o
    0x080045a4   0x080045a4   0x00000018   Code   RO          996    i.USB_DevConnect    stm32f4xx_ll_usb.o
    0x080045bc   0x080045bc   0x00000018   Code   RO          997    i.USB_DevDisconnect  stm32f4xx_ll_usb.o
    0x080045d4   0x080045d4   0x00000140   Code   RO          998    i.USB_DevInit       stm32f4xx_ll_usb.o
    0x08004714   0x08004714   0x0000000c   Code   RO          999    i.USB_DisableGlobalInt  stm32f4xx_ll_usb.o
    0x08004720   0x08004720   0x00000140   Code   RO         1002    i.USB_EP0StartXfer  stm32f4xx_ll_usb.o
    0x08004860   0x08004860   0x0000003e   Code   RO         1003    i.USB_EP0_OutStart  stm32f4xx_ll_usb.o
    0x0800489e   0x0800489e   0x00000064   Code   RO         1004    i.USB_EPClearStall  stm32f4xx_ll_usb.o
    0x08004902   0x08004902   0x0000005e   Code   RO         1005    i.USB_EPSetStall    stm32f4xx_ll_usb.o
    0x08004960   0x08004960   0x0000021c   Code   RO         1006    i.USB_EPStartXfer   stm32f4xx_ll_usb.o
    0x08004b7c   0x08004b7c   0x0000000c   Code   RO         1007    i.USB_EnableGlobalInt  stm32f4xx_ll_usb.o
    0x08004b88   0x08004b88   0x00000020   Code   RO         1008    i.USB_FlushRxFifo   stm32f4xx_ll_usb.o
    0x08004ba8   0x08004ba8   0x00000024   Code   RO         1009    i.USB_FlushTxFifo   stm32f4xx_ll_usb.o
    0x08004bcc   0x08004bcc   0x0000003c   Code   RO         1011    i.USB_GetDevSpeed   stm32f4xx_ll_usb.o
    0x08004c08   0x08004c08   0x00000008   Code   RO         1013    i.USB_GetMode       stm32f4xx_ll_usb.o
    0x08004c10   0x08004c10   0x0000000e   Code   RO         1020    i.USB_ReadDevAllInEpInterrupt  stm32f4xx_ll_usb.o
    0x08004c1e   0x08004c1e   0x0000000e   Code   RO         1021    i.USB_ReadDevAllOutEpInterrupt  stm32f4xx_ll_usb.o
    0x08004c2c   0x08004c2c   0x0000001e   Code   RO         1022    i.USB_ReadDevInEPInterrupt  stm32f4xx_ll_usb.o
    0x08004c4a   0x08004c4a   0x00000010   Code   RO         1023    i.USB_ReadDevOutEPInterrupt  stm32f4xx_ll_usb.o
    0x08004c5a   0x08004c5a   0x00000008   Code   RO         1024    i.USB_ReadInterrupts  stm32f4xx_ll_usb.o
    0x08004c62   0x08004c62   0x00000020   Code   RO         1025    i.USB_ReadPacket    stm32f4xx_ll_usb.o
    0x08004c82   0x08004c82   0x0000002c   Code   RO         1027    i.USB_SetCurrentMode  stm32f4xx_ll_usb.o
    0x08004cae   0x08004cae   0x00000022   Code   RO         1028    i.USB_SetDevAddress  stm32f4xx_ll_usb.o
    0x08004cd0   0x08004cd0   0x00000028   Code   RO         1032    i.USB_WritePacket   stm32f4xx_ll_usb.o
    0x08004cf8   0x08004cf8   0x00000002   Code   RO           21    i._Error_Handler    main.o
    0x08004cfa   0x08004cfa   0x00000002   PAD
    0x08004cfc   0x08004cfc   0x00000028   Code   RO         4311    i.__0sprintf$8      mc_w.l(printf8.o)
    0x08004d24   0x08004d24   0x0000000e   Code   RO         4437    i.__scatterload_copy  mc_w.l(handlers.o)
    0x08004d32   0x08004d32   0x00000002   Code   RO         4438    i.__scatterload_null  mc_w.l(handlers.o)
    0x08004d34   0x08004d34   0x0000000e   Code   RO         4439    i.__scatterload_zeroinit  mc_w.l(handlers.o)
    0x08004d42   0x08004d42   0x00000002   PAD
    0x08004d44   0x08004d44   0x00000410   Code   RO         4316    i._printf_core      mc_w.l(printf8.o)
    0x08005154   0x08005154   0x00000024   Code   RO         4317    i._printf_post_padding  mc_w.l(printf8.o)
    0x08005178   0x08005178   0x0000002e   Code   RO         4318    i._printf_pre_padding  mc_w.l(printf8.o)
    0x080051a6   0x080051a6   0x0000000a   Code   RO         4320    i._sputc            mc_w.l(printf8.o)
    0x080051b0   0x080051b0   0x00000050   Code   RO         4363    i.free              mc_w.l(malloc.o)
    0x08005200   0x08005200   0x000000a0   Code   RO           22    i.init_ACC          main.o
    0x080052a0   0x080052a0   0x000001ac   Code   RO           23    i.main              main.o
    0x0800544c   0x0800544c   0x0000006c   Code   RO         4364    i.malloc            mc_w.l(malloc.o)
    0x080054b8   0x080054b8   0x00000108   Code   RO           24    i.on_CDC_Receive_FS  main.o
    0x080055c0   0x080055c0   0x00000012   Data   RO           27    .constdata          main.o
    0x080055d2   0x080055d2   0x00000062   Data   RO          609    .constdata          usbd_desc.o
    0x08005634   0x08005634   0x00000008   Data   RO         1745    .constdata          stm32f4xx_hal_dma.o
    0x0800563c   0x0800563c   0x00000010   Data   RO         3676    .constdata          system_stm32f4xx.o
    0x0800564c   0x0800564c   0x00000008   Data   RO         3677    .constdata          system_stm32f4xx.o
    0x08005654   0x08005654   0x00000020   Data   RO         4435    Region$$Table       anon$$obj.o


    Execution Region RW_IRAM2 (Exec base: 0x10000000, Load base: 0x08005788, Size: 0x00000000, Max: 0x00010000, ABSOLUTE)

    **** No section assigned to this execution region ****


    Execution Region RW_IRAM1 (Exec base: 0x20000000, Load base: 0x08005674, Size: 0x00008378, Max: 0x00020000, ABSOLUTE, COMPRESSED[0x00000114])

    Exec Addr    Load Addr    Size         Type   Attr      Idx    E Section Name        Object

    0x20000000   COMPRESSED   0x00000020   Data   RW           28    .data               main.o
    0x20000020   COMPRESSED   0x00000024   Data   RW          610    .data               usbd_desc.o
    0x20000044   COMPRESSED   0x000000ce   Data   RW          611    .data               usbd_desc.o
    0x20000112   COMPRESSED   0x00000002   PAD
    0x20000114   COMPRESSED   0x00000010   Data   RW          692    .data               usbd_cdc_if.o
    0x20000124   COMPRESSED   0x0000000c   Data   RW         2170    .data               stm32f4xx_hal.o
    0x20000130   COMPRESSED   0x00000004   Data   RW         3678    .data               system_stm32f4xx.o
    0x20000134   COMPRESSED   0x00000001   Data   RW         3859    .data               usbd_ctlreq.o
    0x20000135   COMPRESSED   0x00000003   PAD
    0x20000138   COMPRESSED   0x00000050   Data   RW         3995    .data               usbd_cdc.o
    0x20000188   COMPRESSED   0x0000003c   Data   RW         3996    .data               usbd_cdc.o
    0x200001c4   COMPRESSED   0x00000004   Data   RW         4414    .data               mc_w.l(mvars.o)
    0x200001c8   COMPRESSED   0x00000004   Data   RW         4415    .data               mc_w.l(mvars.o)
    0x200001cc        -       0x00000934   Zero   RW           25    .bss                main.o
    0x20000b00        -       0x00000060   Zero   RW           26    .bss                main.o
    0x20000b60        -       0x00000224   Zero   RW          376    .bss                usb_device.o
    0x20000d84        -       0x000003f0   Zero   RW          437    .bss                usbd_conf.o
    0x20001174        -       0x00000200   Zero   RW          608    .bss                usbd_desc.o
    0x20001374        -       0x00001000   Zero   RW          691    .bss                usbd_cdc_if.o
    0x20002374   COMPRESSED   0x00000004   PAD
    0x20002378        -       0x00002000   Zero   RW            2    HEAP                startup_stm32f407xx.o
    0x20004378        -       0x00004000   Zero   RW            1    STACK               startup_stm32f407xx.o


==============================================================================

Image component sizes


      Code (inc. data)   RO Data    RW Data    ZI Data      Debug   Object Name

      1802        266         18         32       2452     692909   main.o
        36          8        392          0      24576        824   startup_stm32f407xx.o
       180         28          0         12          0       4505   stm32f4xx_hal.o
       228         14          0          0          0      32049   stm32f4xx_hal_cortex.o
       948         16          8          0          0       6390   stm32f4xx_hal_dma.o
       476         50          0          0          0       4153   stm32f4xx_hal_gpio.o
       264         10          0          0          0       2963   stm32f4xx_hal_i2c.o
       630         18          0          0          0       4129   stm32f4xx_hal_i2s.o
       754         26          0          0          0       3559   stm32f4xx_hal_i2s_ex.o
       568        100          0          0          0       3712   stm32f4xx_hal_msp.o
      2156         72          0          0          0      11209   stm32f4xx_hal_pcd.o
        76          0          0          0          0       1816   stm32f4xx_hal_pcd_ex.o
      1272         82          0          0          0       5560   stm32f4xx_hal_rcc.o
       408         36          0          0          0       2245   stm32f4xx_hal_rcc_ex.o
      1478          0          0          0          0       6854   stm32f4xx_hal_spi.o
      1942         28          0          0          0      12602   stm32f4xx_hal_uart.o
        56         18          0          0          0       2335   stm32f4xx_it.o
      2420         56          0          0          0      20104   stm32f4xx_ll_usb.o
        84         18         24          4          0       1151   system_stm32f4xx.o
        56         18          0          0        548        736   usb_device.o
       590         22          0        140          0      12883   usbd_cdc.o
       228         42          0         16       4096       4115   usbd_cdc_if.o
       734         46          0          0       1008      14666   usbd_conf.o
       626          0          0          0          0      11830   usbd_core.o
      1134         14          0          1          0       8764   usbd_ctlreq.o
       420        190         98        242        512       7579   usbd_desc.o
       132          0          0          0          0       4436   usbd_ioreq.o

    ----------------------------------------------------------------------
     19726       1178        572        452      33196     884078   Object Totals
         0          0         32          0          0          0   (incl. Generated)
        28          0          0          5          4          0   (incl. Padding)

    ----------------------------------------------------------------------

      Code (inc. data)   RO Data    RW Data    ZI Data      Debug   Library Member Name

        86          0          0          0          0          0   __dczerorl2.o
         0          0          0          0          0          0   entry.o
         0          0          0          0          0          0   entry10a.o
         0          0          0          0          0          0   entry11a.o
         8          4          0          0          0          0   entry2.o
         4          0          0          0          0          0   entry5.o
         0          0          0          0          0          0   entry7b.o
         0          0          0          0          0          0   entry8b.o
         8          4          0          0          0          0   entry9a.o
        30          0          0          0          0          0   handlers.o
        36          8          0          0          0         68   init.o
        30          0          0          0          0         68   llshl.o
        32          0          0          0          0         68   llushr.o
       188         20          0          0          0        160   malloc.o
        64          0          0          0          0         76   memmovea.o
        36          0          0          0          0        108   memseta.o
         0          0          0          8          0          0   mvars.o
      1172         50          0          0          0        420   printf8.o
        24          0          0          0          0         68   strcat.o
        14          0          0          0          0         68   strlen.o
        98          0          0          0          0         92   uldiv.o

    ----------------------------------------------------------------------
      1834         86          0          8          0       1196   Library Totals
         4          0          0          0          0          0   (incl. Padding)

    ----------------------------------------------------------------------

      Code (inc. data)   RO Data    RW Data    ZI Data      Debug   Library Name

      1830         86          0          8          0       1196   mc_w.l

    ----------------------------------------------------------------------
      1834         86          0          8          0       1196   Library Totals

    ----------------------------------------------------------------------

==============================================================================


      Code (inc. data)   RO Data    RW Data    ZI Data      Debug   

     21560       1264        572        460      33196     863786   Grand Totals
     21560       1264        572        276      33196     863786   ELF Image Totals (compressed)
     21560       1264        572        276          0          0   ROM Totals

==============================================================================

    Total RO  Size (Code + RO Data)                22132 (  21.61kB)
    Total RW  Size (RW Data + ZI Data)             33656 (  32.87kB)
    Total ROM Size (Code + RO Data + RW Data)      22408 (  21.88kB)

==============================================================================

