Component: ARM Compiler 5.06 update 6 (build 750) Tool: armlink [4d35ed]

==============================================================================

Section Cross References

    startup_stm32f407xx.o(RESET) refers to startup_stm32f407xx.o(STACK) for __initial_sp
    startup_stm32f407xx.o(RESET) refers to startup_stm32f407xx.o(.text) for Reset_Handler
    startup_stm32f407xx.o(RESET) refers to stm32f4xx_it.o(i.SysTick_Handler) for SysTick_Handler
    startup_stm32f407xx.o(RESET) refers to stm32f4xx_it.o(i.EXTI0_IRQHandler) for EXTI0_IRQHandler
    startup_stm32f407xx.o(RESET) refers to stm32f4xx_it.o(i.DMA1_Stream5_IRQHandler) for DMA1_Stream5_IRQHandler
    startup_stm32f407xx.o(RESET) refers to stm32f4xx_it.o(i.USART2_IRQHandler) for USART2_IRQHandler
    startup_stm32f407xx.o(RESET) refers to stm32f4xx_it.o(i.OTG_FS_IRQHandler) for OTG_FS_IRQHandler
    startup_stm32f407xx.o(.text) refers to system_stm32f4xx.o(i.SystemInit) for SystemInit
    startup_stm32f407xx.o(.text) refers to entry.o(.ARM.Collect$$$$00000000) for __main
    main.o(i.MX_GPIO_Init) refers to stm32f4xx_hal_gpio.o(i.HAL_GPIO_WritePin) for HAL_GPIO_WritePin
    main.o(i.MX_GPIO_Init) refers to stm32f4xx_hal_gpio.o(i.HAL_GPIO_Init) for HAL_GPIO_Init
    main.o(i.MX_GPIO_Init) refers to stm32f4xx_hal_cortex.o(i.HAL_NVIC_SetPriority) for HAL_NVIC_SetPriority
    main.o(i.MX_GPIO_Init) refers to stm32f4xx_hal_cortex.o(i.HAL_NVIC_EnableIRQ) for HAL_NVIC_EnableIRQ
    main.o(i.MX_I2C1_Init) refers to stm32f4xx_hal_i2c.o(i.HAL_I2C_Init) for HAL_I2C_Init
    main.o(i.MX_I2C1_Init) refers to main.o(.bss) for .bss
    main.o(i.MX_I2S3_Init) refers to stm32f4xx_hal_i2s.o(i.HAL_I2S_Init) for HAL_I2S_Init
    main.o(i.MX_I2S3_Init) refers to main.o(.bss) for .bss
    main.o(i.MX_SPI1_Init) refers to stm32f4xx_hal_spi.o(i.HAL_SPI_Init) for HAL_SPI_Init
    main.o(i.MX_SPI1_Init) refers to main.o(.bss) for .bss
    main.o(i.MX_USART2_UART_Init) refers to stm32f4xx_hal_uart.o(i.HAL_UART_Init) for HAL_UART_Init
    main.o(i.MX_USART2_UART_Init) refers to main.o(.bss) for .bss
    main.o(i.SystemClock_Config) refers to stm32f4xx_hal_rcc.o(i.HAL_RCC_OscConfig) for HAL_RCC_OscConfig
    main.o(i.SystemClock_Config) refers to stm32f4xx_hal_rcc.o(i.HAL_RCC_ClockConfig) for HAL_RCC_ClockConfig
    main.o(i.SystemClock_Config) refers to stm32f4xx_hal_rcc_ex.o(i.HAL_RCCEx_PeriphCLKConfig) for HAL_RCCEx_PeriphCLKConfig
    main.o(i.SystemClock_Config) refers to stm32f4xx_hal_rcc.o(i.HAL_RCC_GetHCLKFreq) for HAL_RCC_GetHCLKFreq
    main.o(i.SystemClock_Config) refers to stm32f4xx_hal_cortex.o(i.HAL_SYSTICK_Config) for HAL_SYSTICK_Config
    main.o(i.SystemClock_Config) refers to stm32f4xx_hal_cortex.o(i.HAL_SYSTICK_CLKSourceConfig) for HAL_SYSTICK_CLKSourceConfig
    main.o(i.SystemClock_Config) refers to stm32f4xx_hal_cortex.o(i.HAL_NVIC_SetPriority) for HAL_NVIC_SetPriority
    main.o(i.main) refers to stm32f4xx_hal.o(i.HAL_Init) for HAL_Init
    main.o(i.main) refers to main.o(i.SystemClock_Config) for SystemClock_Config
    main.o(i.main) refers to main.o(i.MX_GPIO_Init) for MX_GPIO_Init
    main.o(i.main) refers to stm32f4xx_hal_cortex.o(i.HAL_NVIC_SetPriority) for HAL_NVIC_SetPriority
    main.o(i.main) refers to stm32f4xx_hal_cortex.o(i.HAL_NVIC_EnableIRQ) for HAL_NVIC_EnableIRQ
    main.o(i.main) refers to main.o(i.MX_I2C1_Init) for MX_I2C1_Init
    main.o(i.main) refers to main.o(i.MX_I2S3_Init) for MX_I2S3_Init
    main.o(i.main) refers to main.o(i.MX_SPI1_Init) for MX_SPI1_Init
    main.o(i.main) refers to usb_device.o(i.MX_USB_DEVICE_Init) for MX_USB_DEVICE_Init
    main.o(i.main) refers to main.o(i.MX_USART2_UART_Init) for MX_USART2_UART_Init
    main.o(i.main) refers to stm32f4xx_hal_gpio.o(i.HAL_GPIO_TogglePin) for HAL_GPIO_TogglePin
    main.o(i.main) refers to usbd_cdc_if.o(i.CDC_is_busy) for CDC_is_busy
    main.o(i.main) refers to memmovea.o(.text) for __aeabi_memmove4
    main.o(i.main) refers to usbd_cdc_if.o(i.CDC_Transmit_FS) for CDC_Transmit_FS
    main.o(i.main) refers to main.o(.data) for .data
    main.o(i.main) refers to main.o(.bss) for .bss
    stm32f4xx_it.o(i.DMA1_Stream5_IRQHandler) refers to stm32f4xx_hal_dma.o(i.HAL_DMA_IRQHandler) for HAL_DMA_IRQHandler
    stm32f4xx_it.o(i.DMA1_Stream5_IRQHandler) refers to main.o(.bss) for hdma_usart2_rx
    stm32f4xx_it.o(i.EXTI0_IRQHandler) refers to stm32f4xx_hal_gpio.o(i.HAL_GPIO_EXTI_IRQHandler) for HAL_GPIO_EXTI_IRQHandler
    stm32f4xx_it.o(i.OTG_FS_IRQHandler) refers to stm32f4xx_hal_pcd.o(i.HAL_PCD_IRQHandler) for HAL_PCD_IRQHandler
    stm32f4xx_it.o(i.OTG_FS_IRQHandler) refers to usbd_conf.o(.bss) for hpcd_USB_OTG_FS
    stm32f4xx_it.o(i.SysTick_Handler) refers to stm32f4xx_hal.o(i.HAL_IncTick) for HAL_IncTick
    stm32f4xx_it.o(i.SysTick_Handler) refers to stm32f4xx_hal_cortex.o(i.HAL_SYSTICK_IRQHandler) for HAL_SYSTICK_IRQHandler
    stm32f4xx_it.o(i.USART2_IRQHandler) refers to stm32f4xx_hal_uart.o(i.HAL_UART_IRQHandler) for HAL_UART_IRQHandler
[...]
    i.HAL_NVIC_SetPriority                   0x08000f6c   Section        0  stm32f4xx_hal_cortex.o(i.HAL_NVIC_SetPriority)
    i.HAL_NVIC_SetPriorityGrouping           0x08000fac   Section        0  stm32f4xx_hal_cortex.o(i.HAL_NVIC_SetPriorityGrouping)
    i.HAL_PCDEx_SetRxFiFo                    0x08000fd0   Section        0  stm32f4xx_hal_pcd_ex.o(i.HAL_PCDEx_SetRxFiFo)
    i.HAL_PCDEx_SetTxFiFo                    0x08000fd8   Section        0  stm32f4xx_hal_pcd_ex.o(i.HAL_PCDEx_SetTxFiFo)
    i.HAL_PCD_ConnectCallback                0x0800101c   Section        0  usbd_conf.o(i.HAL_PCD_ConnectCallback)
    i.HAL_PCD_DataInStageCallback            0x08001024   Section        0  usbd_conf.o(i.HAL_PCD_DataInStageCallback)
    i.HAL_PCD_DataOutStageCallback           0x08001036   Section        0  usbd_conf.o(i.HAL_PCD_DataOutStageCallback)
    i.HAL_PCD_DisconnectCallback             0x0800104a   Section        0  usbd_conf.o(i.HAL_PCD_DisconnectCallback)
    i.HAL_PCD_EP_Close                       0x08001052   Section        0  stm32f4xx_hal_pcd.o(i.HAL_PCD_EP_Close)
    i.HAL_PCD_EP_ClrStall                    0x08001096   Section        0  stm32f4xx_hal_pcd.o(i.HAL_PCD_EP_ClrStall)
    i.HAL_PCD_EP_GetRxCount                  0x080010e6   Section        0  stm32f4xx_hal_pcd.o(i.HAL_PCD_EP_GetRxCount)
    i.HAL_PCD_EP_Open                        0x080010fa   Section        0  stm32f4xx_hal_pcd.o(i.HAL_PCD_EP_Open)
    i.HAL_PCD_EP_Receive                     0x0800114e   Section        0  stm32f4xx_hal_pcd.o(i.HAL_PCD_EP_Receive)
    i.HAL_PCD_EP_SetStall                    0x08001196   Section        0  stm32f4xx_hal_pcd.o(i.HAL_PCD_EP_SetStall)
    i.HAL_PCD_EP_Transmit                    0x080011f6   Section        0  stm32f4xx_hal_pcd.o(i.HAL_PCD_EP_Transmit)
    i.HAL_PCD_IRQHandler                     0x08001238   Section        0  stm32f4xx_hal_pcd.o(i.HAL_PCD_IRQHandler)
    i.HAL_PCD_ISOINIncompleteCallback        0x0800172c   Section        0  usbd_conf.o(i.HAL_PCD_ISOINIncompleteCallback)
    i.HAL_PCD_ISOOUTIncompleteCallback       0x08001734   Section        0  usbd_conf.o(i.HAL_PCD_ISOOUTIncompleteCallback)
    i.HAL_PCD_Init                           0x0800173c   Section        0  stm32f4xx_hal_pcd.o(i.HAL_PCD_Init)
    i.HAL_PCD_MspInit                        0x080017fc   Section        0  usbd_conf.o(i.HAL_PCD_MspInit)
    i.HAL_PCD_ResetCallback                  0x08001874   Section        0  usbd_conf.o(i.HAL_PCD_ResetCallback)
    i.HAL_PCD_ResumeCallback                 0x08001894   Section        0  usbd_conf.o(i.HAL_PCD_ResumeCallback)
    i.HAL_PCD_SOFCallback                    0x0800189c   Section        0  usbd_conf.o(i.HAL_PCD_SOFCallback)
    i.HAL_PCD_SetAddress                     0x080018a4   Section        0  stm32f4xx_hal_pcd.o(i.HAL_PCD_SetAddress)
    i.HAL_PCD_SetupStageCallback             0x080018c8   Section        0  usbd_conf.o(i.HAL_PCD_SetupStageCallback)
    i.HAL_PCD_Start                          0x080018d6   Section        0  stm32f4xx_hal_pcd.o(i.HAL_PCD_Start)
    i.HAL_PCD_SuspendCallback                0x08001900   Section        0  usbd_conf.o(i.HAL_PCD_SuspendCallback)
    i.HAL_RCCEx_GetPeriphCLKFreq             0x08001930   Section        0  stm32f4xx_hal_rcc_ex.o(i.HAL_RCCEx_GetPeriphCLKFreq)
    i.HAL_RCCEx_PeriphCLKConfig              0x0800198c   Section        0  stm32f4xx_hal_rcc_ex.o(i.HAL_RCCEx_PeriphCLKConfig)
    i.HAL_RCC_ClockConfig                    0x08001ac8   Section        0  stm32f4xx_hal_rcc.o(i.HAL_RCC_ClockConfig)
    i.HAL_RCC_GetHCLKFreq                    0x08001bf8   Section        0  stm32f4xx_hal_rcc.o(i.HAL_RCC_GetHCLKFreq)
    i.HAL_RCC_GetPCLK1Freq                   0x08001c04   Section        0  stm32f4xx_hal_rcc.o(i.HAL_RCC_GetPCLK1Freq)
    i.HAL_RCC_GetPCLK2Freq                   0x08001c24   Section        0  stm32f4xx_hal_rcc.o(i.HAL_RCC_GetPCLK2Freq)
    i.HAL_RCC_GetSysClockFreq                0x08001c44   Section        0  stm32f4xx_hal_rcc.o(i.HAL_RCC_GetSysClockFreq)
    i.HAL_RCC_OscConfig                      0x08001ca4   Section        0  stm32f4xx_hal_rcc.o(i.HAL_RCC_OscConfig)
    i.HAL_SPI_Init                           0x08001fc0   Section        0  stm32f4xx_hal_spi.o(i.HAL_SPI_Init)
    i.HAL_SPI_MspInit                        0x08002040   Section        0  stm32f4xx_hal_msp.o(i.HAL_SPI_MspInit)
    i.HAL_SYSTICK_CLKSourceConfig            0x08002088   Section        0  stm32f4xx_hal_cortex.o(i.HAL_SYSTICK_CLKSourceConfig)
    i.HAL_SYSTICK_Callback                   0x080020a0   Section        0  stm32f4xx_hal_cortex.o(i.HAL_SYSTICK_Callback)
    i.HAL_SYSTICK_Config                     0x080020a2   Section        0  stm32f4xx_hal_cortex.o(i.HAL_SYSTICK_Config)
    i.HAL_SYSTICK_IRQHandler                 0x080020ca   Section        0  stm32f4xx_hal_cortex.o(i.HAL_SYSTICK_IRQHandler)
    i.HAL_UART_ErrorCallback                 0x080020d2   Section        0  stm32f4xx_hal_uart.o(i.HAL_UART_ErrorCallback)
    i.HAL_UART_IRQHandler                    0x080020d4   Section        0  stm32f4xx_hal_uart.o(i.HAL_UART_IRQHandler)
    i.HAL_UART_Init                          0x080021e4   Section        0  stm32f4xx_hal_uart.o(i.HAL_UART_Init)
    i.HAL_UART_MspInit                       0x08002248   Section        0  stm32f4xx_hal_msp.o(i.HAL_UART_MspInit)
    i.HAL_UART_RxCpltCallback                0x08002304   Section        0  stm32f4xx_hal_uart.o(i.HAL_UART_RxCpltCallback)
    i.HAL_UART_TxCpltCallback                0x08002306   Section        0  stm32f4xx_hal_uart.o(i.HAL_UART_TxCpltCallback)
    i.I2SEx_FullDuplexRx_IT                  0x08002308   Section        0  stm32f4xx_hal_i2s_ex.o(i.I2SEx_FullDuplexRx_IT)
    I2SEx_FullDuplexRx_IT                    0x08002309   Thumb Code   128  stm32f4xx_hal_i2s_ex.o(i.I2SEx_FullDuplexRx_IT)
    i.I2SEx_FullDuplexTx_IT                  0x08002390   Section        0  stm32f4xx_hal_i2s_ex.o(i.I2SEx_FullDuplexTx_IT)
    I2SEx_FullDuplexTx_IT                    0x08002391   Thumb Code   122  stm32f4xx_hal_i2s_ex.o(i.I2SEx_FullDuplexTx_IT)
    i.I2S_IRQHandler                         0x08002414   Section        0  stm32f4xx_hal_i2s.o(i.I2S_IRQHandler)
    I2S_IRQHandler                           0x08002415   Thumb Code   240  stm32f4xx_hal_i2s.o(i.I2S_IRQHandler)
    i.MX_GPIO_Init                           0x08002504   Section        0  main.o(i.MX_GPIO_Init)
    MX_GPIO_Init                             0x08002505   Thumb Code   338  main.o(i.MX_GPIO_Init)
    i.MX_I2C1_Init                           0x08002678   Section        0  main.o(i.MX_I2C1_Init)
    MX_I2C1_Init                             0x08002679   Thumb Code    44  main.o(i.MX_I2C1_Init)
    i.MX_I2S3_Init                           0x080026b0   Section        0  main.o(i.MX_I2S3_Init)
    MX_I2S3_Init                             0x080026b1   Thumb Code    42  main.o(i.MX_I2S3_Init)
    i.MX_SPI1_Init                           0x080026e8   Section        0  main.o(i.MX_SPI1_Init)
    MX_SPI1_Init                             0x080026e9   Thumb Code    54  main.o(i.MX_SPI1_Init)
    i.MX_USART2_UART_Init                    0x08002728   Section        0  main.o(i.MX_USART2_UART_Init)
    MX_USART2_UART_Init                      0x08002729   Thumb Code    42  main.o(i.MX_USART2_UART_Init)
    i.MX_USB_DEVICE_Init                     0x0800275c   Section        0  usb_device.o(i.MX_USB_DEVICE_Init)
    i.NVIC_SetPriority                       0x08002794   Section        0  stm32f4xx_hal_cortex.o(i.NVIC_SetPriority)
    NVIC_SetPriority                         0x08002795   Thumb Code    32  stm32f4xx_hal_cortex.o(i.NVIC_SetPriority)
    i.OTG_FS_IRQHandler                      0x080027b4   Section        0  stm32f4xx_it.o(i.OTG_FS_IRQHandler)
    i.PCD_WriteEmptyTxFifo                   0x080027c0   Section        0  stm32f4xx_hal_pcd.o(i.PCD_WriteEmptyTxFifo)
    PCD_WriteEmptyTxFifo                     0x080027c1   Thumb Code   136  stm32f4xx_hal_pcd.o(i.PCD_WriteEmptyTxFifo)
    i.SysTick_Handler                        0x08002848   Section        0  stm32f4xx_it.o(i.SysTick_Handler)
    i.SystemClock_Config                     0x08002858   Section        0  main.o(i.SystemClock_Config)
    i.SystemInit                             0x0800290c   Section        0  system_stm32f4xx.o(i.SystemInit)
    i.UART_DMAAbortOnError                   0x08002960   Section        0  stm32f4xx_hal_uart.o(i.UART_DMAAbortOnError)
    UART_DMAAbortOnError                     0x08002961   Thumb Code    16  stm32f4xx_hal_uart.o(i.UART_DMAAbortOnError)
    i.UART_EndRxTransfer                     0x08002970   Section        0  stm32f4xx_hal_uart.o(i.UART_EndRxTransfer)
    UART_EndRxTransfer                       0x08002971   Thumb Code    28  stm32f4xx_hal_uart.o(i.UART_EndRxTransfer)
    i.UART_Receive_IT                        0x0800298c   Section        0  stm32f4xx_hal_uart.o(i.UART_Receive_IT)
    UART_Receive_IT                          0x0800298d   Thumb Code   140  stm32f4xx_hal_uart.o(i.UART_Receive_IT)
    i.UART_SetConfig                         0x08002a18   Section        0  stm32f4xx_hal_uart.o(i.UART_SetConfig)
    UART_SetConfig                           0x08002a19   Thumb Code   676  stm32f4xx_hal_uart.o(i.UART_SetConfig)
    i.UART_Transmit_IT                       0x08002cc4   Section        0  stm32f4xx_hal_uart.o(i.UART_Transmit_IT)
    UART_Transmit_IT                         0x08002cc5   Thumb Code    98  stm32f4xx_hal_uart.o(i.UART_Transmit_IT)
    i.USART2_IRQHandler                      0x08002d28   Section        0  stm32f4xx_it.o(i.USART2_IRQHandler)
    i.USBD_CDC_DataIn                        0x08002d34   Section        0  usbd_cdc.o(i.USBD_CDC_DataIn)
    USBD_CDC_DataIn                          0x08002d35   Thumb Code    20  usbd_cdc.o(i.USBD_CDC_DataIn)
    i.USBD_CDC_DataOut                       0x08002d48   Section        0  usbd_cdc.o(i.USBD_CDC_DataOut)
    USBD_CDC_DataOut                         0x08002d49   Thumb Code    46  usbd_cdc.o(i.USBD_CDC_DataOut)
    i.USBD_CDC_DeInit                        0x08002d76   Section        0  usbd_cdc.o(i.USBD_CDC_DeInit)
    USBD_CDC_DeInit                          0x08002d77   Thumb Code    60  usbd_cdc.o(i.USBD_CDC_DeInit)
    i.USBD_CDC_EP0_RxReady                   0x08002db2   Section        0  usbd_cdc.o(i.USBD_CDC_EP0_RxReady)
    USBD_CDC_EP0_RxReady                     0x08002db3   Thumb Code    36  usbd_cdc.o(i.USBD_CDC_EP0_RxReady)
    i.USBD_CDC_GetDeviceQualifierDescriptor  0x08002dd8   Section        0  usbd_cdc.o(i.USBD_CDC_GetDeviceQualifierDescriptor)
    i.USBD_CDC_GetFSCfgDesc                  0x08002de4   Section        0  usbd_cdc.o(i.USBD_CDC_GetFSCfgDesc)
    USBD_CDC_GetFSCfgDesc                    0x08002de5   Thumb Code     8  usbd_cdc.o(i.USBD_CDC_GetFSCfgDesc)
    i.USBD_CDC_GetHSCfgDesc                  0x08002df0   Section        0  usbd_cdc.o(i.USBD_CDC_GetHSCfgDesc)
    USBD_CDC_GetHSCfgDesc                    0x08002df1   Thumb Code     8  usbd_cdc.o(i.USBD_CDC_GetHSCfgDesc)
    i.USBD_CDC_GetOtherSpeedCfgDesc          0x08002dfc   Section        0  usbd_cdc.o(i.USBD_CDC_GetOtherSpeedCfgDesc)
    USBD_CDC_GetOtherSpeedCfgDesc            0x08002dfd   Thumb Code     8  usbd_cdc.o(i.USBD_CDC_GetOtherSpeedCfgDesc)
    i.USBD_CDC_Init                          0x08002e08   Section        0  usbd_cdc.o(i.USBD_CDC_Init)
    USBD_CDC_Init                            0x08002e09   Thumb Code   136  usbd_cdc.o(i.USBD_CDC_Init)
    i.USBD_CDC_ReceivePacket                 0x08002e90   Section        0  usbd_cdc.o(i.USBD_CDC_ReceivePacket)
    i.USBD_CDC_RegisterInterface             0x08002eb8   Section        0  usbd_cdc.o(i.USBD_CDC_RegisterInterface)
    i.USBD_CDC_SetRxBuffer                   0x08002ec8   Section        0  usbd_cdc.o(i.USBD_CDC_SetRxBuffer)
    i.USBD_CDC_SetTxBuffer                   0x08002ed4   Section        0  usbd_cdc.o(i.USBD_CDC_SetTxBuffer)
    i.USBD_CDC_Setup                         0x08002ee4   Section        0  usbd_cdc.o(i.USBD_CDC_Setup)
    USBD_CDC_Setup                           0x08002ee5   Thumb Code   106  usbd_cdc.o(i.USBD_CDC_Setup)
    i.USBD_CDC_TransmitPacket                0x08002f54   Section        0  usbd_cdc.o(i.USBD_CDC_TransmitPacket)
    i.USBD_ClrClassConfig                    0x08002f84   Section        0  usbd_core.o(i.USBD_ClrClassConfig)
    i.USBD_CtlContinueRx                     0x08002f92   Section        0  usbd_ioreq.o(i.USBD_CtlContinueRx)
    i.USBD_CtlContinueSendData               0x08002fa2   Section        0  usbd_ioreq.o(i.USBD_CtlContinueSendData)
    i.USBD_CtlError                          0x08002fb2   Section        0  usbd_ctlreq.o(i.USBD_CtlError)
    i.USBD_CtlPrepareRx                      0x08002fc8   Section        0  usbd_ioreq.o(i.USBD_CtlPrepareRx)
    i.USBD_CtlReceiveStatus                  0x08002fe6   Section        0  usbd_ioreq.o(i.USBD_CtlReceiveStatus)
    i.USBD_CtlSendData                       0x08002ffc   Section        0  usbd_ioreq.o(i.USBD_CtlSendData)
    i.USBD_CtlSendStatus                     0x08003016   Section        0  usbd_ioreq.o(i.USBD_CtlSendStatus)
    i.USBD_FS_ConfigStrDescriptor            0x0800302c   Section        0  usbd_desc.o(i.USBD_FS_ConfigStrDescriptor)
    i.USBD_FS_DeviceDescriptor               0x08003050   Section        0  usbd_desc.o(i.USBD_FS_DeviceDescriptor)
    i.USBD_FS_InterfaceStrDescriptor         0x0800305c   Section        0  usbd_desc.o(i.USBD_FS_InterfaceStrDescriptor)
    i.USBD_FS_LangIDStrDescriptor            0x08003084   Section        0  usbd_desc.o(i.USBD_FS_LangIDStrDescriptor)
    i.USBD_FS_ManufacturerStrDescriptor      0x08003090   Section        0  usbd_desc.o(i.USBD_FS_ManufacturerStrDescriptor)
    i.USBD_FS_ProductStrDescriptor           0x080030b8   Section        0  usbd_desc.o(i.USBD_FS_ProductStrDescriptor)
    i.USBD_FS_SerialStrDescriptor            0x080030d8   Section        0  usbd_desc.o(i.USBD_FS_SerialStrDescriptor)
    i.USBD_GetDescriptor                     0x080030fc   Section        0  usbd_ctlreq.o(i.USBD_GetDescriptor)
    USBD_GetDescriptor                       0x080030fd   Thumb Code   252  usbd_ctlreq.o(i.USBD_GetDescriptor)
    i.USBD_GetString                         0x080031f8   Section        0  usbd_ctlreq.o(i.USBD_GetString)
    i.USBD_Init                              0x0800323e   Section        0  usbd_core.o(i.USBD_Init)
    i.USBD_LL_ClearStallEP                   0x08003268   Section        0  usbd_conf.o(i.USBD_LL_ClearStallEP)
    i.USBD_LL_CloseEP                        0x08003288   Section        0  usbd_conf.o(i.USBD_LL_CloseEP)
    i.USBD_LL_DataInStage                    0x080032a8   Section        0  usbd_core.o(i.USBD_LL_DataInStage)
    i.USBD_LL_DataOutStage                   0x08003352   Section        0  usbd_core.o(i.USBD_LL_DataOutStage)
    i.USBD_LL_DevConnected                   0x080033bc   Section        0  usbd_core.o(i.USBD_LL_DevConnected)
    i.USBD_LL_DevDisconnected                0x080033c0   Section        0  usbd_core.o(i.USBD_LL_DevDisconnected)
    i.USBD_LL_GetRxDataSize                  0x080033d6   Section        0  usbd_conf.o(i.USBD_LL_GetRxDataSize)
    i.USBD_LL_Init                           0x080033e0   Section        0  usbd_conf.o(i.USBD_LL_Init)
    i.USBD_LL_IsStallEP                      0x08003464   Section        0  usbd_conf.o(i.USBD_LL_IsStallEP)
    i.USBD_LL_IsoINIncomplete                0x08003484   Section        0  usbd_core.o(i.USBD_LL_IsoINIncomplete)
    i.USBD_LL_IsoOUTIncomplete               0x08003488   Section        0  usbd_core.o(i.USBD_LL_IsoOUTIncomplete)
    i.USBD_LL_OpenEP                         0x0800348c   Section        0  usbd_conf.o(i.USBD_LL_OpenEP)
    i.USBD_LL_PrepareReceive                 0x080034b2   Section        0  usbd_conf.o(i.USBD_LL_PrepareReceive)
    i.USBD_LL_Reset                          0x080034d2   Section        0  usbd_core.o(i.USBD_LL_Reset)
    i.USBD_LL_Resume                         0x08003510   Section        0  usbd_core.o(i.USBD_LL_Resume)
    i.USBD_LL_SOF                            0x0800351c   Section        0  usbd_core.o(i.USBD_LL_SOF)
    i.USBD_LL_SetSpeed                       0x08003534   Section        0  usbd_core.o(i.USBD_LL_SetSpeed)
    i.USBD_LL_SetUSBAddress                  0x0800353a   Section        0  usbd_conf.o(i.USBD_LL_SetUSBAddress)
    i.USBD_LL_SetupStage                     0x0800355a   Section        0  usbd_core.o(i.USBD_LL_SetupStage)
    i.USBD_LL_StallEP                        0x080035b4   Section        0  usbd_conf.o(i.USBD_LL_StallEP)
    i.USBD_LL_Start                          0x080035d4   Section        0  usbd_conf.o(i.USBD_LL_Start)
    i.USBD_LL_Suspend                        0x080035f4   Section        0  usbd_core.o(i.USBD_LL_Suspend)
    i.USBD_LL_Transmit                       0x08003606   Section        0  usbd_conf.o(i.USBD_LL_Transmit)
    i.USBD_ParseSetupRequest                 0x08003626   Section        0  usbd_ctlreq.o(i.USBD_ParseSetupRequest)
    i.USBD_RegisterClass                     0x0800364e   Section        0  usbd_core.o(i.USBD_RegisterClass)
    i.USBD_SetClassConfig                    0x0800365e   Section        0  usbd_core.o(i.USBD_SetClassConfig)
    i.USBD_SetConfig                         0x08003674   Section        0  usbd_ctlreq.o(i.USBD_SetConfig)
    USBD_SetConfig                           0x08003675   Thumb Code   110  usbd_ctlreq.o(i.USBD_SetConfig)
    i.USBD_Start                             0x080036e8   Section        0  usbd_core.o(i.USBD_Start)
    i.USBD_StdDevReq                         0x080036f2   Section        0  usbd_ctlreq.o(i.USBD_StdDevReq)
    i.USBD_StdEPReq                          0x08003800   Section        0  usbd_ctlreq.o(i.USBD_StdEPReq)
    i.USBD_StdItfReq                         0x080038dc   Section        0  usbd_ctlreq.o(i.USBD_StdItfReq)
    i.USBD_WinUSBGetDescriptor               0x08003920   Section        0  usbd_ctlreq.o(i.USBD_WinUSBGetDescriptor)
    USBD_WinUSBGetDescriptor                 0x08003921   Thumb Code    76  usbd_ctlreq.o(i.USBD_WinUSBGetDescriptor)
    i.USBD_WinUSBOSFeatureDescriptor         0x0800396c   Section        0  usbd_desc.o(i.USBD_WinUSBOSFeatureDescriptor)
    i.USBD_WinUSBOSPropertyDescriptor        0x08003978   Section        0  usbd_desc.o(i.USBD_WinUSBOSPropertyDescriptor)
    i.USBD_WinUSBOSStrDescriptor             0x08003984   Section        0  usbd_desc.o(i.USBD_WinUSBOSStrDescriptor)
    i.USB_ActivateEndpoint                   0x0800399c   Section        0  stm32f4xx_ll_usb.o(i.USB_ActivateEndpoint)
    i.USB_ActivateSetup                      0x08003a1c   Section        0  stm32f4xx_ll_usb.o(i.USB_ActivateSetup)
    i.USB_CoreInit                           0x08003a50   Section        0  stm32f4xx_ll_usb.o(i.USB_CoreInit)
    i.USB_CoreReset                          0x08003abc   Section        0  stm32f4xx_ll_usb.o(i.USB_CoreReset)
    USB_CoreReset                            0x08003abd   Thumb Code    50  stm32f4xx_ll_usb.o(i.USB_CoreReset)
    i.USB_DeactivateEndpoint                 0x08003af4   Section        0  stm32f4xx_ll_usb.o(i.USB_DeactivateEndpoint)
    i.USB_DevConnect                         0x08003bbc   Section        0  stm32f4xx_ll_usb.o(i.USB_DevConnect)
    i.USB_DevDisconnect                      0x08003bd4   Section        0  stm32f4xx_ll_usb.o(i.USB_DevDisconnect)
    i.USB_DevInit                            0x08003bec   Section        0  stm32f4xx_ll_usb.o(i.USB_DevInit)
    i.USB_DisableGlobalInt                   0x08003d2c   Section        0  stm32f4xx_ll_usb.o(i.USB_DisableGlobalInt)
    i.USB_EP0StartXfer                       0x08003d38   Section        0  stm32f4xx_ll_usb.o(i.USB_EP0StartXfer)
    i.USB_EP0_OutStart                       0x08003e78   Section        0  stm32f4xx_ll_usb.o(i.USB_EP0_OutStart)
    i.USB_EPClearStall                       0x08003eb6   Section        0  stm32f4xx_ll_usb.o(i.USB_EPClearStall)
    i.USB_EPSetStall                         0x08003f1a   Section        0  stm32f4xx_ll_usb.o(i.USB_EPSetStall)
    i.USB_EPStartXfer                        0x08003f78   Section        0  stm32f4xx_ll_usb.o(i.USB_EPStartXfer)
    i.USB_EnableGlobalInt                    0x08004194   Section        0  stm32f4xx_ll_usb.o(i.USB_EnableGlobalInt)
    i.USB_FlushRxFifo                        0x080041a0   Section        0  stm32f4xx_ll_usb.o(i.USB_FlushRxFifo)
    i.USB_FlushTxFifo                        0x080041c0   Section        0  stm32f4xx_ll_usb.o(i.USB_FlushTxFifo)
    i.USB_GetDevSpeed                        0x080041e4   Section        0  stm32f4xx_ll_usb.o(i.USB_GetDevSpeed)
    i.USB_GetMode                            0x08004220   Section        0  stm32f4xx_ll_usb.o(i.USB_GetMode)
    i.USB_ReadDevAllInEpInterrupt            0x08004228   Section        0  stm32f4xx_ll_usb.o(i.USB_ReadDevAllInEpInterrupt)
    i.USB_ReadDevAllOutEpInterrupt           0x08004236   Section        0  stm32f4xx_ll_usb.o(i.USB_ReadDevAllOutEpInterrupt)
    i.USB_ReadDevInEPInterrupt               0x08004244   Section        0  stm32f4xx_ll_usb.o(i.USB_ReadDevInEPInterrupt)
    i.USB_ReadDevOutEPInterrupt              0x08004262   Section        0  stm32f4xx_ll_usb.o(i.USB_ReadDevOutEPInterrupt)
    i.USB_ReadInterrupts                     0x08004272   Section        0  stm32f4xx_ll_usb.o(i.USB_ReadInterrupts)
    i.USB_ReadPacket                         0x0800427a   Section        0  stm32f4xx_ll_usb.o(i.USB_ReadPacket)
    i.USB_SetCurrentMode                     0x0800429a   Section        0  stm32f4xx_ll_usb.o(i.USB_SetCurrentMode)
    i.USB_SetDevAddress                      0x080042c6   Section        0  stm32f4xx_ll_usb.o(i.USB_SetDevAddress)
    i.USB_WritePacket                        0x080042e8   Section        0  stm32f4xx_ll_usb.o(i.USB_WritePacket)
    i._Error_Handler                         0x08004310   Section        0  main.o(i._Error_Handler)
    i.__scatterload_copy                     0x08004312   Section       14  handlers.o(i.__scatterload_copy)
    i.__scatterload_null                     0x08004320   Section        2  handlers.o(i.__scatterload_null)
    i.__scatterload_zeroinit                 0x08004322   Section       14  handlers.o(i.__scatterload_zeroinit)
    i.free                                   0x08004330   Section        0  malloc.o(i.free)
    i.main                                   0x08004380   Section        0  main.o(i.main)
    i.malloc                                 0x08004418   Section        0  malloc.o(i.malloc)
    .constdata                               0x08004484   Section        8  usbd_desc.o(.constdata)
    .constdata                               0x0800448c   Section        8  stm32f4xx_hal_dma.o(.constdata)
    flagBitshiftOffset                       0x0800448c   Data           8  stm32f4xx_hal_dma.o(.constdata)
    .constdata                               0x08004494   Section       16  system_stm32f4xx.o(.constdata)
    .constdata                               0x080044a4   Section        8  system_stm32f4xx.o(.constdata)
    .data                                    0x20000000   Section       12  main.o(.data)
    .data                                    0x2000000c   Section       36  usbd_desc.o(.data)
    .data                                    0x20000030   Section      206  usbd_desc.o(.data)
    .data                                    0x20000100   Section       16  usbd_cdc_if.o(.data)
    .data                                    0x20000110   Section       12  stm32f4xx_hal.o(.data)
    .data                                    0x2000011c   Section        4  system_stm32f4xx.o(.data)
    .data                                    0x20000120   Section        1  usbd_ctlreq.o(.data)
    cfgidx                                   0x20000120   Data           1  usbd_ctlreq.o(.data)
    .data                                    0x20000124   Section       80  usbd_cdc.o(.data)
    ifalt                                    0x20000124   Data           1  usbd_cdc.o(.data)
    USBD_CDC_DeviceQualifierDesc             0x20000128   Data          10  usbd_cdc.o(.data)
    .data                                    0x20000174   Section       60  usbd_cdc.o(.data)
    .data                                    0x200001b0   Section        4  mvars.o(.data)
    .data                                    0x200001b4   Section        4  mvars.o(.data)
    .bss                                     0x200001b8   Section      564  main.o(.bss)
    .bss                                     0x200003ec   Section       96  main.o(.bss)
    .bss                                     0x2000044c   Section      548  usb_device.o(.bss)
    .bss                                     0x20000670   Section     1008  usbd_conf.o(.bss)
    .bss                                     0x20000a60   Section      512  usbd_desc.o(.bss)
    .bss                                     0x20000c60   Section     4096  usbd_cdc_if.o(.bss)
    HEAP                                     0x20001c60   Section     8192  startup_stm32f407xx.o(HEAP)
    STACK                                    0x20003c60   Section    16384  startup_stm32f407xx.o(STACK)

    Global Symbols

    Symbol Name                              Value     Ov Type        Size  Object(Section)

    BuildAttributes$$THM_ISAv4$E$P$D$K$B$S$7EM$VFPi3$EXTD16$VFPS$VFMA$PE$A:L22UL41UL21$X:L11$S22US41US21$IEEE1$IW$USESV6$~STKCKD$USESV7$~SHL$OSPACE$EBA8$MICROLIB$REQ8$PRES8$EABIv2 0x00000000   Number         0  anon$$obj.o ABSOLUTE
    __ARM_use_no_argv                        0x00000000   Number         0  main.o ABSOLUTE
    __cpp_initialize__aeabi_                  - Undefined Weak Reference
    __cxa_finalize                            - Undefined Weak Reference
    _clock_init                               - Undefined Weak Reference
    _microlib_exit                            - Undefined Weak Reference
    __Vectors_Size                           0x00000188   Number         0  startup_stm32f407xx.o ABSOLUTE
    __Vectors                                0x08000000   Data           4  startup_stm32f407xx.o(RESET)
    __Vectors_End                            0x08000188   Data           0  startup_stm32f407xx.o(RESET)
    __main                                   0x08000189   Thumb Code     0  entry.o(.ARM.Collect$$$$00000000)
    _main_stk                                0x08000189   Thumb Code     0  entry2.o(.ARM.Collect$$$$00000001)
    _main_scatterload                        0x0800018d   Thumb Code     0  entry5.o(.ARM.Collect$$$$00000004)
    __main_after_scatterload                 0x08000191   Thumb Code     0  entry5.o(.ARM.Collect$$$$00000004)
    _main_clock                              0x08000191   Thumb Code     0  entry7b.o(.ARM.Collect$$$$00000008)
    _main_cpp_init                           0x08000191   Thumb Code     0  entry8b.o(.ARM.Collect$$$$0000000A)
    _main_init                               0x08000191   Thumb Code     0  entry9a.o(.ARM.Collect$$$$0000000B)
    __rt_final_cpp                           0x08000199   Thumb Code     0  entry10a.o(.ARM.Collect$$$$0000000D)
    __rt_final_exit                          0x08000199   Thumb Code     0  entry11a.o(.ARM.Collect$$$$0000000F)
    Reset_Handler                            0x0800019d   Thumb Code     8  startup_stm32f407xx.o(.text)
    NMI_Handler                              0x080001a5   Thumb Code     2  startup_stm32f407xx.o(.text)
    HardFault_Handler                        0x080001a7   Thumb Code     2  startup_stm32f407xx.o(.text)
    MemManage_Handler                        0x080001a9   Thumb Code     2  startup_stm32f407xx.o(.text)
    BusFault_Handler                         0x080001ab   Thumb Code     2  startup_stm32f407xx.o(.text)
    UsageFault_Handler                       0x080001ad   Thumb Code     2  startup_stm32f407xx.o(.text)
    SVC_Handler                              0x080001af   Thumb Code     2  startup_stm32f407xx.o(.text)
    DebugMon_Handler                         0x080001b1   Thumb Code     2  startup_stm32f407xx.o(.text)
    PendSV_Handler                           0x080001b3   Thumb Code     2  startup_stm32f407xx.o(.text)
    ADC_IRQHandler                           0x080001b7   Thumb Code     0  startup_stm32f407xx.o(.text)
    CAN1_RX0_IRQHandler                      0x080001b7   Thumb Code     0  startup_stm32f407xx.o(.text)
    CAN1_RX1_IRQHandler                      0x080001b7   Thumb Code     0  startup_stm32f407xx.o(.text)
    CAN1_SCE_IRQHandler                      0x080001b7   Thumb Code     0  startup_stm32f407xx.o(.text)
    CAN1_TX_IRQHandler                       0x080001b7   Thumb Code     0  startup_stm32f407xx.o(.text)
    CAN2_RX0_IRQHandler                      0x080001b7   Thumb Code     0  startup_stm32f407xx.o(.text)
    CAN2_RX1_IRQHandler                      0x080001b7   Thumb Code     0  startup_stm32f407xx.o(.text)
    CAN2_SCE_IRQHandler                      0x080001b7   Thumb Code     0  startup_stm32f407xx.o(.text)
    CAN2_TX_IRQHandler                       0x080001b7   Thumb Code     0  startup_stm32f407xx.o(.text)
    DCMI_IRQHandler                          0x080001b7   Thumb Code     0  startup_stm32f407xx.o(.text)
    DMA1_Stream0_IRQHandler                  0x080001b7   Thumb Code     0  startup_stm32f407xx.o(.text)
    DMA1_Stream1_IRQHandler                  0x080001b7   Thumb Code     0  startup_stm32f407xx.o(.text)
    DMA1_Stream2_IRQHandler                  0x080001b7   Thumb Code     0  startup_stm32f407xx.o(.text)
    DMA1_Stream3_IRQHandler                  0x080001b7   Thumb Code     0  startup_stm32f407xx.o(.text)
    DMA1_Stream4_IRQHandler                  0x080001b7   Thumb Code     0  startup_stm32f407xx.o(.text)
    DMA1_Stream6_IRQHandler                  0x080001b7   Thumb Code     0  startup_stm32f407xx.o(.text)
    DMA1_Stream7_IRQHandler                  0x080001b7   Thumb Code     0  startup_stm32f407xx.o(.text)
    DMA2_Stream0_IRQHandler                  0x080001b7   Thumb Code     0  startup_stm32f407xx.o(.text)
    DMA2_Stream1_IRQHandler                  0x080001b7   Thumb Code     0  startup_stm32f407xx.o(.text)
    DMA2_Stream2_IRQHandler                  0x080001b7   Thumb Code     0  startup_stm32f407xx.o(.text)
    DMA2_Stream3_IRQHandler                  0x080001b7   Thumb Code     0  startup_stm32f407xx.o(.text)
    DMA2_Stream4_IRQHandler                  0x080001b7   Thumb Code     0  startup_stm32f407xx.o(.text)
    DMA2_Stream5_IRQHandler                  0x080001b7   Thumb Code     0  startup_stm32f407xx.o(.text)
    DMA2_Stream6_IRQHandler                  0x080001b7   Thumb Code     0  startup_stm32f407xx.o(.text)
    DMA2_Stream7_IRQHandler                  0x080001b7   Thumb Code     0  startup_stm32f407xx.o(.text)
    ETH_IRQHandler                           0x080001b7   Thumb Code     0  startup_stm32f407xx.o(.text)
    ETH_WKUP_IRQHandler                      0x080001b7   Thumb Code     0  startup_stm32f407xx.o(.text)
    EXTI15_10_IRQHandler                     0x080001b7   Thumb Code     0  startup_stm32f407xx.o(.text)
    EXTI1_IRQHandler                         0x080001b7   Thumb Code     0  startup_stm32f407xx.o(.text)
    EXTI2_IRQHandler                         0x080001b7   Thumb Code     0  startup_stm32f407xx.o(.text)
    EXTI3_IRQHandler                         0x080001b7   Thumb Code     0  startup_stm32f407xx.o(.text)
    EXTI4_IRQHandler                         0x080001b7   Thumb Code     0  startup_stm32f407xx.o(.text)
    EXTI9_5_IRQHandler                       0x080001b7   Thumb Code     0  startup_stm32f407xx.o(.text)
    FLASH_IRQHandler                         0x080001b7   Thumb Code     0  startup_stm32f407xx.o(.text)
    FMC_IRQHandler                           0x080001b7   Thumb Code     0  startup_stm32f407xx.o(.text)
    FPU_IRQHandler                           0x080001b7   Thumb Code     0  startup_stm32f407xx.o(.text)
    HASH_RNG_IRQHandler                      0x080001b7   Thumb Code     0  startup_stm32f407xx.o(.text)
    I2C1_ER_IRQHandler                       0x080001b7   Thumb Code     0  startup_stm32f407xx.o(.text)
    I2C1_EV_IRQHandler                       0x080001b7   Thumb Code     0  startup_stm32f407xx.o(.text)
    I2C2_ER_IRQHandler                       0x080001b7   Thumb Code     0  startup_stm32f407xx.o(.text)
    I2C2_EV_IRQHandler                       0x080001b7   Thumb Code     0  startup_stm32f407xx.o(.text)
    I2C3_ER_IRQHandler                       0x080001b7   Thumb Code     0  startup_stm32f407xx.o(.text)
    I2C3_EV_IRQHandler                       0x080001b7   Thumb Code     0  startup_stm32f407xx.o(.text)
    OTG_FS_WKUP_IRQHandler                   0x080001b7   Thumb Code     0  startup_stm32f407xx.o(.text)
    OTG_HS_EP1_IN_IRQHandler                 0x080001b7   Thumb Code     0  startup_stm32f407xx.o(.text)
    OTG_HS_EP1_OUT_IRQHandler                0x080001b7   Thumb Code     0  startup_stm32f407xx.o(.text)
    OTG_HS_IRQHandler                        0x080001b7   Thumb Code     0  startup_stm32f407xx.o(.text)
    OTG_HS_WKUP_IRQHandler                   0x080001b7   Thumb Code     0  startup_stm32f407xx.o(.text)
    PVD_IRQHandler                           0x080001b7   Thumb Code     0  startup_stm32f407xx.o(.text)
    RCC_IRQHandler                           0x080001b7   Thumb Code     0  startup_stm32f407xx.o(.text)
    RTC_Alarm_IRQHandler                     0x080001b7   Thumb Code     0  startup_stm32f407xx.o(.text)
    RTC_WKUP_IRQHandler                      0x080001b7   Thumb Code     0  startup_stm32f407xx.o(.text)
    SDIO_IRQHandler                          0x080001b7   Thumb Code     0  startup_stm32f407xx.o(.text)
    SPI1_IRQHandler                          0x080001b7   Thumb Code     0  startup_stm32f407xx.o(.text)
    SPI2_IRQHandler                          0x080001b7   Thumb Code     0  startup_stm32f407xx.o(.text)
    SPI3_IRQHandler                          0x080001b7   Thumb Code     0  startup_stm32f407xx.o(.text)
    TAMP_STAMP_IRQHandler                    0x080001b7   Thumb Code     0  startup_stm32f407xx.o(.text)
    TIM1_BRK_TIM9_IRQHandler                 0x080001b7   Thumb Code     0  startup_stm32f407xx.o(.text)
    TIM1_CC_IRQHandler                       0x080001b7   Thumb Code     0  startup_stm32f407xx.o(.text)
    TIM1_TRG_COM_TIM11_IRQHandler            0x080001b7   Thumb Code     0  startup_stm32f407xx.o(.text)
    TIM1_UP_TIM10_IRQHandler                 0x080001b7   Thumb Code     0  startup_stm32f407xx.o(.text)
    TIM2_IRQHandler                          0x080001b7   Thumb Code     0  startup_stm32f407xx.o(.text)
    TIM3_IRQHandler                          0x080001b7   Thumb Code     0  startup_stm32f407xx.o(.text)
    TIM4_IRQHandler                          0x080001b7   Thumb Code     0  startup_stm32f407xx.o(.text)
    TIM5_IRQHandler                          0x080001b7   Thumb Code     0  startup_stm32f407xx.o(.text)
    TIM6_DAC_IRQHandler                      0x080001b7   Thumb Code     0  startup_stm32f407xx.o(.text)
    TIM7_IRQHandler                          0x080001b7   Thumb Code     0  startup_stm32f407xx.o(.text)
    TIM8_BRK_TIM12_IRQHandler                0x080001b7   Thumb Code     0  startup_stm32f407xx.o(.text)
    TIM8_CC_IRQHandler                       0x080001b7   Thumb Code     0  startup_stm32f407xx.o(.text)
    TIM8_TRG_COM_TIM14_IRQHandler            0x080001b7   Thumb Code     0  startup_stm32f407xx.o(.text)
    TIM8_UP_TIM13_IRQHandler                 0x080001b7   Thumb Code     0  startup_stm32f407xx.o(.text)
    UART4_IRQHandler                         0x080001b7   Thumb Code     0  startup_stm32f407xx.o(.text)
    UART5_IRQHandler                         0x080001b7   Thumb Code     0  startup_stm32f407xx.o(.text)
    USART1_IRQHandler                        0x080001b7   Thumb Code     0  startup_stm32f407xx.o(.text)
    USART3_IRQHandler                        0x080001b7   Thumb Code     0  startup_stm32f407xx.o(.text)
    USART6_IRQHandler                        0x080001b7   Thumb Code     0  startup_stm32f407xx.o(.text)
    WWDG_IRQHandler                          0x080001b7   Thumb Code     0  startup_stm32f407xx.o(.text)
    __aeabi_uldivmod                         0x080001c1   Thumb Code    98  uldiv.o(.text)
    ___aeabi_memcpy8$move                    0x08000223   Thumb Code     0  memmovea.o(.text)
    __aeabi_memcpy                           0x08000223   Thumb Code    64  memmovea.o(.text)
    __aeabi_memcpy4                          0x08000223   Thumb Code     0  memmovea.o(.text)
    __aeabi_memmove                          0x08000223   Thumb Code     0  memmovea.o(.text)
    __aeabi_memmove4                         0x08000223   Thumb Code     0  memmovea.o(.text)
    __aeabi_memmove8                         0x08000223   Thumb Code     0  memmovea.o(.text)
    __aeabi_llsl                             0x08000263   Thumb Code    30  llshl.o(.text)
    _ll_shift_l                              0x08000263   Thumb Code     0  llshl.o(.text)
    __aeabi_llsr                             0x08000281   Thumb Code    32  llushr.o(.text)
    _ll_ushift_r                             0x08000281   Thumb Code     0  llushr.o(.text)
    __scatterload                            0x080002a1   Thumb Code    28  init.o(.text)
    __scatterload_rt2                        0x080002a1   Thumb Code     0  init.o(.text)
    __decompress                             0x080002c5   Thumb Code     0  __dczerorl2.o(.text)
    __decompress1                            0x080002c5   Thumb Code    86  __dczerorl2.o(.text)
    CDC_Transmit_FS                          0x080003ad   Thumb Code    38  usbd_cdc_if.o(i.CDC_Transmit_FS)
    CDC_is_busy                              0x080003d9   Thumb Code    18  usbd_cdc_if.o(i.CDC_is_busy)
    DMA1_Stream5_IRQHandler                  0x080003f1   Thumb Code     6  stm32f4xx_it.o(i.DMA1_Stream5_IRQHandler)
    EXTI0_IRQHandler                         0x08000479   Thumb Code     6  stm32f4xx_it.o(i.EXTI0_IRQHandler)
    HAL_DMA_Abort_IT                         0x0800047f   Thumb Code    36  stm32f4xx_hal_dma.o(i.HAL_DMA_Abort_IT)
    HAL_DMA_IRQHandler                       0x080004a5   Thumb Code   412  stm32f4xx_hal_dma.o(i.HAL_DMA_IRQHandler)
    HAL_DMA_Init                             0x08000645   Thumb Code   206  stm32f4xx_hal_dma.o(i.HAL_DMA_Init)
    HAL_Delay                                0x08000719   Thumb Code    32  stm32f4xx_hal.o(i.HAL_Delay)
    HAL_GPIO_EXTI_Callback                   0x0800073d   Thumb Code     2  stm32f4xx_hal_gpio.o(i.HAL_GPIO_EXTI_Callback)
    HAL_GPIO_EXTI_IRQHandler                 0x08000741   Thumb Code    18  stm32f4xx_hal_gpio.o(i.HAL_GPIO_EXTI_IRQHandler)
    HAL_GPIO_Init                            0x08000759   Thumb Code   388  stm32f4xx_hal_gpio.o(i.HAL_GPIO_Init)
    HAL_GPIO_TogglePin                       0x08000909   Thumb Code     8  stm32f4xx_hal_gpio.o(i.HAL_GPIO_TogglePin)
    HAL_GPIO_WritePin                        0x08000911   Thumb Code    10  stm32f4xx_hal_gpio.o(i.HAL_GPIO_WritePin)
    HAL_GetTick                              0x0800091d   Thumb Code     6  stm32f4xx_hal.o(i.HAL_GetTick)
    HAL_I2C_Init                             0x08000929   Thumb Code   254  stm32f4xx_hal_i2c.o(i.HAL_I2C_Init)
    HAL_I2C_MspInit                          0x08000a31   Thumb Code    64  stm32f4xx_hal_msp.o(i.HAL_I2C_MspInit)
    HAL_I2SEx_FullDuplex_IRQHandler          0x08000a7d   Thumb Code   476  stm32f4xx_hal_i2s_ex.o(i.HAL_I2SEx_FullDuplex_IRQHandler)
    HAL_I2SEx_TxRxCpltCallback               0x08000c61   Thumb Code     2  stm32f4xx_hal_i2s_ex.o(i.HAL_I2SEx_TxRxCpltCallback)
    HAL_I2S_ErrorCallback                    0x08000c63   Thumb Code     2  stm32f4xx_hal_i2s.o(i.HAL_I2S_ErrorCallback)
    HAL_I2S_Init                             0x08000c65   Thumb Code   366  stm32f4xx_hal_i2s.o(i.HAL_I2S_Init)
    HAL_I2S_MspInit                          0x08000de5   Thumb Code    82  stm32f4xx_hal_msp.o(i.HAL_I2S_MspInit)
    HAL_I2S_RxCpltCallback                   0x08000e49   Thumb Code     2  stm32f4xx_hal_i2s.o(i.HAL_I2S_RxCpltCallback)
    HAL_I2S_TxCpltCallback                   0x08000e4b   Thumb Code     2  stm32f4xx_hal_i2s.o(i.HAL_I2S_TxCpltCallback)
    HAL_IncTick                              0x08000e4d   Thumb Code    12  stm32f4xx_hal.o(i.HAL_IncTick)
    HAL_Init                                 0x08000e5d   Thumb Code    48  stm32f4xx_hal.o(i.HAL_Init)
    HAL_InitTick                             0x08000e91   Thumb Code    54  stm32f4xx_hal.o(i.HAL_InitTick)
    HAL_MspInit                              0x08000ed1   Thumb Code   126  stm32f4xx_hal_msp.o(i.HAL_MspInit)
    HAL_NVIC_EnableIRQ                       0x08000f55   Thumb Code    22  stm32f4xx_hal_cortex.o(i.HAL_NVIC_EnableIRQ)
    HAL_NVIC_SetPriority                     0x08000f6d   Thumb Code    60  stm32f4xx_hal_cortex.o(i.HAL_NVIC_SetPriority)
    HAL_NVIC_SetPriorityGrouping             0x08000fad   Thumb Code    26  stm32f4xx_hal_cortex.o(i.HAL_NVIC_SetPriorityGrouping)
    HAL_PCDEx_SetRxFiFo                      0x08000fd1   Thumb Code     8  stm32f4xx_hal_pcd_ex.o(i.HAL_PCDEx_SetRxFiFo)
    HAL_PCDEx_SetTxFiFo                      0x08000fd9   Thumb Code    68  stm32f4xx_hal_pcd_ex.o(i.HAL_PCDEx_SetTxFiFo)
    HAL_PCD_ConnectCallback                  0x0800101d   Thumb Code     8  usbd_conf.o(i.HAL_PCD_ConnectCallback)
    HAL_PCD_DataInStageCallback              0x08001025   Thumb Code    18  usbd_conf.o(i.HAL_PCD_DataInStageCallback)
    HAL_PCD_DataOutStageCallback             0x08001037   Thumb Code    20  usbd_conf.o(i.HAL_PCD_DataOutStageCallback)
    HAL_PCD_DisconnectCallback               0x0800104b   Thumb Code     8  usbd_conf.o(i.HAL_PCD_DisconnectCallback)
    HAL_PCD_EP_Close                         0x08001053   Thumb Code    68  stm32f4xx_hal_pcd.o(i.HAL_PCD_EP_Close)
    HAL_PCD_EP_ClrStall                      0x08001097   Thumb Code    80  stm32f4xx_hal_pcd.o(i.HAL_PCD_EP_ClrStall)
    HAL_PCD_EP_GetRxCount                    0x080010e7   Thumb Code    20  stm32f4xx_hal_pcd.o(i.HAL_PCD_EP_GetRxCount)
    HAL_PCD_EP_Open                          0x080010fb   Thumb Code    84  stm32f4xx_hal_pcd.o(i.HAL_PCD_EP_Open)
    HAL_PCD_EP_Receive                       0x0800114f   Thumb Code    72  stm32f4xx_hal_pcd.o(i.HAL_PCD_EP_Receive)
    HAL_PCD_EP_SetStall                      0x08001197   Thumb Code    96  stm32f4xx_hal_pcd.o(i.HAL_PCD_EP_SetStall)
    HAL_PCD_EP_Transmit                      0x080011f7   Thumb Code    64  stm32f4xx_hal_pcd.o(i.HAL_PCD_EP_Transmit)
    HAL_PCD_IRQHandler                       0x08001239   Thumb Code  1196  stm32f4xx_hal_pcd.o(i.HAL_PCD_IRQHandler)
    HAL_PCD_ISOINIncompleteCallback          0x0800172d   Thumb Code     8  usbd_conf.o(i.HAL_PCD_ISOINIncompleteCallback)
    HAL_PCD_ISOOUTIncompleteCallback         0x08001735   Thumb Code     8  usbd_conf.o(i.HAL_PCD_ISOOUTIncompleteCallback)
    HAL_PCD_Init                             0x0800173d   Thumb Code   190  stm32f4xx_hal_pcd.o(i.HAL_PCD_Init)
    HAL_PCD_MspInit                          0x080017fd   Thumb Code   110  usbd_conf.o(i.HAL_PCD_MspInit)
    HAL_PCD_ResetCallback                    0x08001875   Thumb Code    32  usbd_conf.o(i.HAL_PCD_ResetCallback)
    HAL_PCD_ResumeCallback                   0x08001895   Thumb Code     8  usbd_conf.o(i.HAL_PCD_ResumeCallback)
    HAL_PCD_SOFCallback                      0x0800189d   Thumb Code     8  usbd_conf.o(i.HAL_PCD_SOFCallback)
    HAL_PCD_SetAddress                       0x080018a5   Thumb Code    36  stm32f4xx_hal_pcd.o(i.HAL_PCD_SetAddress)
    HAL_PCD_SetupStageCallback               0x080018c9   Thumb Code    14  usbd_conf.o(i.HAL_PCD_SetupStageCallback)
    HAL_PCD_Start                            0x080018d7   Thumb Code    42  stm32f4xx_hal_pcd.o(i.HAL_PCD_Start)
    HAL_PCD_SuspendCallback                  0x08001901   Thumb Code    44  usbd_conf.o(i.HAL_PCD_SuspendCallback)
    HAL_RCCEx_GetPeriphCLKFreq               0x08001931   Thumb Code    76  stm32f4xx_hal_rcc_ex.o(i.HAL_RCCEx_GetPeriphCLKFreq)
    HAL_RCCEx_PeriphCLKConfig                0x0800198d   Thumb Code   296  stm32f4xx_hal_rcc_ex.o(i.HAL_RCCEx_PeriphCLKConfig)
    HAL_RCC_ClockConfig                      0x08001ac9   Thumb Code   286  stm32f4xx_hal_rcc.o(i.HAL_RCC_ClockConfig)
    HAL_RCC_GetHCLKFreq                      0x08001bf9   Thumb Code     6  stm32f4xx_hal_rcc.o(i.HAL_RCC_GetHCLKFreq)
    HAL_RCC_GetPCLK1Freq                     0x08001c05   Thumb Code    20  stm32f4xx_hal_rcc.o(i.HAL_RCC_GetPCLK1Freq)
    HAL_RCC_GetPCLK2Freq                     0x08001c25   Thumb Code    20  stm32f4xx_hal_rcc.o(i.HAL_RCC_GetPCLK2Freq)
    HAL_RCC_GetSysClockFreq                  0x08001c45   Thumb Code    88  stm32f4xx_hal_rcc.o(i.HAL_RCC_GetSysClockFreq)
    HAL_RCC_OscConfig                        0x08001ca5   Thumb Code   770  stm32f4xx_hal_rcc.o(i.HAL_RCC_OscConfig)
    HAL_SPI_Init                             0x08001fc1   Thumb Code   128  stm32f4xx_hal_spi.o(i.HAL_SPI_Init)
    HAL_SPI_MspInit                          0x08002041   Thumb Code    60  stm32f4xx_hal_msp.o(i.HAL_SPI_MspInit)
    HAL_SYSTICK_CLKSourceConfig              0x08002089   Thumb Code    24  stm32f4xx_hal_cortex.o(i.HAL_SYSTICK_CLKSourceConfig)
    HAL_SYSTICK_Callback                     0x080020a1   Thumb Code     2  stm32f4xx_hal_cortex.o(i.HAL_SYSTICK_Callback)
    HAL_SYSTICK_Config                       0x080020a3   Thumb Code    40  stm32f4xx_hal_cortex.o(i.HAL_SYSTICK_Config)
    HAL_SYSTICK_IRQHandler                   0x080020cb   Thumb Code     8  stm32f4xx_hal_cortex.o(i.HAL_SYSTICK_IRQHandler)
    HAL_UART_ErrorCallback                   0x080020d3   Thumb Code     2  stm32f4xx_hal_uart.o(i.HAL_UART_ErrorCallback)
    HAL_UART_IRQHandler                      0x080020d5   Thumb Code   266  stm32f4xx_hal_uart.o(i.HAL_UART_IRQHandler)
    HAL_UART_Init                            0x080021e5   Thumb Code    98  stm32f4xx_hal_uart.o(i.HAL_UART_Init)
    HAL_UART_MspInit                         0x08002249   Thumb Code   136  stm32f4xx_hal_msp.o(i.HAL_UART_MspInit)
    HAL_UART_RxCpltCallback                  0x08002305   Thumb Code     2  stm32f4xx_hal_uart.o(i.HAL_UART_RxCpltCallback)
    HAL_UART_TxCpltCallback                  0x08002307   Thumb Code     2  stm32f4xx_hal_uart.o(i.HAL_UART_TxCpltCallback)
    MX_USB_DEVICE_Init                       0x0800275d   Thumb Code    38  usb_device.o(i.MX_USB_DEVICE_Init)
    OTG_FS_IRQHandler                        0x080027b5   Thumb Code     6  stm32f4xx_it.o(i.OTG_FS_IRQHandler)
    SysTick_Handler                          0x08002849   Thumb Code    14  stm32f4xx_it.o(i.SysTick_Handler)
    SystemClock_Config                       0x08002859   Thumb Code   170  main.o(i.SystemClock_Config)
    SystemInit                               0x0800290d   Thumb Code    66  system_stm32f4xx.o(i.SystemInit)
    USART2_IRQHandler                        0x08002d29   Thumb Code     6  stm32f4xx_it.o(i.USART2_IRQHandler)
    USBD_CDC_GetDeviceQualifierDescriptor    0x08002dd9   Thumb Code     8  usbd_cdc.o(i.USBD_CDC_GetDeviceQualifierDescriptor)
    USBD_CDC_ReceivePacket                   0x08002e91   Thumb Code    40  usbd_cdc.o(i.USBD_CDC_ReceivePacket)
    USBD_CDC_RegisterInterface               0x08002eb9   Thumb Code    16  usbd_cdc.o(i.USBD_CDC_RegisterInterface)
    USBD_CDC_SetRxBuffer                     0x08002ec9   Thumb Code    12  usbd_cdc.o(i.USBD_CDC_SetRxBuffer)
    USBD_CDC_SetTxBuffer                     0x08002ed5   Thumb Code    16  usbd_cdc.o(i.USBD_CDC_SetTxBuffer)
    USBD_CDC_TransmitPacket                  0x08002f55   Thumb Code    48  usbd_cdc.o(i.USBD_CDC_TransmitPacket)
    USBD_ClrClassConfig                      0x08002f85   Thumb Code    14  usbd_core.o(i.USBD_ClrClassConfig)
    USBD_CtlContinueRx                       0x08002f93   Thumb Code    16  usbd_ioreq.o(i.USBD_CtlContinueRx)
    USBD_CtlContinueSendData                 0x08002fa3   Thumb Code    16  usbd_ioreq.o(i.USBD_CtlContinueSendData)
    USBD_CtlError                            0x08002fb3   Thumb Code    22  usbd_ctlreq.o(i.USBD_CtlError)
    USBD_CtlPrepareRx                        0x08002fc9   Thumb Code    30  usbd_ioreq.o(i.USBD_CtlPrepareRx)
    USBD_CtlReceiveStatus                    0x08002fe7   Thumb Code    22  usbd_ioreq.o(i.USBD_CtlReceiveStatus)
    USBD_CtlSendData                         0x08002ffd   Thumb Code    26  usbd_ioreq.o(i.USBD_CtlSendData)
    USBD_CtlSendStatus                       0x08003017   Thumb Code    22  usbd_ioreq.o(i.USBD_CtlSendStatus)
    USBD_FS_ConfigStrDescriptor              0x0800302d   Thumb Code    16  usbd_desc.o(i.USBD_FS_ConfigStrDescriptor)
    USBD_FS_DeviceDescriptor                 0x08003051   Thumb Code     8  usbd_desc.o(i.USBD_FS_DeviceDescriptor)
    USBD_FS_InterfaceStrDescriptor           0x0800305d   Thumb Code    16  usbd_desc.o(i.USBD_FS_InterfaceStrDescriptor)
    USBD_FS_LangIDStrDescriptor              0x08003085   Thumb Code     8  usbd_desc.o(i.USBD_FS_LangIDStrDescriptor)
    USBD_FS_ManufacturerStrDescriptor        0x08003091   Thumb Code    16  usbd_desc.o(i.USBD_FS_ManufacturerStrDescriptor)
    USBD_FS_ProductStrDescriptor             0x080030b9   Thumb Code    16  usbd_desc.o(i.USBD_FS_ProductStrDescriptor)
    USBD_FS_SerialStrDescriptor              0x080030d9   Thumb Code    16  usbd_desc.o(i.USBD_FS_SerialStrDescriptor)
    USBD_GetString                           0x080031f9   Thumb Code    70  usbd_ctlreq.o(i.USBD_GetString)
    USBD_Init                                0x0800323f   Thumb Code    42  usbd_core.o(i.USBD_Init)
    USBD_LL_ClearStallEP                     0x08003269   Thumb Code    32  usbd_conf.o(i.USBD_LL_ClearStallEP)
    USBD_LL_CloseEP                          0x08003289   Thumb Code    32  usbd_conf.o(i.USBD_LL_CloseEP)
    USBD_LL_DataInStage                      0x080032a9   Thumb Code   170  usbd_core.o(i.USBD_LL_DataInStage)
    USBD_LL_DataOutStage                     0x08003353   Thumb Code   106  usbd_core.o(i.USBD_LL_DataOutStage)
    USBD_LL_DevConnected                     0x080033bd   Thumb Code     4  usbd_core.o(i.USBD_LL_DevConnected)
    USBD_LL_DevDisconnected                  0x080033c1   Thumb Code    22  usbd_core.o(i.USBD_LL_DevDisconnected)
    USBD_LL_GetRxDataSize                    0x080033d7   Thumb Code     8  usbd_conf.o(i.USBD_LL_GetRxDataSize)
    USBD_LL_Init                             0x080033e1   Thumb Code   100  usbd_conf.o(i.USBD_LL_Init)
    USBD_LL_IsStallEP                        0x08003465   Thumb Code    32  usbd_conf.o(i.USBD_LL_IsStallEP)
    USBD_LL_IsoINIncomplete                  0x08003485   Thumb Code     4  usbd_core.o(i.USBD_LL_IsoINIncomplete)
    USBD_LL_IsoOUTIncomplete                 0x08003489   Thumb Code     4  usbd_core.o(i.USBD_LL_IsoOUTIncomplete)
    USBD_LL_OpenEP                           0x0800348d   Thumb Code    38  usbd_conf.o(i.USBD_LL_OpenEP)
    USBD_LL_PrepareReceive                   0x080034b3   Thumb Code    32  usbd_conf.o(i.USBD_LL_PrepareReceive)
    USBD_LL_Reset                            0x080034d3   Thumb Code    62  usbd_core.o(i.USBD_LL_Reset)
    USBD_LL_Resume                           0x08003511   Thumb Code    12  usbd_core.o(i.USBD_LL_Resume)
    USBD_LL_SOF                              0x0800351d   Thumb Code    24  usbd_core.o(i.USBD_LL_SOF)
    USBD_LL_SetSpeed                         0x08003535   Thumb Code     6  usbd_core.o(i.USBD_LL_SetSpeed)
    USBD_LL_SetUSBAddress                    0x0800353b   Thumb Code    32  usbd_conf.o(i.USBD_LL_SetUSBAddress)
    USBD_LL_SetupStage                       0x0800355b   Thumb Code    90  usbd_core.o(i.USBD_LL_SetupStage)
    USBD_LL_StallEP                          0x080035b5   Thumb Code    32  usbd_conf.o(i.USBD_LL_StallEP)
    USBD_LL_Start                            0x080035d5   Thumb Code    32  usbd_conf.o(i.USBD_LL_Start)
    USBD_LL_Suspend                          0x080035f5   Thumb Code    18  usbd_core.o(i.USBD_LL_Suspend)
    USBD_LL_Transmit                         0x08003607   Thumb Code    32  usbd_conf.o(i.USBD_LL_Transmit)
    USBD_ParseSetupRequest                   0x08003627   Thumb Code    40  usbd_ctlreq.o(i.USBD_ParseSetupRequest)
    USBD_RegisterClass                       0x0800364f   Thumb Code    16  usbd_core.o(i.USBD_RegisterClass)
    USBD_SetClassConfig                      0x0800365f   Thumb Code    22  usbd_core.o(i.USBD_SetClassConfig)
    USBD_Start                               0x080036e9   Thumb Code    10  usbd_core.o(i.USBD_Start)
    USBD_StdDevReq                           0x080036f3   Thumb Code   270  usbd_ctlreq.o(i.USBD_StdDevReq)
    USBD_StdEPReq                            0x08003801   Thumb Code   220  usbd_ctlreq.o(i.USBD_StdEPReq)
    USBD_StdItfReq                           0x080038dd   Thumb Code    68  usbd_ctlreq.o(i.USBD_StdItfReq)
    USBD_WinUSBOSFeatureDescriptor           0x0800396d   Thumb Code     8  usbd_desc.o(i.USBD_WinUSBOSFeatureDescriptor)
    USBD_WinUSBOSPropertyDescriptor          0x08003979   Thumb Code     8  usbd_desc.o(i.USBD_WinUSBOSPropertyDescriptor)
    USBD_WinUSBOSStrDescriptor               0x08003985   Thumb Code    16  usbd_desc.o(i.USBD_WinUSBOSStrDescriptor)
    USB_ActivateEndpoint                     0x0800399d   Thumb Code   122  stm32f4xx_ll_usb.o(i.USB_ActivateEndpoint)
    USB_ActivateSetup                        0x08003a1d   Thumb Code    52  stm32f4xx_ll_usb.o(i.USB_ActivateSetup)
    USB_CoreInit                             0x08003a51   Thumb Code   104  stm32f4xx_ll_usb.o(i.USB_CoreInit)
    USB_DeactivateEndpoint                   0x08003af5   Thumb Code   196  stm32f4xx_ll_usb.o(i.USB_DeactivateEndpoint)
    USB_DevConnect                           0x08003bbd   Thumb Code    24  stm32f4xx_ll_usb.o(i.USB_DevConnect)
    USB_DevDisconnect                        0x08003bd5   Thumb Code    24  stm32f4xx_ll_usb.o(i.USB_DevDisconnect)
    USB_DevInit                              0x08003bed   Thumb Code   302  stm32f4xx_ll_usb.o(i.USB_DevInit)
    USB_DisableGlobalInt                     0x08003d2d   Thumb Code    12  stm32f4xx_ll_usb.o(i.USB_DisableGlobalInt)
    USB_EP0StartXfer                         0x08003d39   Thumb Code   316  stm32f4xx_ll_usb.o(i.USB_EP0StartXfer)
    USB_EP0_OutStart                         0x08003e79   Thumb Code    62  stm32f4xx_ll_usb.o(i.USB_EP0_OutStart)
    USB_EPClearStall                         0x08003eb7   Thumb Code   100  stm32f4xx_ll_usb.o(i.USB_EPClearStall)
    USB_EPSetStall                           0x08003f1b   Thumb Code    94  stm32f4xx_ll_usb.o(i.USB_EPSetStall)
    USB_EPStartXfer                          0x08003f79   Thumb Code   534  stm32f4xx_ll_usb.o(i.USB_EPStartXfer)
    USB_EnableGlobalInt                      0x08004195   Thumb Code    12  stm32f4xx_ll_usb.o(i.USB_EnableGlobalInt)
    USB_FlushRxFifo                          0x080041a1   Thumb Code    28  stm32f4xx_ll_usb.o(i.USB_FlushRxFifo)
    USB_FlushTxFifo                          0x080041c1   Thumb Code    32  stm32f4xx_ll_usb.o(i.USB_FlushTxFifo)
    USB_GetDevSpeed                          0x080041e5   Thumb Code    60  stm32f4xx_ll_usb.o(i.USB_GetDevSpeed)
    USB_GetMode                              0x08004221   Thumb Code     8  stm32f4xx_ll_usb.o(i.USB_GetMode)
    USB_ReadDevAllInEpInterrupt              0x08004229   Thumb Code    14  stm32f4xx_ll_usb.o(i.USB_ReadDevAllInEpInterrupt)
    USB_ReadDevAllOutEpInterrupt             0x08004237   Thumb Code    14  stm32f4xx_ll_usb.o(i.USB_ReadDevAllOutEpInterrupt)
    USB_ReadDevInEPInterrupt                 0x08004245   Thumb Code    30  stm32f4xx_ll_usb.o(i.USB_ReadDevInEPInterrupt)
    USB_ReadDevOutEPInterrupt                0x08004263   Thumb Code    16  stm32f4xx_ll_usb.o(i.USB_ReadDevOutEPInterrupt)
    USB_ReadInterrupts                       0x08004273   Thumb Code     8  stm32f4xx_ll_usb.o(i.USB_ReadInterrupts)
    USB_ReadPacket                           0x0800427b   Thumb Code    32  stm32f4xx_ll_usb.o(i.USB_ReadPacket)
    USB_SetCurrentMode                       0x0800429b   Thumb Code    44  stm32f4xx_ll_usb.o(i.USB_SetCurrentMode)
    USB_SetDevAddress                        0x080042c7   Thumb Code    34  stm32f4xx_ll_usb.o(i.USB_SetDevAddress)
    USB_WritePacket                          0x080042e9   Thumb Code    40  stm32f4xx_ll_usb.o(i.USB_WritePacket)
    _Error_Handler                           0x08004311   Thumb Code     2  main.o(i._Error_Handler)
    __scatterload_copy                       0x08004313   Thumb Code    14  handlers.o(i.__scatterload_copy)
    __scatterload_null                       0x08004321   Thumb Code     2  handlers.o(i.__scatterload_null)
    __scatterload_zeroinit                   0x08004323   Thumb Code    14  handlers.o(i.__scatterload_zeroinit)
    free                                     0x08004331   Thumb Code    76  malloc.o(i.free)
    main                                     0x08004381   Thumb Code   134  main.o(i.main)
    malloc                                   0x08004419   Thumb Code    92  malloc.o(i.malloc)
    USBD_OS_STRING                           0x08004484   Data           8  usbd_desc.o(.constdata)
    AHBPrescTable                            0x08004494   Data          16  system_stm32f4xx.o(.constdata)
    APBPrescTable                            0x080044a4   Data           8  system_stm32f4xx.o(.constdata)
    Region$$Table$$Base                      0x080044ac   Number         0  anon$$obj.o(Region$$Table)
    Region$$Table$$Limit                     0x080044cc   Number         0  anon$$obj.o(Region$$Table)
    data_out_flag                            0x20000000   Data           1  main.o(.data)
    data_received                            0x20000004   Data           4  main.o(.data)
    data_sent                                0x20000008   Data           4  main.o(.data)
    FS_Desc                                  0x2000000c   Data          36  usbd_desc.o(.data)
    USBD_LangIDDesc                          0x20000030   Data           4  usbd_desc.o(.data)
    USBD_FS_DeviceDesc                       0x20000034   Data          18  usbd_desc.o(.data)
    USBD_WINUSB_OSFeatureDesc                0x20000048   Data          40  usbd_desc.o(.data)
    USBD_WINUSB_OSPropertyDesc               0x20000070   Data         142  usbd_desc.o(.data)
    USBD_Interface_fops_FS                   0x20000100   Data          16  usbd_cdc_if.o(.data)
    uwTickFreq                               0x20000110   Data           1  stm32f4xx_hal.o(.data)
    uwTickPrio                               0x20000114   Data           4  stm32f4xx_hal.o(.data)
    uwTick                                   0x20000118   Data           4  stm32f4xx_hal.o(.data)
    SystemCoreClock                          0x2000011c   Data           4  system_stm32f4xx.o(.data)
    USBD_CDC_CfgHSDesc                       0x20000134   Data          32  usbd_cdc.o(.data)
    USBD_CDC_CfgFSDesc                       0x20000154   Data          32  usbd_cdc.o(.data)
    USBD_CDC                                 0x20000174   Data          60  usbd_cdc.o(.data)
    __microlib_freelist                      0x200001b0   Data           4  mvars.o(.data)
    __microlib_freelist_initialised          0x200001b4   Data           4  mvars.o(.data)
    hi2c1                                    0x200001b8   Data          84  main.o(.bss)
    hi2s3                                    0x2000020c   Data          72  main.o(.bss)
    hspi1                                    0x20000254   Data          88  main.o(.bss)
    huart2                                   0x200002ac   Data          64  main.o(.bss)
    RxData                                   0x200002ec   Data         128  main.o(.bss)
    TxData                                   0x2000036c   Data         128  main.o(.bss)
    hdma_usart2_rx                           0x200003ec   Data          96  main.o(.bss)
    hUsbDeviceFS                             0x2000044c   Data         548  usb_device.o(.bss)
    hpcd_USB_OTG_FS                          0x20000670   Data        1008  usbd_conf.o(.bss)
    USBD_StrDesc                             0x20000a60   Data         512  usbd_desc.o(.bss)
    UserRxBufferFS                           0x20000c60   Data        2048  usbd_cdc_if.o(.bss)
    UserTxBufferFS                           0x20001460   Data        2048  usbd_cdc_if.o(.bss)
    __heap_base                              0x20001c60   Data           0  startup_stm32f407xx.o(HEAP)
    __heap_limit                             0x20003c60   Data           0  startup_stm32f407xx.o(HEAP)
    __initial_sp                             0x20007c60   Data           0  startup_stm32f407xx.o(STACK)



==============================================================================

Memory Map of the image

  Image Entry point : 0x08000189

  Load Region LR_IROM1 (Base: 0x08000000, Size: 0x00004684, Max: 0x00100000, ABSOLUTE, COMPRESSED[0x000045dc])

    Execution Region ER_IROM1 (Exec base: 0x08000000, Load base: 0x08000000, Size: 0x000044cc, Max: 0x00100000, ABSOLUTE)

    Exec Addr    Load Addr    Size         Type   Attr      Idx    E Section Name        Object

    0x08000000   0x08000000   0x00000188   Data   RO            3    RESET               startup_stm32f407xx.o
    0x08000188   0x08000188   0x00000000   Code   RO         4057  * .ARM.Collect$$$$00000000  mc_w.l(entry.o)
    0x08000188   0x08000188   0x00000004   Code   RO         4098    .ARM.Collect$$$$00000001  mc_w.l(entry2.o)
    0x0800018c   0x0800018c   0x00000004   Code   RO         4101    .ARM.Collect$$$$00000004  mc_w.l(entry5.o)
    0x08000190   0x08000190   0x00000000   Code   RO         4103    .ARM.Collect$$$$00000008  mc_w.l(entry7b.o)
    0x08000190   0x08000190   0x00000000   Code   RO         4105    .ARM.Collect$$$$0000000A  mc_w.l(entry8b.o)
    0x08000190   0x08000190   0x00000008   Code   RO         4106    .ARM.Collect$$$$0000000B  mc_w.l(entry9a.o)
    0x08000198   0x08000198   0x00000000   Code   RO         4108    .ARM.Collect$$$$0000000D  mc_w.l(entry10a.o)
    0x08000198   0x08000198   0x00000000   Code   RO         4110    .ARM.Collect$$$$0000000F  mc_w.l(entry11a.o)
    0x08000198   0x08000198   0x00000004   Code   RO         4099    .ARM.Collect$$$$00002712  mc_w.l(entry2.o)
    0x0800019c   0x0800019c   0x00000024   Code   RO            4    .text               startup_stm32f407xx.o
    0x080001c0   0x080001c0   0x00000062   Code   RO         4060    .text               mc_w.l(uldiv.o)
    0x08000222   0x08000222   0x00000040   Code   RO         4064    .text               mc_w.l(memmovea.o)
    0x08000262   0x08000262   0x0000001e   Code   RO         4112    .text               mc_w.l(llshl.o)
    0x08000280   0x08000280   0x00000020   Code   RO         4114    .text               mc_w.l(llushr.o)
    0x080002a0   0x080002a0   0x00000024   Code   RO         4118    .text               mc_w.l(init.o)
    0x080002c4   0x080002c4   0x00000056   Code   RO         4128    .text               mc_w.l(__dczerorl2.o)
    0x0800031a   0x0800031a   0x00000004   Code   RO          659    i.CDC_Control_FS    usbd_cdc_if.o
    0x0800031e   0x0800031e   0x00000004   Code   RO          660    i.CDC_DeInit_FS     usbd_cdc_if.o
    0x08000322   0x08000322   0x00000002   PAD
    0x08000324   0x08000324   0x00000024   Code   RO          661    i.CDC_Init_FS       usbd_cdc_if.o
    0x08000348   0x08000348   0x00000064   Code   RO          662    i.CDC_Receive_FS    usbd_cdc_if.o
    0x080003ac   0x080003ac   0x0000002c   Code   RO          663    i.CDC_Transmit_FS   usbd_cdc_if.o
    0x080003d8   0x080003d8   0x00000018   Code   RO          664    i.CDC_is_busy       usbd_cdc_if.o
    0x080003f0   0x080003f0   0x0000000c   Code   RO          224    i.DMA1_Stream5_IRQHandler  stm32f4xx_it.o
    0x080003fc   0x080003fc   0x00000028   Code   RO         1704    i.DMA_CalcBaseAndBitshift  stm32f4xx_hal_dma.o
    0x08000424   0x08000424   0x00000054   Code   RO         1705    i.DMA_CheckFifoParam  stm32f4xx_hal_dma.o
    0x08000478   0x08000478   0x00000006   Code   RO          225    i.EXTI0_IRQHandler  stm32f4xx_it.o
    0x0800047e   0x0800047e   0x00000024   Code   RO         1708    i.HAL_DMA_Abort_IT  stm32f4xx_hal_dma.o
    0x080004a2   0x080004a2   0x00000002   PAD
    0x080004a4   0x080004a4   0x000001a0   Code   RO         1712    i.HAL_DMA_IRQHandler  stm32f4xx_hal_dma.o
    0x08000644   0x08000644   0x000000d4   Code   RO         1713    i.HAL_DMA_Init      stm32f4xx_hal_dma.o
    0x08000718   0x08000718   0x00000024   Code   RO         2126    i.HAL_Delay         stm32f4xx_hal.o
    0x0800073c   0x0800073c   0x00000002   Code   RO         1598    i.HAL_GPIO_EXTI_Callback  stm32f4xx_hal_gpio.o
    0x0800073e   0x0800073e   0x00000002   PAD
    0x08000740   0x08000740   0x00000018   Code   RO         1599    i.HAL_GPIO_EXTI_IRQHandler  stm32f4xx_hal_gpio.o
    0x08000758   0x08000758   0x000001b0   Code   RO         1600    i.HAL_GPIO_Init     stm32f4xx_hal_gpio.o
    0x08000908   0x08000908   0x00000008   Code   RO         1603    i.HAL_GPIO_TogglePin  stm32f4xx_hal_gpio.o
    0x08000910   0x08000910   0x0000000a   Code   RO         1604    i.HAL_GPIO_WritePin  stm32f4xx_hal_gpio.o
    0x0800091a   0x0800091a   0x00000002   PAD
    0x0800091c   0x0800091c   0x0000000c   Code   RO         2132    i.HAL_GetTick       stm32f4xx_hal.o
    0x08000928   0x08000928   0x00000108   Code   RO         2301    i.HAL_I2C_Init      stm32f4xx_hal_i2c.o
    0x08000a30   0x08000a30   0x0000004c   Code   RO          277    i.HAL_I2C_MspInit   stm32f4xx_hal_msp.o
    0x08000a7c   0x08000a7c   0x000001e4   Code   RO         2885    i.HAL_I2SEx_FullDuplex_IRQHandler  stm32f4xx_hal_i2s_ex.o
    0x08000c60   0x08000c60   0x00000002   Code   RO         2889    i.HAL_I2SEx_TxRxCpltCallback  stm32f4xx_hal_i2s_ex.o
    0x08000c62   0x08000c62   0x00000002   Code   RO         2710    i.HAL_I2S_ErrorCallback  stm32f4xx_hal_i2s.o
    0x08000c64   0x08000c64   0x00000180   Code   RO         2714    i.HAL_I2S_Init      stm32f4xx_hal_i2s.o
    0x08000de4   0x08000de4   0x00000064   Code   RO          279    i.HAL_I2S_MspInit   stm32f4xx_hal_msp.o
    0x08000e48   0x08000e48   0x00000002   Code   RO         2720    i.HAL_I2S_RxCpltCallback  stm32f4xx_hal_i2s.o
    0x08000e4a   0x08000e4a   0x00000002   Code   RO         2725    i.HAL_I2S_TxCpltCallback  stm32f4xx_hal_i2s.o
    0x08000e4c   0x08000e4c   0x00000010   Code   RO         2136    i.HAL_IncTick       stm32f4xx_hal.o
    0x08000e5c   0x08000e5c   0x00000034   Code   RO         2137    i.HAL_Init          stm32f4xx_hal.o
    0x08000e90   0x08000e90   0x00000040   Code   RO         2138    i.HAL_InitTick      stm32f4xx_hal.o
    0x08000ed0   0x08000ed0   0x00000084   Code   RO          280    i.HAL_MspInit       stm32f4xx_hal_msp.o
    0x08000f54   0x08000f54   0x00000016   Code   RO         1989    i.HAL_NVIC_EnableIRQ  stm32f4xx_hal_cortex.o
    0x08000f6a   0x08000f6a   0x00000002   PAD
    0x08000f6c   0x08000f6c   0x00000040   Code   RO         1995    i.HAL_NVIC_SetPriority  stm32f4xx_hal_cortex.o
    0x08000fac   0x08000fac   0x00000024   Code   RO         1996    i.HAL_NVIC_SetPriorityGrouping  stm32f4xx_hal_cortex.o
    0x08000fd0   0x08000fd0   0x00000008   Code   RO          932    i.HAL_PCDEx_SetRxFiFo  stm32f4xx_hal_pcd_ex.o
    0x08000fd8   0x08000fd8   0x00000044   Code   RO          933    i.HAL_PCDEx_SetTxFiFo  stm32f4xx_hal_pcd_ex.o
    0x0800101c   0x0800101c   0x00000008   Code   RO          383    i.HAL_PCD_ConnectCallback  usbd_conf.o
    0x08001024   0x08001024   0x00000012   Code   RO          384    i.HAL_PCD_DataInStageCallback  usbd_conf.o
    0x08001036   0x08001036   0x00000014   Code   RO          385    i.HAL_PCD_DataOutStageCallback  usbd_conf.o
    0x0800104a   0x0800104a   0x00000008   Code   RO          386    i.HAL_PCD_DisconnectCallback  usbd_conf.o
    0x08001052   0x08001052   0x00000044   Code   RO          726    i.HAL_PCD_EP_Close  stm32f4xx_hal_pcd.o
    0x08001096   0x08001096   0x00000050   Code   RO          727    i.HAL_PCD_EP_ClrStall  stm32f4xx_hal_pcd.o
    0x080010e6   0x080010e6   0x00000014   Code   RO          729    i.HAL_PCD_EP_GetRxCount  stm32f4xx_hal_pcd.o
    0x080010fa   0x080010fa   0x00000054   Code   RO          730    i.HAL_PCD_EP_Open   stm32f4xx_hal_pcd.o
    0x0800114e   0x0800114e   0x00000048   Code   RO          731    i.HAL_PCD_EP_Receive  stm32f4xx_hal_pcd.o
    0x08001196   0x08001196   0x00000060   Code   RO          732    i.HAL_PCD_EP_SetStall  stm32f4xx_hal_pcd.o
    0x080011f6   0x080011f6   0x00000040   Code   RO          733    i.HAL_PCD_EP_Transmit  stm32f4xx_hal_pcd.o
    0x08001236   0x08001236   0x00000002   PAD
    0x08001238   0x08001238   0x000004f4   Code   RO          735    i.HAL_PCD_IRQHandler  stm32f4xx_hal_pcd.o
    0x0800172c   0x0800172c   0x00000008   Code   RO          387    i.HAL_PCD_ISOINIncompleteCallback  usbd_conf.o
    0x08001734   0x08001734   0x00000008   Code   RO          388    i.HAL_PCD_ISOOUTIncompleteCallback  usbd_conf.o
    0x0800173c   0x0800173c   0x000000be   Code   RO          738    i.HAL_PCD_Init      stm32f4xx_hal_pcd.o
    0x080017fa   0x080017fa   0x00000002   PAD
    0x080017fc   0x080017fc   0x00000078   Code   RO          390    i.HAL_PCD_MspInit   usbd_conf.o
    0x08001874   0x08001874   0x00000020   Code   RO          391    i.HAL_PCD_ResetCallback  usbd_conf.o
    0x08001894   0x08001894   0x00000008   Code   RO          392    i.HAL_PCD_ResumeCallback  usbd_conf.o
    0x0800189c   0x0800189c   0x00000008   Code   RO          393    i.HAL_PCD_SOFCallback  usbd_conf.o
    0x080018a4   0x080018a4   0x00000024   Code   RO          744    i.HAL_PCD_SetAddress  stm32f4xx_hal_pcd.o
    0x080018c8   0x080018c8   0x0000000e   Code   RO          394    i.HAL_PCD_SetupStageCallback  usbd_conf.o
    0x080018d6   0x080018d6   0x0000002a   Code   RO          746    i.HAL_PCD_Start     stm32f4xx_hal_pcd.o
    0x08001900   0x08001900   0x00000030   Code   RO          395    i.HAL_PCD_SuspendCallback  usbd_conf.o
    0x08001930   0x08001930   0x0000005c   Code   RO         1350    i.HAL_RCCEx_GetPeriphCLKFreq  stm32f4xx_hal_rcc_ex.o
    0x0800198c   0x0800198c   0x0000013c   Code   RO         1351    i.HAL_RCCEx_PeriphCLKConfig  stm32f4xx_hal_rcc_ex.o
    0x08001ac8   0x08001ac8   0x00000130   Code   RO         1246    i.HAL_RCC_ClockConfig  stm32f4xx_hal_rcc.o
    0x08001bf8   0x08001bf8   0x0000000c   Code   RO         1251    i.HAL_RCC_GetHCLKFreq  stm32f4xx_hal_rcc.o
    0x08001c04   0x08001c04   0x00000020   Code   RO         1253    i.HAL_RCC_GetPCLK1Freq  stm32f4xx_hal_rcc.o
    0x08001c24   0x08001c24   0x00000020   Code   RO         1254    i.HAL_RCC_GetPCLK2Freq  stm32f4xx_hal_rcc.o
    0x08001c44   0x08001c44   0x00000060   Code   RO         1255    i.HAL_RCC_GetSysClockFreq  stm32f4xx_hal_rcc.o
    0x08001ca4   0x08001ca4   0x0000031c   Code   RO         1258    i.HAL_RCC_OscConfig  stm32f4xx_hal_rcc.o
    0x08001fc0   0x08001fc0   0x00000080   Code   RO         2980    i.HAL_SPI_Init      stm32f4xx_hal_spi.o
    0x08002040   0x08002040   0x00000048   Code   RO          282    i.HAL_SPI_MspInit   stm32f4xx_hal_msp.o
    0x08002088   0x08002088   0x00000018   Code   RO         1998    i.HAL_SYSTICK_CLKSourceConfig  stm32f4xx_hal_cortex.o
    0x080020a0   0x080020a0   0x00000002   Code   RO         1999    i.HAL_SYSTICK_Callback  stm32f4xx_hal_cortex.o
    0x080020a2   0x080020a2   0x00000028   Code   RO         2000    i.HAL_SYSTICK_Config  stm32f4xx_hal_cortex.o
    0x080020ca   0x080020ca   0x00000008   Code   RO         2001    i.HAL_SYSTICK_IRQHandler  stm32f4xx_hal_cortex.o
    0x080020d2   0x080020d2   0x00000002   Code   RO         3343    i.HAL_UART_ErrorCallback  stm32f4xx_hal_uart.o
    0x080020d4   0x080020d4   0x00000110   Code   RO         3346    i.HAL_UART_IRQHandler  stm32f4xx_hal_uart.o
    0x080021e4   0x080021e4   0x00000062   Code   RO         3347    i.HAL_UART_Init     stm32f4xx_hal_uart.o
    0x08002246   0x08002246   0x00000002   PAD
    0x08002248   0x08002248   0x000000bc   Code   RO          284    i.HAL_UART_MspInit  stm32f4xx_hal_msp.o
    0x08002304   0x08002304   0x00000002   Code   RO         3353    i.HAL_UART_RxCpltCallback  stm32f4xx_hal_uart.o
    0x08002306   0x08002306   0x00000002   Code   RO         3358    i.HAL_UART_TxCpltCallback  stm32f4xx_hal_uart.o
    0x08002308   0x08002308   0x00000088   Code   RO         2891    i.I2SEx_FullDuplexRx_IT  stm32f4xx_hal_i2s_ex.o
    0x08002390   0x08002390   0x00000084   Code   RO         2892    i.I2SEx_FullDuplexTx_IT  stm32f4xx_hal_i2s_ex.o
    0x08002414   0x08002414   0x000000f0   Code   RO         2732    i.I2S_IRQHandler    stm32f4xx_hal_i2s.o
    0x08002504   0x08002504   0x00000174   Code   RO           13    i.MX_GPIO_Init      main.o
    0x08002678   0x08002678   0x00000038   Code   RO           14    i.MX_I2C1_Init      main.o
    0x080026b0   0x080026b0   0x00000038   Code   RO           15    i.MX_I2S3_Init      main.o
    0x080026e8   0x080026e8   0x00000040   Code   RO           16    i.MX_SPI1_Init      main.o
    0x08002728   0x08002728   0x00000034   Code   RO           17    i.MX_USART2_UART_Init  main.o
    0x0800275c   0x0800275c   0x00000038   Code   RO          349    i.MX_USB_DEVICE_Init  usb_device.o
    0x08002794   0x08002794   0x00000020   Code   RO         2002    i.NVIC_SetPriority  stm32f4xx_hal_cortex.o
    0x080027b4   0x080027b4   0x0000000c   Code   RO          226    i.OTG_FS_IRQHandler  stm32f4xx_it.o
    0x080027c0   0x080027c0   0x00000088   Code   RO          749    i.PCD_WriteEmptyTxFifo  stm32f4xx_hal_pcd.o
    0x08002848   0x08002848   0x0000000e   Code   RO          227    i.SysTick_Handler   stm32f4xx_it.o
    0x08002856   0x08002856   0x00000002   PAD
    0x08002858   0x08002858   0x000000b4   Code   RO           18    i.SystemClock_Config  main.o
    0x0800290c   0x0800290c   0x00000054   Code   RO         3649    i.SystemInit        system_stm32f4xx.o
    0x08002960   0x08002960   0x00000010   Code   RO         3360    i.UART_DMAAbortOnError  stm32f4xx_hal_uart.o
    0x08002970   0x08002970   0x0000001c   Code   RO         3370    i.UART_EndRxTransfer  stm32f4xx_hal_uart.o
    0x0800298c   0x0800298c   0x0000008c   Code   RO         3372    i.UART_Receive_IT   stm32f4xx_hal_uart.o
    0x08002a18   0x08002a18   0x000002ac   Code   RO         3373    i.UART_SetConfig    stm32f4xx_hal_uart.o
    0x08002cc4   0x08002cc4   0x00000062   Code   RO         3374    i.UART_Transmit_IT  stm32f4xx_hal_uart.o
    0x08002d26   0x08002d26   0x00000002   PAD
    0x08002d28   0x08002d28   0x0000000c   Code   RO          228    i.USART2_IRQHandler  stm32f4xx_it.o
    0x08002d34   0x08002d34   0x00000014   Code   RO         3954    i.USBD_CDC_DataIn   usbd_cdc.o
    0x08002d48   0x08002d48   0x0000002e   Code   RO         3955    i.USBD_CDC_DataOut  usbd_cdc.o
    0x08002d76   0x08002d76   0x0000003c   Code   RO         3956    i.USBD_CDC_DeInit   usbd_cdc.o
    0x08002db2   0x08002db2   0x00000024   Code   RO         3957    i.USBD_CDC_EP0_RxReady  usbd_cdc.o
    0x08002dd6   0x08002dd6   0x00000002   PAD
    0x08002dd8   0x08002dd8   0x0000000c   Code   RO         3958    i.USBD_CDC_GetDeviceQualifierDescriptor  usbd_cdc.o
    0x08002de4   0x08002de4   0x0000000c   Code   RO         3959    i.USBD_CDC_GetFSCfgDesc  usbd_cdc.o
    0x08002df0   0x08002df0   0x0000000c   Code   RO         3960    i.USBD_CDC_GetHSCfgDesc  usbd_cdc.o
    0x08002dfc   0x08002dfc   0x0000000c   Code   RO         3961    i.USBD_CDC_GetOtherSpeedCfgDesc  usbd_cdc.o
    0x08002e08   0x08002e08   0x00000088   Code   RO         3962    i.USBD_CDC_Init     usbd_cdc.o
    0x08002e90   0x08002e90   0x00000028   Code   RO         3963    i.USBD_CDC_ReceivePacket  usbd_cdc.o
    0x08002eb8   0x08002eb8   0x00000010   Code   RO         3964    i.USBD_CDC_RegisterInterface  usbd_cdc.o
    0x08002ec8   0x08002ec8   0x0000000c   Code   RO         3965    i.USBD_CDC_SetRxBuffer  usbd_cdc.o
    0x08002ed4   0x08002ed4   0x00000010   Code   RO         3966    i.USBD_CDC_SetTxBuffer  usbd_cdc.o
    0x08002ee4   0x08002ee4   0x00000070   Code   RO         3967    i.USBD_CDC_Setup    usbd_cdc.o
    0x08002f54   0x08002f54   0x00000030   Code   RO         3968    i.USBD_CDC_TransmitPacket  usbd_cdc.o
    0x08002f84   0x08002f84   0x0000000e   Code   RO         3686    i.USBD_ClrClassConfig  usbd_core.o
    0x08002f92   0x08002f92   0x00000010   Code   RO         3894    i.USBD_CtlContinueRx  usbd_ioreq.o
    0x08002fa2   0x08002fa2   0x00000010   Code   RO         3895    i.USBD_CtlContinueSendData  usbd_ioreq.o
    0x08002fb2   0x08002fb2   0x00000016   Code   RO         3824    i.USBD_CtlError     usbd_ctlreq.o
    0x08002fc8   0x08002fc8   0x0000001e   Code   RO         3896    i.USBD_CtlPrepareRx  usbd_ioreq.o
    0x08002fe6   0x08002fe6   0x00000016   Code   RO         3897    i.USBD_CtlReceiveStatus  usbd_ioreq.o
    0x08002ffc   0x08002ffc   0x0000001a   Code   RO         3898    i.USBD_CtlSendData  usbd_ioreq.o
    0x08003016   0x08003016   0x00000016   Code   RO         3899    i.USBD_CtlSendStatus  usbd_ioreq.o
    0x0800302c   0x0800302c   0x00000024   Code   RO          572    i.USBD_FS_ConfigStrDescriptor  usbd_desc.o
    0x08003050   0x08003050   0x0000000c   Code   RO          573    i.USBD_FS_DeviceDescriptor  usbd_desc.o
    0x0800305c   0x0800305c   0x00000028   Code   RO          574    i.USBD_FS_InterfaceStrDescriptor  usbd_desc.o
    0x08003084   0x08003084   0x0000000c   Code   RO          575    i.USBD_FS_LangIDStrDescriptor  usbd_desc.o
    0x08003090   0x08003090   0x00000028   Code   RO          576    i.USBD_FS_ManufacturerStrDescriptor  usbd_desc.o
    0x080030b8   0x080030b8   0x00000020   Code   RO          577    i.USBD_FS_ProductStrDescriptor  usbd_desc.o
    0x080030d8   0x080030d8   0x00000024   Code   RO          578    i.USBD_FS_SerialStrDescriptor  usbd_desc.o
    0x080030fc   0x080030fc   0x000000fc   Code   RO         3825    i.USBD_GetDescriptor  usbd_ctlreq.o
    0x080031f8   0x080031f8   0x00000046   Code   RO         3826    i.USBD_GetString    usbd_ctlreq.o
    0x0800323e   0x0800323e   0x0000002a   Code   RO         3688    i.USBD_Init         usbd_core.o
    0x08003268   0x08003268   0x00000020   Code   RO          396    i.USBD_LL_ClearStallEP  usbd_conf.o
    0x08003288   0x08003288   0x00000020   Code   RO          397    i.USBD_LL_CloseEP   usbd_conf.o
    0x080032a8   0x080032a8   0x000000aa   Code   RO         3689    i.USBD_LL_DataInStage  usbd_core.o
    0x08003352   0x08003352   0x0000006a   Code   RO         3690    i.USBD_LL_DataOutStage  usbd_core.o
    0x080033bc   0x080033bc   0x00000004   Code   RO         3691    i.USBD_LL_DevConnected  usbd_core.o
    0x080033c0   0x080033c0   0x00000016   Code   RO         3692    i.USBD_LL_DevDisconnected  usbd_core.o
    0x080033d6   0x080033d6   0x00000008   Code   RO          401    i.USBD_LL_GetRxDataSize  usbd_conf.o
    0x080033de   0x080033de   0x00000002   PAD
    0x080033e0   0x080033e0   0x00000084   Code   RO          402    i.USBD_LL_Init      usbd_conf.o
    0x08003464   0x08003464   0x00000020   Code   RO          403    i.USBD_LL_IsStallEP  usbd_conf.o
    0x08003484   0x08003484   0x00000004   Code   RO         3693    i.USBD_LL_IsoINIncomplete  usbd_core.o
    0x08003488   0x08003488   0x00000004   Code   RO         3694    i.USBD_LL_IsoOUTIncomplete  usbd_core.o
    0x0800348c   0x0800348c   0x00000026   Code   RO          404    i.USBD_LL_OpenEP    usbd_conf.o
    0x080034b2   0x080034b2   0x00000020   Code   RO          405    i.USBD_LL_PrepareReceive  usbd_conf.o
    0x080034d2   0x080034d2   0x0000003e   Code   RO         3695    i.USBD_LL_Reset     usbd_core.o
    0x08003510   0x08003510   0x0000000c   Code   RO         3696    i.USBD_LL_Resume    usbd_core.o
    0x0800351c   0x0800351c   0x00000018   Code   RO         3697    i.USBD_LL_SOF       usbd_core.o
    0x08003534   0x08003534   0x00000006   Code   RO         3698    i.USBD_LL_SetSpeed  usbd_core.o
    0x0800353a   0x0800353a   0x00000020   Code   RO          406    i.USBD_LL_SetUSBAddress  usbd_conf.o
    0x0800355a   0x0800355a   0x0000005a   Code   RO         3699    i.USBD_LL_SetupStage  usbd_core.o
    0x080035b4   0x080035b4   0x00000020   Code   RO          407    i.USBD_LL_StallEP   usbd_conf.o
    0x080035d4   0x080035d4   0x00000020   Code   RO          408    i.USBD_LL_Start     usbd_conf.o
    0x080035f4   0x080035f4   0x00000012   Code   RO         3700    i.USBD_LL_Suspend   usbd_core.o
    0x08003606   0x08003606   0x00000020   Code   RO          410    i.USBD_LL_Transmit  usbd_conf.o
    0x08003626   0x08003626   0x00000028   Code   RO         3827    i.USBD_ParseSetupRequest  usbd_ctlreq.o
    0x0800364e   0x0800364e   0x00000010   Code   RO         3701    i.USBD_RegisterClass  usbd_core.o
    0x0800365e   0x0800365e   0x00000016   Code   RO         3703    i.USBD_SetClassConfig  usbd_core.o
    0x08003674   0x08003674   0x00000074   Code   RO         3828    i.USBD_SetConfig    usbd_ctlreq.o
    0x080036e8   0x080036e8   0x0000000a   Code   RO         3704    i.USBD_Start        usbd_core.o
    0x080036f2   0x080036f2   0x0000010e   Code   RO         3829    i.USBD_StdDevReq    usbd_ctlreq.o
    0x08003800   0x08003800   0x000000dc   Code   RO         3830    i.USBD_StdEPReq     usbd_ctlreq.o
    0x080038dc   0x080038dc   0x00000044   Code   RO         3831    i.USBD_StdItfReq    usbd_ctlreq.o
    0x08003920   0x08003920   0x0000004c   Code   RO         3832    i.USBD_WinUSBGetDescriptor  usbd_ctlreq.o
    0x0800396c   0x0800396c   0x0000000c   Code   RO          579    i.USBD_WinUSBOSFeatureDescriptor  usbd_desc.o
    0x08003978   0x08003978   0x0000000c   Code   RO          580    i.USBD_WinUSBOSPropertyDescriptor  usbd_desc.o
    0x08003984   0x08003984   0x00000018   Code   RO          581    i.USBD_WinUSBOSStrDescriptor  usbd_desc.o
    0x0800399c   0x0800399c   0x00000080   Code   RO          963    i.USB_ActivateEndpoint  stm32f4xx_ll_usb.o
    0x08003a1c   0x08003a1c   0x00000034   Code   RO          964    i.USB_ActivateSetup  stm32f4xx_ll_usb.o
    0x08003a50   0x08003a50   0x0000006c   Code   RO          966    i.USB_CoreInit      stm32f4xx_ll_usb.o
    0x08003abc   0x08003abc   0x00000038   Code   RO          967    i.USB_CoreReset     stm32f4xx_ll_usb.o
    0x08003af4   0x08003af4   0x000000c8   Code   RO          969    i.USB_DeactivateEndpoint  stm32f4xx_ll_usb.o
    0x08003bbc   0x08003bbc   0x00000018   Code   RO          970    i.USB_DevConnect    stm32f4xx_ll_usb.o
    0x08003bd4   0x08003bd4   0x00000018   Code   RO          971    i.USB_DevDisconnect  stm32f4xx_ll_usb.o
    0x08003bec   0x08003bec   0x00000140   Code   RO          972    i.USB_DevInit       stm32f4xx_ll_usb.o
    0x08003d2c   0x08003d2c   0x0000000c   Code   RO          973    i.USB_DisableGlobalInt  stm32f4xx_ll_usb.o
    0x08003d38   0x08003d38   0x00000140   Code   RO          976    i.USB_EP0StartXfer  stm32f4xx_ll_usb.o
    0x08003e78   0x08003e78   0x0000003e   Code   RO          977    i.USB_EP0_OutStart  stm32f4xx_ll_usb.o
    0x08003eb6   0x08003eb6   0x00000064   Code   RO          978    i.USB_EPClearStall  stm32f4xx_ll_usb.o
    0x08003f1a   0x08003f1a   0x0000005e   Code   RO          979    i.USB_EPSetStall    stm32f4xx_ll_usb.o
    0x08003f78   0x08003f78   0x0000021c   Code   RO          980    i.USB_EPStartXfer   stm32f4xx_ll_usb.o
    0x08004194   0x08004194   0x0000000c   Code   RO          981    i.USB_EnableGlobalInt  stm32f4xx_ll_usb.o
    0x080041a0   0x080041a0   0x00000020   Code   RO          982    i.USB_FlushRxFifo   stm32f4xx_ll_usb.o
    0x080041c0   0x080041c0   0x00000024   Code   RO          983    i.USB_FlushTxFifo   stm32f4xx_ll_usb.o
    0x080041e4   0x080041e4   0x0000003c   Code   RO          985    i.USB_GetDevSpeed   stm32f4xx_ll_usb.o
    0x08004220   0x08004220   0x00000008   Code   RO          987    i.USB_GetMode       stm32f4xx_ll_usb.o
    0x08004228   0x08004228   0x0000000e   Code   RO          994    i.USB_ReadDevAllInEpInterrupt  stm32f4xx_ll_usb.o
    0x08004236   0x08004236   0x0000000e   Code   RO          995    i.USB_ReadDevAllOutEpInterrupt  stm32f4xx_ll_usb.o
    0x08004244   0x08004244   0x0000001e   Code   RO          996    i.USB_ReadDevInEPInterrupt  stm32f4xx_ll_usb.o
    0x08004262   0x08004262   0x00000010   Code   RO          997    i.USB_ReadDevOutEPInterrupt  stm32f4xx_ll_usb.o
    0x08004272   0x08004272   0x00000008   Code   RO          998    i.USB_ReadInterrupts  stm32f4xx_ll_usb.o
    0x0800427a   0x0800427a   0x00000020   Code   RO          999    i.USB_ReadPacket    stm32f4xx_ll_usb.o
    0x0800429a   0x0800429a   0x0000002c   Code   RO         1001    i.USB_SetCurrentMode  stm32f4xx_ll_usb.o
    0x080042c6   0x080042c6   0x00000022   Code   RO         1002    i.USB_SetDevAddress  stm32f4xx_ll_usb.o
    0x080042e8   0x080042e8   0x00000028   Code   RO         1006    i.USB_WritePacket   stm32f4xx_ll_usb.o
    0x08004310   0x08004310   0x00000002   Code   RO           19    i._Error_Handler    main.o
    0x08004312   0x08004312   0x0000000e   Code   RO         4122    i.__scatterload_copy  mc_w.l(handlers.o)
    0x08004320   0x08004320   0x00000002   Code   RO         4123    i.__scatterload_null  mc_w.l(handlers.o)
    0x08004322   0x08004322   0x0000000e   Code   RO         4124    i.__scatterload_zeroinit  mc_w.l(handlers.o)
    0x08004330   0x08004330   0x00000050   Code   RO         4070    i.free              mc_w.l(malloc.o)
    0x08004380   0x08004380   0x00000098   Code   RO           20    i.main              main.o
    0x08004418   0x08004418   0x0000006c   Code   RO         4071    i.malloc            mc_w.l(malloc.o)
    0x08004484   0x08004484   0x00000008   Data   RO          583    .constdata          usbd_desc.o
    0x0800448c   0x0800448c   0x00000008   Data   RO         1719    .constdata          stm32f4xx_hal_dma.o
    0x08004494   0x08004494   0x00000010   Data   RO         3650    .constdata          system_stm32f4xx.o
    0x080044a4   0x080044a4   0x00000008   Data   RO         3651    .constdata          system_stm32f4xx.o
    0x080044ac   0x080044ac   0x00000020   Data   RO         4120    Region$$Table       anon$$obj.o


    Execution Region RW_IRAM2 (Exec base: 0x10000000, Load base: 0x080045dc, Size: 0x00000000, Max: 0x00010000, ABSOLUTE)

    **** No section assigned to this execution region ****


    Execution Region RW_IRAM1 (Exec base: 0x20000000, Load base: 0x080044cc, Size: 0x00007c60, Max: 0x00020000, ABSOLUTE, COMPRESSED[0x00000110])

    Exec Addr    Load Addr    Size         Type   Attr      Idx    E Section Name        Object

    0x20000000   COMPRESSED   0x0000000c   Data   RW           23    .data               main.o
    0x2000000c   COMPRESSED   0x00000024   Data   RW          584    .data               usbd_desc.o
    0x20000030   COMPRESSED   0x000000ce   Data   RW          585    .data               usbd_desc.o
    0x200000fe   COMPRESSED   0x00000002   PAD
    0x20000100   COMPRESSED   0x00000010   Data   RW          666    .data               usbd_cdc_if.o
    0x20000110   COMPRESSED   0x0000000c   Data   RW         2144    .data               stm32f4xx_hal.o
    0x2000011c   COMPRESSED   0x00000004   Data   RW         3652    .data               system_stm32f4xx.o
    0x20000120   COMPRESSED   0x00000001   Data   RW         3833    .data               usbd_ctlreq.o
    0x20000121   COMPRESSED   0x00000003   PAD
    0x20000124   COMPRESSED   0x00000050   Data   RW         3969    .data               usbd_cdc.o
    0x20000174   COMPRESSED   0x0000003c   Data   RW         3970    .data               usbd_cdc.o
    0x200001b0   COMPRESSED   0x00000004   Data   RW         4116    .data               mc_w.l(mvars.o)
    0x200001b4   COMPRESSED   0x00000004   Data   RW         4117    .data               mc_w.l(mvars.o)
    0x200001b8        -       0x00000234   Zero   RW           21    .bss                main.o
    0x200003ec        -       0x00000060   Zero   RW           22    .bss                main.o
    0x2000044c        -       0x00000224   Zero   RW          350    .bss                usb_device.o
    0x20000670        -       0x000003f0   Zero   RW          411    .bss                usbd_conf.o
    0x20000a60        -       0x00000200   Zero   RW          582    .bss                usbd_desc.o
    0x20000c60        -       0x00001000   Zero   RW          665    .bss                usbd_cdc_if.o
    0x20001c60        -       0x00002000   Zero   RW            2    HEAP                startup_stm32f407xx.o
    0x20003c60        -       0x00004000   Zero   RW            1    STACK               startup_stm32f407xx.o


==============================================================================

Image component sizes


      Code (inc. data)   RO Data    RW Data    ZI Data      Debug   Object Name

       934        108          0         12        660     689642   main.o
        36          8        392          0      24576        824   startup_stm32f407xx.o
       180         28          0         12          0       4505   stm32f4xx_hal.o
       228         14          0          0          0      32049   stm32f4xx_hal_cortex.o
       788         16          8          0          0       4675   stm32f4xx_hal_dma.o
       476         50          0          0          0       4153   stm32f4xx_hal_gpio.o
       264         10          0          0          0       2963   stm32f4xx_hal_i2c.o
       630         18          0          0          0       4129   stm32f4xx_hal_i2s.o
       754         26          0          0          0       3559   stm32f4xx_hal_i2s_ex.o
       568        100          0          0          0       3712   stm32f4xx_hal_msp.o
      2156         72          0          0          0      11209   stm32f4xx_hal_pcd.o
        76          0          0          0          0       1816   stm32f4xx_hal_pcd_ex.o
      1272         82          0          0          0       5560   stm32f4xx_hal_rcc.o
       408         36          0          0          0       2245   stm32f4xx_hal_rcc_ex.o
       128          0          0          0          0       1191   stm32f4xx_hal_spi.o
      1342         14          0          0          0       7327   stm32f4xx_hal_uart.o
        56         18          0          0          0       2335   stm32f4xx_it.o
      2420         56          0          0          0      20104   stm32f4xx_ll_usb.o
        84         18         24          4          0       1151   system_stm32f4xx.o
        56         18          0          0        548        736   usb_device.o
       590         22          0        140          0      12883   usbd_cdc.o
       212         42          0         16       4096       4125   usbd_cdc_if.o
       734         46          0          0       1008      14666   usbd_conf.o
       626          0          0          0          0      11830   usbd_core.o
      1134         14          0          1          0       8764   usbd_ctlreq.o
       256        128          8        242        512       7147   usbd_desc.o
       132          0          0          0          0       4436   usbd_ioreq.o

    ----------------------------------------------------------------------
     16564        944        464        432      31400     867736   Object Totals
         0          0         32          0          0          0   (incl. Generated)
        24          0          0          5          0          0   (incl. Padding)

    ----------------------------------------------------------------------

      Code (inc. data)   RO Data    RW Data    ZI Data      Debug   Library Member Name

        86          0          0          0          0          0   __dczerorl2.o
         0          0          0          0          0          0   entry.o
         0          0          0          0          0          0   entry10a.o
         0          0          0          0          0          0   entry11a.o
         8          4          0          0          0          0   entry2.o
         4          0          0          0          0          0   entry5.o
         0          0          0          0          0          0   entry7b.o
         0          0          0          0          0          0   entry8b.o
         8          4          0          0          0          0   entry9a.o
        30          0          0          0          0          0   handlers.o
        36          8          0          0          0         68   init.o
        30          0          0          0          0         68   llshl.o
        32          0          0          0          0         68   llushr.o
       188         20          0          0          0        160   malloc.o
        64          0          0          0          0         76   memmovea.o
         0          0          0          8          0          0   mvars.o
        98          0          0          0          0         92   uldiv.o

    ----------------------------------------------------------------------
       584         36          0          8          0        532   Library Totals
         0          0          0          0          0          0   (incl. Padding)

    ----------------------------------------------------------------------

      Code (inc. data)   RO Data    RW Data    ZI Data      Debug   Library Name

       584         36          0          8          0        532   mc_w.l

    ----------------------------------------------------------------------
       584         36          0          8          0        532   Library Totals

    ----------------------------------------------------------------------

==============================================================================


      Code (inc. data)   RO Data    RW Data    ZI Data      Debug   

     17148        980        464        440      31400     848944   Grand Totals
     17148        980        464        272      31400     848944   ELF Image Totals (compressed)
     17148        980        464        272          0          0   ROM Totals

==============================================================================

    Total RO  Size (Code + RO Data)                17612 (  17.20kB)
    Total RW  Size (RW Data + ZI Data)             31840 (  31.09kB)
    Total ROM Size (Code + RO Data + RW Data)      17884 (  17.46kB)

==============================================================================

